Archive member included to satisfy reference by file (symbol)

app/libapp.a(led.c.obj)       (--whole-archive)
app/libapp.a(main.c.obj)      (--whole-archive)
zephyr/libzephyr.a(cbprintf_packaged.c.obj)
                              (--whole-archive)
zephyr/libzephyr.a(dec.c.obj)
                              (--whole-archive)
zephyr/libzephyr.a(fdtable.c.obj)
                              (--whole-archive)
zephyr/libzephyr.a(hex.c.obj)
                              (--whole-archive)
zephyr/libzephyr.a(printk.c.obj)
                              (--whole-archive)
zephyr/libzephyr.a(rb.c.obj)  (--whole-archive)
zephyr/libzephyr.a(sem.c.obj)
                              (--whole-archive)
zephyr/libzephyr.a(thread_entry.c.obj)
                              (--whole-archive)
zephyr/libzephyr.a(timeutil.c.obj)
                              (--whole-archive)
zephyr/libzephyr.a(heap.c.obj)
                              (--whole-archive)
zephyr/libzephyr.a(heap-validate.c.obj)
                              (--whole-archive)
zephyr/libzephyr.a(bitarray.c.obj)
                              (--whole-archive)
zephyr/libzephyr.a(multi_heap.c.obj)
                              (--whole-archive)
zephyr/libzephyr.a(onoff.c.obj)
                              (--whole-archive)
zephyr/libzephyr.a(notify.c.obj)
                              (--whole-archive)
zephyr/libzephyr.a(cbprintf_complete.c.obj)
                              (--whole-archive)
zephyr/libzephyr.a(assert.c.obj)
                              (--whole-archive)
zephyr/libzephyr.a(mpsc_pbuf.c.obj)
                              (--whole-archive)
zephyr/libzephyr.a(reboot.c.obj)
                              (--whole-archive)
zephyr/libzephyr.a(configs.c.obj)
                              (--whole-archive)
zephyr/libzephyr.a(soc_nrf_common.S.obj)
                              (--whole-archive)
zephyr/libzephyr.a(validate_base_addresses.c.obj)
                              (--whole-archive)
zephyr/libzephyr.a(validate_enabled_instances.c.obj)
                              (--whole-archive)
zephyr/libzephyr.a(log_core.c.obj)
                              (--whole-archive)
zephyr/libzephyr.a(log_mgmt.c.obj)
                              (--whole-archive)
zephyr/libzephyr.a(log_cache.c.obj)
                              (--whole-archive)
zephyr/libzephyr.a(log_msg.c.obj)
                              (--whole-archive)
zephyr/libzephyr.a(log_output.c.obj)
                              (--whole-archive)
zephyr/libzephyr.a(log_backend_rtt.c.obj)
                              (--whole-archive)
zephyr/libzephyr.a(log_backend_uart.c.obj)
                              (--whole-archive)
zephyr/libzephyr.a(tracing_none.c.obj)
                              (--whole-archive)
zephyr/libzephyr.a(nrf_cc3xx_platform_abort_zephyr.c.obj)
                              (--whole-archive)
zephyr/libzephyr.a(nrf_cc3xx_platform_mutex_zephyr.c.obj)
                              (--whole-archive)
zephyr/arch/common/libarch__common.a(sw_isr_common.c.obj)
                              (--whole-archive)
zephyr/arch/arch/arm/core/aarch32/libarch__arm__core__aarch32.a(cpu_idle.S.obj)
                              (--whole-archive)
zephyr/arch/arch/arm/core/aarch32/libarch__arm__core__aarch32.a(fatal.c.obj)
                              (--whole-archive)
zephyr/arch/arch/arm/core/aarch32/libarch__arm__core__aarch32.a(irq_manage.c.obj)
                              (--whole-archive)
zephyr/arch/arch/arm/core/aarch32/libarch__arm__core__aarch32.a(nmi.c.obj)
                              (--whole-archive)
zephyr/arch/arch/arm/core/aarch32/libarch__arm__core__aarch32.a(nmi_on_reset.S.obj)
                              (--whole-archive)
zephyr/arch/arch/arm/core/aarch32/libarch__arm__core__aarch32.a(prep_c.c.obj)
                              (--whole-archive)
zephyr/arch/arch/arm/core/aarch32/libarch__arm__core__aarch32.a(swap.c.obj)
                              (--whole-archive)
zephyr/arch/arch/arm/core/aarch32/libarch__arm__core__aarch32.a(swap_helper.S.obj)
                              (--whole-archive)
zephyr/arch/arch/arm/core/aarch32/libarch__arm__core__aarch32.a(thread.c.obj)
                              (--whole-archive)
zephyr/arch/arch/arm/core/aarch32/libarch__arm__core__aarch32.a(isr_wrapper.S.obj)
                              (--whole-archive)
zephyr/arch/arch/arm/core/aarch32/libarch__arm__core__aarch32.a(tls.c.obj)
                              (--whole-archive)
zephyr/arch/arch/arm/core/aarch32/cortex_m/libarch__arm__core__aarch32__cortex_m.a(exc_exit.S.obj)
                              (--whole-archive)
zephyr/arch/arch/arm/core/aarch32/cortex_m/libarch__arm__core__aarch32__cortex_m.a(fault.c.obj)
                              (--whole-archive)
zephyr/arch/arch/arm/core/aarch32/cortex_m/libarch__arm__core__aarch32__cortex_m.a(fault_s.S.obj)
                              (--whole-archive)
[...]
Memory Configuration

Name             Origin             Length             Attributes
FLASH            0x0000000000000000 0x0000000000100000 xr
RAM              0x0000000020000000 0x0000000000040000 xw
IDT_LIST         0x00000000fffff7ff 0x0000000000000800 xw
*default*        0x0000000000000000 0xffffffffffffffff

Linker script and memory map

                0x0000000000008bd0                vfprintf = __i_vfprintf
                0x0000000000000000                vfscanf = __i_vfscanf
LOAD zephyr/CMakeFiles/zephyr_final.dir/misc/empty_file.c.obj
LOAD zephyr/CMakeFiles/zephyr_final.dir/isr_tables.c.obj
LOAD zephyr/CMakeFiles/offsets.dir/./arch/arm/core/offsets/offsets.c.obj
LOAD app/libapp.a
LOAD zephyr/libzephyr.a
LOAD zephyr/arch/common/libarch__common.a
LOAD zephyr/arch/arch/arm/core/aarch32/libarch__arm__core__aarch32.a
LOAD zephyr/arch/arch/arm/core/aarch32/cortex_m/libarch__arm__core__aarch32__cortex_m.a
LOAD zephyr/arch/arch/arm/core/aarch32/mpu/libarch__arm__core__aarch32__mpu.a
LOAD zephyr/lib/libc/picolibc/liblib__libc__picolibc.a
LOAD zephyr/lib/libc/common/liblib__libc__common.a
LOAD zephyr/soc/soc/arm/common/cortex_m/libsoc__arm__common__cortex_m.a
LOAD zephyr/soc/soc/arm/nordic_nrf/nrf52/libsoc__arm__nordic_nrf__nrf52.a
LOAD zephyr/drivers/adc/libdrivers__adc.a
LOAD zephyr/drivers/clock_control/libdrivers__clock_control.a
LOAD zephyr/drivers/console/libdrivers__console.a
LOAD zephyr/drivers/gpio/libdrivers__gpio.a
LOAD zephyr/drivers/i2c/libdrivers__i2c.a
LOAD zephyr/drivers/kscan/libdrivers__kscan.a
LOAD zephyr/drivers/led/libdrivers__led.a
LOAD zephyr/drivers/pinctrl/libdrivers__pinctrl.a
LOAD zephyr/drivers/serial/libdrivers__serial.a
LOAD zephyr/drivers/spi/libdrivers__spi.a
LOAD zephyr/drivers/timer/libdrivers__timer.a
LOAD modules/nrf/lib/fatal_error/lib..__nrf__lib__fatal_error.a
LOAD modules/nrf/drivers/hw_cc310/lib..__nrf__drivers__hw_cc310.a
LOAD modules/hal_nordic/nrfx/libmodules__hal_nordic__nrfx.a
LOAD modules/segger/libmodules__segger.a
LOAD zephyr/kernel/libkernel.a
LOAD c:/ncs/toolchains/cf2149caf2/opt/zephyr-sdk/arm-zephyr-eabi/bin/../lib/gcc/arm-zephyr-eabi/12.2.0/thumb/v7e-m/nofp\libgcc.a
LOAD zephyr/arch/common/libisr_tables.a
LOAD C:/ncs/v2.5.0/nrfxlib/crypto/nrf_cc310_platform/lib/cortex-m4/soft-float/no-interrupts/libnrf_cc310_platform_0.9.18.a
LOAD c:\ncs\toolchains\cf2149caf2\opt\zephyr-sdk\arm-zephyr-eabi\bin\../lib/gcc/../../picolibc/arm-zephyr-eabi/lib/thumb/v7e-m/nofp\libc.a
LOAD c:/ncs/toolchains/cf2149caf2/opt/zephyr-sdk/arm-zephyr-eabi/bin/../lib/gcc/arm-zephyr-eabi/12.2.0/thumb/v7e-m/nofp\libgcc.a
                0x0000000000000020                _region_min_align = 0x20

.rel.plt        0x0000000000000000        0x0
 *(SORT_BY_ALIGNMENT(.rel.plt))
                [!provide]                        PROVIDE (__rel_iplt_start = .)
 *(SORT_BY_ALIGNMENT(.rel.iplt))
 .rel.iplt      0x0000000000000000        0x0 zephyr/CMakeFiles/zephyr_final.dir/isr_tables.c.obj
                [!provide]                        PROVIDE (__rel_iplt_end = .)

.rela.plt       0x0000000000000000        0x0
 *(SORT_BY_ALIGNMENT(.rela.plt))
                [!provide]                        PROVIDE (__rela_iplt_start = .)
 *(SORT_BY_ALIGNMENT(.rela.iplt))
                [!provide]                        PROVIDE (__rela_iplt_end = .)

.rel.dyn
 *(SORT_BY_ALIGNMENT(.rel.*))

.rela.dyn
 *(SORT_BY_ALIGNMENT(.rela.*))

/DISCARD/
 *(SORT_BY_ALIGNMENT(.plt))

/DISCARD/
 *(SORT_BY_ALIGNMENT(.iplt))
                0x0000000000000000                __rom_region_start = 0x0

rom_start       0x0000000000000000      0x100
                0x0000000000000000                __rom_start_address = .
                0x0000000000000000                . = (. + (0x0 - (. - __rom_start_address)))
                0x0000000000000000                . = ALIGN (0x4)
                0x0000000000000000                . = ALIGN (0x80)
                0x0000000000000000                . = ALIGN (0x100)
                0x0000000000000000                _vector_start = .
 *(SORT_BY_ALIGNMENT(.exc_vector_table))
 *(SORT_BY_ALIGNMENT(.exc_vector_table.*))
 .exc_vector_table._vector_table_section
                0x0000000000000000       0x40 zephyr/arch/arch/arm/core/aarch32/cortex_m/libarch__arm__core__aarch32__cortex_m.a(vector_table.S.obj)
                0x0000000000000000                _vector_table
 *(SORT_BY_ALIGNMENT(.vectors))
                0x0000000000000100                _vector_end = .
                0x0000000000000040                . = ALIGN (0x4)
 *(SORT_BY_ALIGNMENT(.gnu.linkonce.irq_vector_table*))
 .gnu.linkonce.irq_vector_table
                0x0000000000000040       0xc0 zephyr/CMakeFiles/zephyr_final.dir/isr_tables.c.obj
                0x0000000000000040                _irq_vector_table
                0x0000000000000100                _vector_end = .

text            0x0000000000000100     0xa968
                0x0000000000000100                __text_region_start = .
 *(SORT_BY_ALIGNMENT(.text))
 .text          0x0000000000000100       0x30 c:/ncs/toolchains/cf2149caf2/opt/zephyr-sdk/arm-zephyr-eabi/bin/../lib/gcc/arm-zephyr-eabi/12.2.0/thumb/v7e-m/nofp\libgcc.a(_aeabi_uldivmod.o)
                0x0000000000000100                __aeabi_uldivmod
 .text          0x0000000000000130        0x4 c:/ncs/toolchains/cf2149caf2/opt/zephyr-sdk/arm-zephyr-eabi/bin/../lib/gcc/arm-zephyr-eabi/12.2.0/thumb/v7e-m/nofp\libgcc.a(_dvmd_tls.o)
                0x0000000000000130                __aeabi_idiv0
                0x0000000000000130                __aeabi_ldiv0
 .text          0x0000000000000134      0x2a0 c:/ncs/toolchains/cf2149caf2/opt/zephyr-sdk/arm-zephyr-eabi/bin/../lib/gcc/arm-zephyr-eabi/12.2.0/thumb/v7e-m/nofp\libgcc.a(_udivmoddi4.o)
                0x0000000000000134                __udivmoddi4
 .text          0x00000000000003d4       0x10 c:\ncs\toolchains\cf2149caf2\opt\zephyr-sdk\arm-zephyr-eabi\bin\../lib/gcc/../../picolibc/arm-zephyr-eabi/lib/thumb/v7e-m/nofp\libc.a(strlen.S.o)
                0x00000000000003d4                strlen
 *(SORT_BY_ALIGNMENT(.text.*))
 .text.main     0x00000000000003e4      0x148 app/libapp.a(main.c.obj)
                0x00000000000003e4                main
 .text.cbvprintf_package
                0x000000000000052c      0x3a4 zephyr/libzephyr.a(cbprintf_packaged.c.obj)
                0x000000000000052c                cbvprintf_package
 .text.cbprintf_package_convert
                0x00000000000008d0      0x3b0 zephyr/libzephyr.a(cbprintf_packaged.c.obj)
                0x00000000000008d0                cbprintf_package_convert
 .text.__printk_hook_install
                0x0000000000000c80        0xc zephyr/libzephyr.a(printk.c.obj)
                0x0000000000000c80                __printk_hook_install
 .text.z_thread_entry
                0x0000000000000c8c       0x34 zephyr/libzephyr.a(thread_entry.c.obj)
                0x0000000000000c8c                z_thread_entry
 .text.process_event
                0x0000000000000cc0      0x21c zephyr/libzephyr.a(onoff.c.obj)
 .text.sys_reboot
                0x0000000000000edc       0x30 zephyr/libzephyr.a(reboot.c.obj)
                0x0000000000000edc                sys_reboot
 .text.z_arm_platform_init
                0x0000000000000f0c        0x4 zephyr/libzephyr.a(soc_nrf_common.S.obj)
                0x0000000000000f0c                z_arm_platform_init
 .text.activate_foreach_backend
                0x0000000000000f10       0x64 zephyr/libzephyr.a(log_core.c.obj)
 .text.enable_logger
                0x0000000000000f74       0x5c zephyr/libzephyr.a(log_core.c.obj)
 .text.log_process_thread_timer_expiry_fn
                0x0000000000000fd0        0xc zephyr/libzephyr.a(log_core.c.obj)
 .text.z_log_init
                0x0000000000000fdc       0x90 zephyr/libzephyr.a(log_core.c.obj)
 .text.log_format_func_t_get
                0x000000000000106c        0xc zephyr/libzephyr.a(log_core.c.obj)
                0x000000000000106c                log_format_func_t_get
 .text.log_set_timestamp_func
                0x0000000000001078       0x20 zephyr/libzephyr.a(log_core.c.obj)
                0x0000000000001078                log_set_timestamp_func
 .text.z_log_notify_backend_enabled
                0x0000000000001098       0x1c zephyr/libzephyr.a(log_core.c.obj)
                0x0000000000001098                z_log_notify_backend_enabled
 .text.z_log_dropped
                0x00000000000010b4       0x30 zephyr/libzephyr.a(log_core.c.obj)
                0x00000000000010b4                z_log_dropped
 .text.z_log_dropped_read_and_clear
                0x00000000000010e4       0x20 zephyr/libzephyr.a(log_core.c.obj)
                0x00000000000010e4                z_log_dropped_read_and_clear
 .text.dropped_notify
                0x0000000000001104       0x30 zephyr/libzephyr.a(log_core.c.obj)
                0x0000000000001104                dropped_notify
 .text.z_log_msg_init
                0x0000000000001134       0x20 zephyr/libzephyr.a(log_core.c.obj)
                0x0000000000001134                z_log_msg_init
 .text.log_core_init
                0x0000000000001154       0x34 zephyr/libzephyr.a(log_core.c.obj)
                0x0000000000001154                log_core_init
 .text.z_log_msg_alloc
                0x0000000000001188       0x10 zephyr/libzephyr.a(log_core.c.obj)
                0x0000000000001188                z_log_msg_alloc
 .text.z_log_msg_local_claim
                0x0000000000001198        0xc zephyr/libzephyr.a(log_core.c.obj)
                0x0000000000001198                z_log_msg_local_claim
 .text.z_log_msg_free
                0x00000000000011a4       0x10 zephyr/libzephyr.a(log_core.c.obj)
                0x00000000000011a4                z_log_msg_free
 .text.z_log_msg_pending
                0x00000000000011b4        0xc zephyr/libzephyr.a(log_core.c.obj)
                0x00000000000011b4                z_log_msg_pending
 .text.z_impl_log_process
                0x00000000000011c0       0xbc zephyr/libzephyr.a(log_core.c.obj)
                0x00000000000011c0                z_impl_log_process
 .text.z_impl_log_panic
                0x000000000000127c       0x44 zephyr/libzephyr.a(log_core.c.obj)
                0x000000000000127c                z_impl_log_panic
 .text.log_process_thread_func
                0x00000000000012c0       0xa4 zephyr/libzephyr.a(log_core.c.obj)
 .text.z_log_msg_post_finalize
                0x0000000000001364       0x78 zephyr/libzephyr.a(log_core.c.obj)
 .text.z_log_msg_commit
                0x00000000000013dc       0x24 zephyr/libzephyr.a(log_core.c.obj)
                0x00000000000013dc                z_log_msg_commit
 .text.log_source_name_get
                0x0000000000001400       0x1c zephyr/libzephyr.a(log_mgmt.c.obj)
                0x0000000000001400                log_source_name_get
 .text.log_backend_enable
                0x000000000000141c       0x28 zephyr/libzephyr.a(log_mgmt.c.obj)
                0x000000000000141c                log_backend_enable
 .text.z_impl_z_log_msg_static_create
                0x0000000000001444      0x108 zephyr/libzephyr.a(log_msg.c.obj)
                0x0000000000001444                z_impl_z_log_msg_static_create
 .text.z_impl_z_log_msg_runtime_vcreate
                0x000000000000154c       0x8c zephyr/libzephyr.a(log_msg.c.obj)
                0x000000000000154c                z_impl_z_log_msg_runtime_vcreate
 .text.print_formatted
                0x00000000000015d8       0x24 zephyr/libzephyr.a(log_output.c.obj)
 .text.newline_print
                0x00000000000015fc       0x1c zephyr/libzephyr.a(log_output.c.obj)
 .text.log_output_process
                0x0000000000001618      0x2a4 zephyr/libzephyr.a(log_output.c.obj)
                0x0000000000001618                log_output_process
 .text.log_output_msg_process
                0x00000000000018bc       0x70 zephyr/libzephyr.a(log_output.c.obj)
                0x00000000000018bc                log_output_msg_process
 .text.log_output_dropped_process
                0x000000000000192c       0x58 zephyr/libzephyr.a(log_output.c.obj)
                0x000000000000192c                log_output_dropped_process
 .text.log_output_timestamp_freq_set
                0x0000000000001984       0x2c zephyr/libzephyr.a(log_output.c.obj)
                0x0000000000001984                log_output_timestamp_freq_set
 .text.log_backend_rtt_init
                0x00000000000019b0        0xc zephyr/libzephyr.a(log_backend_rtt.c.obj)
 .text.format_set
                0x00000000000019bc        0xc zephyr/libzephyr.a(log_backend_rtt.c.obj)
 .text.panic    0x00000000000019c8       0x14 zephyr/libzephyr.a(log_backend_rtt.c.obj)
 .text.dropped  0x00000000000019dc        0xc zephyr/libzephyr.a(log_backend_rtt.c.obj)
 .text.process  0x00000000000019e8       0x24 zephyr/libzephyr.a(log_backend_rtt.c.obj)
 .text.on_failed_write
                0x0000000000001a0c       0x28 zephyr/libzephyr.a(log_backend_rtt.c.obj)
 .text.data_out_block_mode
                0x0000000000001a34       0x84 zephyr/libzephyr.a(log_backend_rtt.c.obj)
 .text.format_set
                0x0000000000001ab8        0xc zephyr/libzephyr.a(log_backend_uart.c.obj)
 .text.panic    0x0000000000001ac4       0x14 zephyr/libzephyr.a(log_backend_uart.c.obj)
 .text.dropped  0x0000000000001ad8        0xc zephyr/libzephyr.a(log_backend_uart.c.obj)
 .text.process  0x0000000000001ae4       0x24 zephyr/libzephyr.a(log_backend_uart.c.obj)
 .text.char_out
                0x0000000000001b08       0x24 zephyr/libzephyr.a(log_backend_uart.c.obj)
 .text.nrf_cc3xx_platform_abort_init
                0x0000000000001b2c        0xc zephyr/libzephyr.a(nrf_cc3xx_platform_abort_zephyr.c.obj)
                0x0000000000001b2c                nrf_cc3xx_platform_abort_init
 .text.mutex_free_platform
                0x0000000000001b38       0x54 zephyr/libzephyr.a(nrf_cc3xx_platform_mutex_zephyr.c.obj)
 .text.mutex_lock_platform
                0x0000000000001b8c       0x60 zephyr/libzephyr.a(nrf_cc3xx_platform_mutex_zephyr.c.obj)
 .text.mutex_unlock_platform
                0x0000000000001bec       0x58 zephyr/libzephyr.a(nrf_cc3xx_platform_mutex_zephyr.c.obj)
 .text.mutex_init_platform
                0x0000000000001c44       0x94 zephyr/libzephyr.a(nrf_cc3xx_platform_mutex_zephyr.c.obj)
 .text.nrf_cc3xx_platform_mutex_init
                0x0000000000001cd8       0x2c zephyr/libzephyr.a(nrf_cc3xx_platform_mutex_zephyr.c.obj)
                0x0000000000001cd8                nrf_cc3xx_platform_mutex_init
 .text.z_arm_cpu_idle_init
                0x0000000000001d04        0xc zephyr/arch/arch/arm/core/aarch32/libarch__arm__core__aarch32.a(cpu_idle.S.obj)
                0x0000000000001d04                z_arm_cpu_idle_init
 .text.arch_cpu_idle
                0x0000000000001d10       0x1c zephyr/arch/arch/arm/core/aarch32/libarch__arm__core__aarch32.a(cpu_idle.S.obj)
                0x0000000000001d10                arch_cpu_idle
 .text.arch_cpu_atomic_idle
                0x0000000000001d2c       0x18 zephyr/arch/arch/arm/core/aarch32/libarch__arm__core__aarch32.a(cpu_idle.S.obj)
                0x0000000000001d2c                arch_cpu_atomic_idle
 .text.z_arm_fatal_error
                0x0000000000001d44       0xcc zephyr/arch/arch/arm/core/aarch32/libarch__arm__core__aarch32.a(fatal.c.obj)
                0x0000000000001d44                z_arm_fatal_error
 .text.arch_irq_enable
                0x0000000000001e10       0x1c zephyr/arch/arch/arm/core/aarch32/libarch__arm__core__aarch32.a(irq_manage.c.obj)
                0x0000000000001e10                arch_irq_enable
 .text.arch_irq_disable
                0x0000000000001e2c       0x28 zephyr/arch/arch/arm/core/aarch32/libarch__arm__core__aarch32.a(irq_manage.c.obj)
                0x0000000000001e2c                arch_irq_disable
 .text.arch_irq_is_enabled
                0x0000000000001e54       0x1c zephyr/arch/arch/arm/core/aarch32/libarch__arm__core__aarch32.a(irq_manage.c.obj)
                0x0000000000001e54                arch_irq_is_enabled
 .text.z_arm_irq_priority_set
                0x0000000000001e70       0x30 zephyr/arch/arch/arm/core/aarch32/libarch__arm__core__aarch32.a(irq_manage.c.obj)
                0x0000000000001e70                z_arm_irq_priority_set
 .text.z_SysNmiOnReset
                0x0000000000001ea0        0x8 zephyr/arch/arch/arm/core/aarch32/libarch__arm__core__aarch32.a(nmi_on_reset.S.obj)
                0x0000000000001ea0                z_SysNmiOnReset
 .text.z_arm_prep_c
                0x0000000000001ea8       0x38 zephyr/arch/arch/arm/core/aarch32/libarch__arm__core__aarch32.a(prep_c.c.obj)
                0x0000000000001ea8                z_arm_prep_c
 .text.arch_swap
                0x0000000000001ee0       0x34 zephyr/arch/arch/arm/core/aarch32/libarch__arm__core__aarch32.a(swap.c.obj)
                0x0000000000001ee0                arch_swap
 .text.z_arm_pendsv
                0x0000000000001f14       0x64 zephyr/arch/arch/arm/core/aarch32/libarch__arm__core__aarch32.a(swap_helper.S.obj)
                0x0000000000001f14                z_arm_pendsv
 .text.z_arm_svc
                0x0000000000001f78       0x20 zephyr/arch/arch/arm/core/aarch32/libarch__arm__core__aarch32.a(swap_helper.S.obj)
                0x0000000000001f78                z_arm_svc
 .text.arch_new_thread
                0x0000000000001f98       0x38 zephyr/arch/arch/arm/core/aarch32/libarch__arm__core__aarch32.a(thread.c.obj)
                0x0000000000001f98                arch_new_thread
 .text.z_check_thread_stack_fail
                0x0000000000001fd0       0x2c zephyr/arch/arch/arm/core/aarch32/libarch__arm__core__aarch32.a(thread.c.obj)
                0x0000000000001fd0                z_check_thread_stack_fail
 .text.arch_switch_to_main_thread
                0x0000000000001ffc       0x38 zephyr/arch/arch/arm/core/aarch32/libarch__arm__core__aarch32.a(thread.c.obj)
                0x0000000000001ffc                arch_switch_to_main_thread
 .text._isr_wrapper
                0x0000000000002034       0x28 zephyr/arch/arch/arm/core/aarch32/libarch__arm__core__aarch32.a(isr_wrapper.S.obj)
                0x0000000000002034                _isr_wrapper
 .text.arch_tls_stack_setup
                0x000000000000205c       0x5c zephyr/arch/arch/arm/core/aarch32/libarch__arm__core__aarch32.a(tls.c.obj)
                0x000000000000205c                arch_tls_stack_setup
 .text._HandlerModeExit
                0x00000000000020b8       0x1c zephyr/arch/arch/arm/core/aarch32/cortex_m/libarch__arm__core__aarch32__cortex_m.a(exc_exit.S.obj)
                0x00000000000020b8                z_arm_int_exit
                0x00000000000020b8                z_arm_exc_exit
 .text.bus_fault.constprop.0
                0x00000000000020d4      0x154 zephyr/arch/arch/arm/core/aarch32/cortex_m/libarch__arm__core__aarch32__cortex_m.a(fault.c.obj)
 .text.usage_fault.constprop.0
                0x0000000000002228      0x104 zephyr/arch/arch/arm/core/aarch32/cortex_m/libarch__arm__core__aarch32__cortex_m.a(fault.c.obj)
 .text.mem_manage_fault
                0x000000000000232c      0x178 zephyr/arch/arch/arm/core/aarch32/cortex_m/libarch__arm__core__aarch32__cortex_m.a(fault.c.obj)
 .text.z_arm_fault
                0x00000000000024a4      0x224 zephyr/arch/arch/arm/core/aarch32/cortex_m/libarch__arm__core__aarch32__cortex_m.a(fault.c.obj)
                0x00000000000024a4                z_arm_fault
 .text.z_arm_fault_init
                0x00000000000026c8       0x10 zephyr/arch/arch/arm/core/aarch32/cortex_m/libarch__arm__core__aarch32__cortex_m.a(fault.c.obj)
                0x00000000000026c8                z_arm_fault_init
 .text.__fault  0x00000000000026d8       0x14 zephyr/arch/arch/arm/core/aarch32/cortex_m/libarch__arm__core__aarch32__cortex_m.a(fault_s.S.obj)
                0x00000000000026d8                z_arm_usage_fault
                0x00000000000026d8                z_arm_mpu_fault
                0x00000000000026d8                z_arm_exc_spurious
                0x00000000000026d8                z_arm_debug_monitor
                0x00000000000026d8                z_arm_hard_fault
                0x00000000000026d8                z_arm_bus_fault
 .text.z_arm_interrupt_init
                0x00000000000026ec       0x18 zephyr/arch/arch/arm/core/aarch32/cortex_m/libarch__arm__core__aarch32__cortex_m.a(irq_init.c.obj)
                0x00000000000026ec                z_arm_interrupt_init
 .text._reset_section
                0x0000000000002704       0x54 zephyr/arch/arch/arm/core/aarch32/cortex_m/libarch__arm__core__aarch32__cortex_m.a(reset.S.obj)
                0x0000000000002704                __start
                0x0000000000002704                z_arm_reset
 .text.sys_arch_reboot
                0x0000000000002758       0x24 zephyr/arch/arch/arm/core/aarch32/cortex_m/libarch__arm__core__aarch32__cortex_m.a(scb.c.obj)
                0x0000000000002758                sys_arch_reboot
 .text.z_arm_clear_arm_mpu_config
                0x000000000000277c       0x24 zephyr/arch/arch/arm/core/aarch32/cortex_m/libarch__arm__core__aarch32__cortex_m.a(scb.c.obj)
                0x000000000000277c                z_arm_clear_arm_mpu_config
 .text.z_arm_init_arch_hw_at_boot
                0x00000000000027a0       0x64 zephyr/arch/arch/arm/core/aarch32/cortex_m/libarch__arm__core__aarch32__cortex_m.a(scb.c.obj)
                0x00000000000027a0                z_arm_init_arch_hw_at_boot
 .text.z_impl_k_thread_abort
                0x0000000000002804       0x2c zephyr/arch/arch/arm/core/aarch32/cortex_m/libarch__arm__core__aarch32__cortex_m.a(thread_abort.c.obj)
                0x0000000000002804                z_impl_k_thread_abort
 .text.z_arm_configure_static_mpu_regions
                0x0000000000002830       0x18 zephyr/arch/arch/arm/core/aarch32/mpu/libarch__arm__core__aarch32__mpu.a(arm_core_mpu.c.obj)
                0x0000000000002830                z_arm_configure_static_mpu_regions
 .text.z_arm_configure_dynamic_mpu_regions
                0x0000000000002848       0x20 zephyr/arch/arch/arm/core/aarch32/mpu/libarch__arm__core__aarch32__mpu.a(arm_core_mpu.c.obj)
                0x0000000000002848                z_arm_configure_dynamic_mpu_regions
 .text.mpu_configure_regions
                0x0000000000002868       0xcc zephyr/arch/arch/arm/core/aarch32/mpu/libarch__arm__core__aarch32__mpu.a(arm_mpu.c.obj)
 .text.arm_core_mpu_enable
                0x0000000000002934       0x18 zephyr/arch/arch/arm/core/aarch32/mpu/libarch__arm__core__aarch32__mpu.a(arm_mpu.c.obj)
                0x0000000000002934                arm_core_mpu_enable
 .text.arm_core_mpu_disable
                0x000000000000294c       0x14 zephyr/arch/arch/arm/core/aarch32/mpu/libarch__arm__core__aarch32__mpu.a(arm_mpu.c.obj)
                0x000000000000294c                arm_core_mpu_disable
 .text.arm_core_mpu_configure_static_mpu_regions
                0x0000000000002960       0x14 zephyr/arch/arch/arm/core/aarch32/mpu/libarch__arm__core__aarch32__mpu.a(arm_mpu.c.obj)
                0x0000000000002960                arm_core_mpu_configure_static_mpu_regions
 .text.arm_core_mpu_configure_dynamic_mpu_regions
                0x0000000000002974       0x30 zephyr/arch/arch/arm/core/aarch32/mpu/libarch__arm__core__aarch32__mpu.a(arm_mpu.c.obj)
                0x0000000000002974                arm_core_mpu_configure_dynamic_mpu_regions
 .text.z_arm_mpu_init
                0x00000000000029a4       0x60 zephyr/arch/arch/arm/core/aarch32/mpu/libarch__arm__core__aarch32__mpu.a(arm_mpu.c.obj)
                0x00000000000029a4                z_arm_mpu_init
 .text.z_impl_zephyr_fputc
                0x0000000000002a04       0x10 zephyr/lib/libc/picolibc/liblib__libc__picolibc.a(libc-hooks.c.obj)
                0x0000000000002a04                z_impl_zephyr_fputc
 .text.__stdout_hook_install
                0x0000000000002a14       0x18 zephyr/lib/libc/picolibc/liblib__libc__picolibc.a(libc-hooks.c.obj)
                0x0000000000002a14                __stdout_hook_install
 .text.cbvprintf
                0x0000000000002a2c       0x38 zephyr/lib/libc/picolibc/liblib__libc__picolibc.a(libc-hooks.c.obj)
                0x0000000000002a2c                cbvprintf
 .text.malloc_prepare
                0x0000000000002a64       0x24 zephyr/lib/libc/common/liblib__libc__common.a(malloc.c.obj)
 .text.nordicsemi_nrf52_init
                0x0000000000002a88       0x44 zephyr/soc/soc/arm/nordic_nrf/nrf52/libsoc__arm__nordic_nrf__nrf52.a(soc.c.obj)
 .text.arch_busy_wait
                0x0000000000002acc       0x14 zephyr/soc/soc/arm/nordic_nrf/nrf52/libsoc__arm__nordic_nrf__nrf52.a(soc.c.obj)
                0x0000000000002acc                arch_busy_wait
 .text.adc_context_start_sampling
                0x0000000000002ae0       0x1c zephyr/drivers/adc/libdrivers__adc.a(adc_nrfx_saadc.c.obj)
 .text.adc_nrfx_channel_setup
                0x0000000000002afc      0x10c zephyr/drivers/adc/libdrivers__adc.a(adc_nrfx_saadc.c.obj)
 .text.start_read.constprop.0
                0x0000000000002c08      0x220 zephyr/drivers/adc/libdrivers__adc.a(adc_nrfx_saadc.c.obj)
 .text.adc_nrfx_read_async
                0x0000000000002e28       0x40 zephyr/drivers/adc/libdrivers__adc.a(adc_nrfx_saadc.c.obj)
 .text.adc_nrfx_read
                0x0000000000002e68       0x40 zephyr/drivers/adc/libdrivers__adc.a(adc_nrfx_saadc.c.obj)
 .text.init_saadc
                0x0000000000002ea8       0x44 zephyr/drivers/adc/libdrivers__adc.a(adc_nrfx_saadc.c.obj)
 .text.saadc_irq_handler
                0x0000000000002eec       0xe8 zephyr/drivers/adc/libdrivers__adc.a(adc_nrfx_saadc.c.obj)
 .text.onoff_stop
                0x0000000000002fd4       0x30 zephyr/drivers/clock_control/libdrivers__clock_control.a(clock_control_nrf.c.obj)
 .text.onoff_start
                0x0000000000003004       0x44 zephyr/drivers/clock_control/libdrivers__clock_control.a(clock_control_nrf.c.obj)
 .text.clk_init
                0x0000000000003048       0x58 zephyr/drivers/clock_control/libdrivers__clock_control.a(clock_control_nrf.c.obj)
 .text.clkstarted_handle.constprop.0
                0x00000000000030a0       0x34 zephyr/drivers/clock_control/libdrivers__clock_control.a(clock_control_nrf.c.obj)
 .text.clock_event_handler
                0x00000000000030d4       0x1c zephyr/drivers/clock_control/libdrivers__clock_control.a(clock_control_nrf.c.obj)
 .text.generic_hfclk_start
                0x00000000000030f0       0x64 zephyr/drivers/clock_control/libdrivers__clock_control.a(clock_control_nrf.c.obj)
 .text.api_blocking_start
                0x0000000000003154       0x3c zephyr/drivers/clock_control/libdrivers__clock_control.a(clock_control_nrf.c.obj)
 .text.generic_hfclk_stop
                0x0000000000003190       0x34 zephyr/drivers/clock_control/libdrivers__clock_control.a(clock_control_nrf.c.obj)
 .text.z_nrf_clock_control_lf_on
                0x00000000000031c4       0xfc zephyr/drivers/clock_control/libdrivers__clock_control.a(clock_control_nrf.c.obj)
                0x00000000000031c4                z_nrf_clock_control_lf_on
 .text.uart_console_init
                0x00000000000032c0       0x28 zephyr/drivers/console/libdrivers__console.a(uart_console.c.obj)
 .text.console_out
                0x00000000000032e8       0x28 zephyr/drivers/console/libdrivers__console.a(uart_console.c.obj)
 .text.gpio_nrfx_pin_interrupt_configure
                0x0000000000003310       0xe4 zephyr/drivers/gpio/libdrivers__gpio.a(gpio_nrfx.c.obj)
 .text.gpio_nrfx_init
                0x00000000000033f4       0x38 zephyr/drivers/gpio/libdrivers__gpio.a(gpio_nrfx.c.obj)
 .text.nrfx_gpio_handler
                0x000000000000342c       0x4c zephyr/drivers/gpio/libdrivers__gpio.a(gpio_nrfx.c.obj)
 .text.gpio_nrfx_pin_configure
                0x0000000000003478      0x128 zephyr/drivers/gpio/libdrivers__gpio.a(gpio_nrfx.c.obj)
 .text.i2c_nrfx_twi_recover_bus
                0x00000000000035a0       0x24 zephyr/drivers/i2c/libdrivers__i2c.a(i2c_nrfx_twi.c.obj)
 .text.twi_0_init
                0x00000000000035c4       0x94 zephyr/drivers/i2c/libdrivers__i2c.a(i2c_nrfx_twi.c.obj)
 .text.event_handler
                0x0000000000003658       0x34 zephyr/drivers/i2c/libdrivers__i2c.a(i2c_nrfx_twi.c.obj)
 .text.i2c_nrfx_twi_configure
                0x000000000000368c       0x58 zephyr/drivers/i2c/libdrivers__i2c.a(i2c_nrfx_twi.c.obj)
 .text.i2c_nrfx_twi_transfer
                0x00000000000036e4      0x158 zephyr/drivers/i2c/libdrivers__i2c.a(i2c_nrfx_twi.c.obj)
 .text.kscan_ht16k33_init.part.0
                0x000000000000383c       0x2c zephyr/drivers/kscan/libdrivers__kscan.a(kscan_ht16k33.c.obj)
 .text.ht16k33_led_set_brightness.part.0
                0x0000000000003868       0x28 zephyr/drivers/led/libdrivers__led.a(ht16k33.c.obj)
 .text.ht16k33_irq_thread
                0x0000000000003890      0x128 zephyr/drivers/led/libdrivers__led.a(ht16k33.c.obj)
 .text.ht16k33_led_blink
                0x00000000000039b8       0x70 zephyr/drivers/led/libdrivers__led.a(ht16k33.c.obj)
 .text.ht16k33_led_set_state
                0x0000000000003a28       0x98 zephyr/drivers/led/libdrivers__led.a(ht16k33.c.obj)
 .text.ht16k33_init
                0x0000000000003ac0      0x2c4 zephyr/drivers/led/libdrivers__led.a(ht16k33.c.obj)
 .text.led_gpio_init
                0x0000000000003d84      0x11c zephyr/drivers/led/libdrivers__led.a(led_gpio.c.obj)
 .text.nrf_gpio_pin_port_decode
                0x0000000000003ea0       0x20 zephyr/drivers/pinctrl/libdrivers__pinctrl.a(pinctrl_nrf.c.obj)
 .text.pinctrl_configure_pins
                0x0000000000003ec0      0x190 zephyr/drivers/pinctrl/libdrivers__pinctrl.a(pinctrl_nrf.c.obj)
                0x0000000000003ec0                pinctrl_configure_pins
 .text.uarte_nrfx_configure
                0x0000000000004050      0x168 zephyr/drivers/serial/libdrivers__serial.a(uart_nrfx_uarte.c.obj)
 .text.uarte_0_init
                0x00000000000041b8      0x104 zephyr/drivers/serial/libdrivers__serial.a(uart_nrfx_uarte.c.obj)
 .text.uarte_nrfx_poll_out
                0x00000000000042bc       0xcc zephyr/drivers/serial/libdrivers__serial.a(uart_nrfx_uarte.c.obj)
 .text.spi_nrfx_init
                0x0000000000004388      0x130 zephyr/drivers/spi/libdrivers__spi.a(spi_nrfx_spi.c.obj)
 .text.transfer_next_chunk
                0x00000000000044b8       0x6c zephyr/drivers/spi/libdrivers__spi.a(spi_nrfx_spi.c.obj)
 .text.event_handler
                0x0000000000004524       0xd8 zephyr/drivers/spi/libdrivers__spi.a(spi_nrfx_spi.c.obj)
 .text.spi_nrfx_transceive
                0x00000000000045fc      0x3f4 zephyr/drivers/spi/libdrivers__spi.a(spi_nrfx_spi.c.obj)
 .text.nrf_gpio_cfg_input
                0x00000000000049f0       0x40 zephyr/drivers/spi/libdrivers__spi.a(spi_nrfx_common.c.obj)
 .text.spi_nrfx_wake_init
                0x0000000000004a30       0x54 zephyr/drivers/spi/libdrivers__spi.a(spi_nrfx_common.c.obj)
                0x0000000000004a30                spi_nrfx_wake_init
 .text.spi_nrfx_init
                0x0000000000004a84      0x130 zephyr/drivers/spi/libdrivers__spi.a(spi_nrfx_spim.c.obj)
 .text.transfer_next_chunk
                0x0000000000004bb4       0x98 zephyr/drivers/spi/libdrivers__spi.a(spi_nrfx_spim.c.obj)
 .text.event_handler
                0x0000000000004c4c       0xd8 zephyr/drivers/spi/libdrivers__spi.a(spi_nrfx_spim.c.obj)
 .text.spi_nrfx_transceive
                0x0000000000004d24      0x428 zephyr/drivers/spi/libdrivers__spi.a(spi_nrfx_spim.c.obj)
 .text.compare_int_lock
                0x000000000000514c       0x48 zephyr/drivers/timer/libdrivers__timer.a(nrf_rtc_timer.c.obj)
 .text.sys_clock_timeout_handler
                0x0000000000005194       0x48 zephyr/drivers/timer/libdrivers__timer.a(nrf_rtc_timer.c.obj)
 .text.compare_int_unlock
                0x00000000000051dc       0x5c zephyr/drivers/timer/libdrivers__timer.a(nrf_rtc_timer.c.obj)
 .text.z_nrf_rtc_timer_read
                0x0000000000005238       0x44 zephyr/drivers/timer/libdrivers__timer.a(nrf_rtc_timer.c.obj)
                0x0000000000005238                z_nrf_rtc_timer_read
 .text.compare_set
                0x000000000000527c      0x130 zephyr/drivers/timer/libdrivers__timer.a(nrf_rtc_timer.c.obj)
 .text.sys_clock_driver_init
                0x00000000000053ac       0x90 zephyr/drivers/timer/libdrivers__timer.a(nrf_rtc_timer.c.obj)
 .text.rtc_nrf_isr
                0x000000000000543c       0xd4 zephyr/drivers/timer/libdrivers__timer.a(nrf_rtc_timer.c.obj)
                0x000000000000543c                rtc_nrf_isr
 .text.sys_clock_set_timeout
                0x0000000000005510       0x68 zephyr/drivers/timer/libdrivers__timer.a(nrf_rtc_timer.c.obj)
                0x0000000000005510                sys_clock_set_timeout
 .text.sys_clock_elapsed
                0x0000000000005578       0x14 zephyr/drivers/timer/libdrivers__timer.a(nrf_rtc_timer.c.obj)
                0x0000000000005578                sys_clock_elapsed
 .text.sys_clock_disable
                0x000000000000558c       0x30 zephyr/drivers/timer/libdrivers__timer.a(nrf_rtc_timer.c.obj)
                0x000000000000558c                sys_clock_disable
 .text.k_sys_fatal_error_handler
                0x00000000000055bc       0x2c modules/nrf/lib/fatal_error/lib..__nrf__lib__fatal_error.a(fatal_error.c.obj)
                0x00000000000055bc                k_sys_fatal_error_handler
 .text.nrf52_errata_98
                0x00000000000055e8       0x24 modules/hal_nordic/nrfx/libmodules__hal_nordic__nrfx.a(system_nrf52840.c.obj)
 .text.nvmc_wait
                0x000000000000560c       0x10 modules/hal_nordic/nrfx/libmodules__hal_nordic__nrfx.a(system_nrf52840.c.obj)
                0x000000000000560c                nvmc_wait
 .text.SystemInit
                0x000000000000561c      0x1bc modules/hal_nordic/nrfx/libmodules__hal_nordic__nrfx.a(system_nrf52840.c.obj)
                0x000000000000561c                SystemInit
 .text.nrfx_flag32_alloc
                0x00000000000057d8       0x48 modules/hal_nordic/nrfx/libmodules__hal_nordic__nrfx.a(nrfx_flag32_allocator.c.obj)
                0x00000000000057d8                nrfx_flag32_alloc
 .text.nrfx_flag32_free
                0x0000000000005820       0x40 modules/hal_nordic/nrfx/libmodules__hal_nordic__nrfx.a(nrfx_flag32_allocator.c.obj)
                0x0000000000005820                nrfx_flag32_free
 .text.nrfx_gppi_channels_enable
                0x0000000000005860        0xc modules/hal_nordic/nrfx/libmodules__hal_nordic__nrfx.a(nrfx_gppi_ppi.c.obj)
                0x0000000000005860                nrfx_gppi_channels_enable
 .text.clock_stop
                0x000000000000586c       0xc4 modules/hal_nordic/nrfx/libmodules__hal_nordic__nrfx.a(nrfx_clock.c.obj)
 .text.nrfx_clock_init
                0x0000000000005930       0x20 modules/hal_nordic/nrfx/libmodules__hal_nordic__nrfx.a(nrfx_clock.c.obj)
                0x0000000000005930                nrfx_clock_init
 .text.nrfx_power_clock_irq_handler
                0x0000000000005950       0x68 modules/hal_nordic/nrfx/libmodules__hal_nordic__nrfx.a(nrfx_clock.c.obj)
                0x0000000000005950                nrfx_power_clock_irq_handler
 .text.nrf_gpio_pin_port_decode
                0x00000000000059b8       0x20 modules/hal_nordic/nrfx/libmodules__hal_nordic__nrfx.a(nrfx_gpiote.c.obj)
 .text.get_pin_idx
                0x00000000000059d8       0x14 modules/hal_nordic/nrfx/libmodules__hal_nordic__nrfx.a(nrfx_gpiote.c.obj)
 .text.pin_in_use_by_te
                0x00000000000059ec       0x18 modules/hal_nordic/nrfx/libmodules__hal_nordic__nrfx.a(nrfx_gpiote.c.obj)
 .text.pin_is_output
                0x0000000000005a04       0x18 modules/hal_nordic/nrfx/libmodules__hal_nordic__nrfx.a(nrfx_gpiote.c.obj)
 .text.pin_te_get
                0x0000000000005a1c       0x18 modules/hal_nordic/nrfx/libmodules__hal_nordic__nrfx.a(nrfx_gpiote.c.obj)
 .text.call_handler
                0x0000000000005a34       0x40 modules/hal_nordic/nrfx/libmodules__hal_nordic__nrfx.a(nrfx_gpiote.c.obj)
 .text.release_handler
                0x0000000000005a74       0x58 modules/hal_nordic/nrfx/libmodules__hal_nordic__nrfx.a(nrfx_gpiote.c.obj)
 .text.__nrfy_internal_gpiote_events_process.constprop.0
                0x0000000000005acc       0x54 modules/hal_nordic/nrfx/libmodules__hal_nordic__nrfx.a(nrfx_gpiote.c.obj)
 .text.nrfx_gpiote_input_configure
                0x0000000000005b20      0x180 modules/hal_nordic/nrfx/libmodules__hal_nordic__nrfx.a(nrfx_gpiote.c.obj)
                0x0000000000005b20                nrfx_gpiote_input_configure
 .text.nrfx_gpiote_output_configure
                0x0000000000005ca0       0xf4 modules/hal_nordic/nrfx/libmodules__hal_nordic__nrfx.a(nrfx_gpiote.c.obj)
                0x0000000000005ca0                nrfx_gpiote_output_configure
 .text.nrfx_gpiote_global_callback_set
                0x0000000000005d94        0xc modules/hal_nordic/nrfx/libmodules__hal_nordic__nrfx.a(nrfx_gpiote.c.obj)
                0x0000000000005d94                nrfx_gpiote_global_callback_set
 .text.nrfx_gpiote_channel_get
                0x0000000000005da0       0x30 modules/hal_nordic/nrfx/libmodules__hal_nordic__nrfx.a(nrfx_gpiote.c.obj)
                0x0000000000005da0                nrfx_gpiote_channel_get
 .text.nrfx_gpiote_init
                0x0000000000005dd0       0x50 modules/hal_nordic/nrfx/libmodules__hal_nordic__nrfx.a(nrfx_gpiote.c.obj)
                0x0000000000005dd0                nrfx_gpiote_init
 .text.nrfx_gpiote_is_init
                0x0000000000005e20       0x14 modules/hal_nordic/nrfx/libmodules__hal_nordic__nrfx.a(nrfx_gpiote.c.obj)
                0x0000000000005e20                nrfx_gpiote_is_init
 .text.nrfx_gpiote_channel_free
                0x0000000000005e34        0xc modules/hal_nordic/nrfx/libmodules__hal_nordic__nrfx.a(nrfx_gpiote.c.obj)
                0x0000000000005e34                nrfx_gpiote_channel_free
 .text.nrfx_gpiote_channel_alloc
                0x0000000000005e40        0xc modules/hal_nordic/nrfx/libmodules__hal_nordic__nrfx.a(nrfx_gpiote.c.obj)
                0x0000000000005e40                nrfx_gpiote_channel_alloc
 .text.nrfx_gpiote_trigger_enable
                0x0000000000005e4c       0x9c modules/hal_nordic/nrfx/libmodules__hal_nordic__nrfx.a(nrfx_gpiote.c.obj)
                0x0000000000005e4c                nrfx_gpiote_trigger_enable
 .text.nrfx_gpiote_trigger_disable
                0x0000000000005ee8       0x4c modules/hal_nordic/nrfx/libmodules__hal_nordic__nrfx.a(nrfx_gpiote.c.obj)
                0x0000000000005ee8                nrfx_gpiote_trigger_disable
 .text.nrfx_gpiote_pin_uninit
                0x0000000000005f34       0x80 modules/hal_nordic/nrfx/libmodules__hal_nordic__nrfx.a(nrfx_gpiote.c.obj)
                0x0000000000005f34                nrfx_gpiote_pin_uninit
 .text.nrfx_gpiote_irq_handler
                0x0000000000005fb4      0x1a8 modules/hal_nordic/nrfx/libmodules__hal_nordic__nrfx.a(nrfx_gpiote.c.obj)
                0x0000000000005fb4                nrfx_gpiote_irq_handler
 .text.nrfx_ppi_channel_alloc
                0x000000000000615c        0xc modules/hal_nordic/nrfx/libmodules__hal_nordic__nrfx.a(nrfx_ppi.c.obj)
                0x000000000000615c                nrfx_ppi_channel_alloc
 .text.nrf_gpio_pin_port_decode
                0x0000000000006168       0x20 modules/hal_nordic/nrfx/libmodules__hal_nordic__nrfx.a(nrfx_spi.c.obj)
 .text.nrf_gpio_cfg_output
                0x0000000000006188       0x2c modules/hal_nordic/nrfx/libmodules__hal_nordic__nrfx.a(nrfx_spi.c.obj)
 .text.spi_configure
                0x00000000000061b4      0x120 modules/hal_nordic/nrfx/libmodules__hal_nordic__nrfx.a(nrfx_spi.c.obj)
 .text.nrf_gpio_cfg_default
                0x00000000000062d4       0x2c modules/hal_nordic/nrfx/libmodules__hal_nordic__nrfx.a(nrfx_spi.c.obj)
 .text.nrfx_spi_init
                0x0000000000006300       0x68 modules/hal_nordic/nrfx/libmodules__hal_nordic__nrfx.a(nrfx_spi.c.obj)
                0x0000000000006300                nrfx_spi_init
 .text.nrfx_spi_uninit
                0x0000000000006368       0x70 modules/hal_nordic/nrfx/libmodules__hal_nordic__nrfx.a(nrfx_spi.c.obj)
                0x0000000000006368                nrfx_spi_uninit
 .text.nrfx_spi_xfer
                0x00000000000063d8       0xfc modules/hal_nordic/nrfx/libmodules__hal_nordic__nrfx.a(nrfx_spi.c.obj)
                0x00000000000063d8                nrfx_spi_xfer
 .text.nrfx_spi_1_irq_handler
                0x00000000000064d4       0x40 modules/hal_nordic/nrfx/libmodules__hal_nordic__nrfx.a(nrfx_spi.c.obj)
                0x00000000000064d4                nrfx_spi_1_irq_handler
 .text.nrf_gpio_pin_port_decode
                0x0000000000006514       0x20 modules/hal_nordic/nrfx/libmodules__hal_nordic__nrfx.a(nrfx_spim.c.obj)
 .text.spim_frequency_valid_check.constprop.0
                0x0000000000006534       0x64 modules/hal_nordic/nrfx/libmodules__hal_nordic__nrfx.a(nrfx_spim.c.obj)
 .text.pin_init
                0x0000000000006598       0x50 modules/hal_nordic/nrfx/libmodules__hal_nordic__nrfx.a(nrfx_spim.c.obj)
 .text.spim_configure
                0x00000000000065e8      0x254 modules/hal_nordic/nrfx/libmodules__hal_nordic__nrfx.a(nrfx_spim.c.obj)
 .text.spim_pin_uninit
                0x000000000000683c       0x30 modules/hal_nordic/nrfx/libmodules__hal_nordic__nrfx.a(nrfx_spim.c.obj)
 .text.nrfx_spim_init
                0x000000000000686c       0x5c modules/hal_nordic/nrfx/libmodules__hal_nordic__nrfx.a(nrfx_spim.c.obj)
                0x000000000000686c                nrfx_spim_init
 .text.nrfx_spim_uninit
                0x00000000000068c8       0x9c modules/hal_nordic/nrfx/libmodules__hal_nordic__nrfx.a(nrfx_spim.c.obj)
                0x00000000000068c8                nrfx_spim_uninit
 .text.nrfx_spim_xfer
                0x0000000000006964      0x1d0 modules/hal_nordic/nrfx/libmodules__hal_nordic__nrfx.a(nrfx_spim.c.obj)
                0x0000000000006964                nrfx_spim_xfer
 .text.nrfx_spim_3_irq_handler
                0x0000000000006b34       0x64 modules/hal_nordic/nrfx/libmodules__hal_nordic__nrfx.a(nrfx_spim.c.obj)
                0x0000000000006b34                nrfx_spim_3_irq_handler
 .text.nrf_gpio_cfg.constprop.0
                0x0000000000006b98       0x48 modules/hal_nordic/nrfx/libmodules__hal_nordic__nrfx.a(nrfx_twi.c.obj)
 .text.twi_configure
                0x0000000000006be0       0x3c modules/hal_nordic/nrfx/libmodules__hal_nordic__nrfx.a(nrfx_twi.c.obj)
 .text.twi_tx_start_transfer
                0x0000000000006c1c      0x104 modules/hal_nordic/nrfx/libmodules__hal_nordic__nrfx.a(nrfx_twi.c.obj)
 .text.twi_rx_start_transfer
                0x0000000000006d20       0xe4 modules/hal_nordic/nrfx/libmodules__hal_nordic__nrfx.a(nrfx_twi.c.obj)
 .text.nrfx_twi_init
                0x0000000000006e04       0x88 modules/hal_nordic/nrfx/libmodules__hal_nordic__nrfx.a(nrfx_twi.c.obj)
                0x0000000000006e04                nrfx_twi_init
 .text.nrfx_twi_enable
                0x0000000000006e8c       0x20 modules/hal_nordic/nrfx/libmodules__hal_nordic__nrfx.a(nrfx_twi.c.obj)
                0x0000000000006e8c                nrfx_twi_enable
 .text.nrfx_twi_disable
                0x0000000000006eac       0x38 modules/hal_nordic/nrfx/libmodules__hal_nordic__nrfx.a(nrfx_twi.c.obj)
                0x0000000000006eac                nrfx_twi_disable
 .text.nrfx_twi_xfer
                0x0000000000006ee4       0xdc modules/hal_nordic/nrfx/libmodules__hal_nordic__nrfx.a(nrfx_twi.c.obj)
                0x0000000000006ee4                nrfx_twi_xfer
 .text.nrfx_twi_0_irq_handler
                0x0000000000006fc0       0xd8 modules/hal_nordic/nrfx/libmodules__hal_nordic__nrfx.a(nrfx_twi.c.obj)
                0x0000000000006fc0                nrfx_twi_0_irq_handler
 .text.nrf_gpio_pin_port_decode
                0x0000000000007098       0x20 modules/hal_nordic/nrfx/libmodules__hal_nordic__nrfx.a(nrfx_twi_twim.c.obj)
 .text.nrfx_twi_twim_bus_recover
                0x00000000000070b8       0xdc modules/hal_nordic/nrfx/libmodules__hal_nordic__nrfx.a(nrfx_twi_twim.c.obj)
                0x00000000000070b8                nrfx_twi_twim_bus_recover
 .text._DoInit  0x0000000000007194       0x60 modules/segger/libmodules__segger.a(SEGGER_RTT.c.obj)
 .text.SEGGER_RTT_WriteSkipNoLock
                0x00000000000071f4       0x88 modules/segger/libmodules__segger.a(SEGGER_RTT.c.obj)
                0x00000000000071f4                SEGGER_RTT_WriteSkipNoLock
 .text.SEGGER_RTT_HasDataUp
                0x000000000000727c       0x14 modules/segger/libmodules__segger.a(SEGGER_RTT.c.obj)
                0x000000000000727c                SEGGER_RTT_HasDataUp
 .text.zephyr_rtt_mutex_lock
                0x0000000000007290       0x14 modules/segger/libmodules__segger.a(SEGGER_RTT_zephyr.c.obj)
                0x0000000000007290                zephyr_rtt_mutex_lock
 .text.zephyr_rtt_mutex_unlock
                0x00000000000072a4        0xc modules/segger/libmodules__segger.a(SEGGER_RTT_zephyr.c.obj)
                0x00000000000072a4                zephyr_rtt_mutex_unlock
 .text.z_fatal_error
                0x00000000000072b0      0x100 zephyr/kernel/libkernel.a(fatal.c.obj)
                0x00000000000072b0                z_fatal_error
 .text.z_sys_init_run_level
                0x00000000000073b0       0x48 zephyr/kernel/libkernel.a(init.c.obj)
 .text.bg_thread_main
                0x00000000000073f8       0x34 zephyr/kernel/libkernel.a(init.c.obj)
 .text.z_bss_zero
                0x000000000000742c       0x18 zephyr/kernel/libkernel.a(init.c.obj)
                0x000000000000742c                z_bss_zero
 .text.z_init_cpu
                0x0000000000007444       0x8c zephyr/kernel/libkernel.a(init.c.obj)
                0x0000000000007444                z_init_cpu
 .text.z_cstart
                0x00000000000074d0       0xe0 zephyr/kernel/libkernel.a(init.c.obj)
                0x00000000000074d0                z_cstart
 .text.init_mem_slab_module
                0x00000000000075b0       0x24 zephyr/kernel/libkernel.a(mem_slab.c.obj)
 .text.k_mem_slab_alloc
                0x00000000000075d4       0x5c zephyr/kernel/libkernel.a(mem_slab.c.obj)
                0x00000000000075d4                k_mem_slab_alloc
 .text.z_setup_new_thread
                0x0000000000007630       0x80 zephyr/kernel/libkernel.a(thread.c.obj)
                0x0000000000007630                z_setup_new_thread
 .text.z_impl_k_thread_create
                0x00000000000076b0       0x58 zephyr/kernel/libkernel.a(thread.c.obj)
                0x00000000000076b0                z_impl_k_thread_create
 .text.z_init_static_threads
                0x0000000000007708       0xb8 zephyr/kernel/libkernel.a(thread.c.obj)
                0x0000000000007708                z_init_static_threads
 .text.z_impl_k_mutex_lock
                0x00000000000077c0       0xf4 zephyr/kernel/libkernel.a(mutex.c.obj)
                0x00000000000077c0                z_impl_k_mutex_lock
 .text.z_impl_k_mutex_unlock
                0x00000000000078b4       0x78 zephyr/kernel/libkernel.a(mutex.c.obj)
                0x00000000000078b4                z_impl_k_mutex_unlock
 .text.z_impl_k_sem_give
                0x000000000000792c       0x4c zephyr/kernel/libkernel.a(sem.c.obj)
                0x000000000000792c                z_impl_k_sem_give
 .text.z_impl_k_sem_take
                0x0000000000007978       0x50 zephyr/kernel/libkernel.a(sem.c.obj)
                0x0000000000007978                z_impl_k_sem_take
 .text.z_impl_k_sem_reset
                0x00000000000079c8       0x44 zephyr/kernel/libkernel.a(sem.c.obj)
                0x00000000000079c8                z_impl_k_sem_reset
 .text.sliceable
                0x0000000000007a0c       0x3c zephyr/kernel/libkernel.a(sched.c.obj)
 .text.slice_timeout
                0x0000000000007a48       0x20 zephyr/kernel/libkernel.a(sched.c.obj)
 .text.z_reset_time_slice
                0x0000000000007a68       0x50 zephyr/kernel/libkernel.a(sched.c.obj)
                0x0000000000007a68                z_reset_time_slice
 .text.update_cache
                0x0000000000007ab8       0x3c zephyr/kernel/libkernel.a(sched.c.obj)
 .text.move_thread_to_end_of_prio_q
                0x0000000000007af4       0x74 zephyr/kernel/libkernel.a(sched.c.obj)
 .text.ready_thread
                0x0000000000007b68       0x68 zephyr/kernel/libkernel.a(sched.c.obj)
 .text.unready_thread
                0x0000000000007bd0       0x30 zephyr/kernel/libkernel.a(sched.c.obj)
 .text.pend_locked
                0x0000000000007c00       0x30 zephyr/kernel/libkernel.a(sched.c.obj)
 .text.z_time_slice
                0x0000000000007c30       0x60 zephyr/kernel/libkernel.a(sched.c.obj)
                0x0000000000007c30                z_time_slice
 .text.z_pend_curr
                0x0000000000007c90       0x3c zephyr/kernel/libkernel.a(sched.c.obj)
                0x0000000000007c90                z_pend_curr
 .text.z_set_prio
                0x0000000000007ccc       0x8c zephyr/kernel/libkernel.a(sched.c.obj)
                0x0000000000007ccc                z_set_prio
 .text.z_reschedule
                0x0000000000007d58       0x24 zephyr/kernel/libkernel.a(sched.c.obj)
                0x0000000000007d58                z_reschedule
 .text.z_sched_start
                0x0000000000007d7c       0x3c zephyr/kernel/libkernel.a(sched.c.obj)
                0x0000000000007d7c                z_sched_start
 .text.z_impl_k_thread_suspend
                0x0000000000007db8       0x64 zephyr/kernel/libkernel.a(sched.c.obj)
                0x0000000000007db8                z_impl_k_thread_suspend
 .text.k_sched_lock
                0x0000000000007e1c       0x28 zephyr/kernel/libkernel.a(sched.c.obj)
                0x0000000000007e1c                k_sched_lock
 .text.k_sched_unlock
                0x0000000000007e44       0x38 zephyr/kernel/libkernel.a(sched.c.obj)
                0x0000000000007e44                k_sched_unlock
 .text.z_sched_init
                0x0000000000007e7c       0x10 zephyr/kernel/libkernel.a(sched.c.obj)
                0x0000000000007e7c                z_sched_init
 .text.z_impl_k_yield
                0x0000000000007e8c       0x7c zephyr/kernel/libkernel.a(sched.c.obj)
                0x0000000000007e8c                z_impl_k_yield
 .text.z_tick_sleep
                0x0000000000007f08       0x88 zephyr/kernel/libkernel.a(sched.c.obj)
 .text.z_impl_k_sleep
                0x0000000000007f90       0x34 zephyr/kernel/libkernel.a(sched.c.obj)
                0x0000000000007f90                z_impl_k_sleep
 .text.z_impl_z_current_get
                0x0000000000007fc4        0xc zephyr/kernel/libkernel.a(sched.c.obj)
                0x0000000000007fc4                z_impl_z_current_get
 .text.z_thread_abort
                0x0000000000007fd0       0xc0 zephyr/kernel/libkernel.a(sched.c.obj)
                0x0000000000007fd0                z_thread_abort
 .text.z_sched_wait
                0x0000000000008090       0x24 zephyr/kernel/libkernel.a(sched.c.obj)
                0x0000000000008090                z_sched_wait
 .text.z_data_copy
                0x00000000000080b4       0x34 zephyr/kernel/libkernel.a(xip.c.obj)
                0x00000000000080b4                z_data_copy
 .text.elapsed  0x00000000000080e8       0x14 zephyr/kernel/libkernel.a(timeout.c.obj)
 .text.next_timeout
                0x00000000000080fc       0x40 zephyr/kernel/libkernel.a(timeout.c.obj)
 .text.remove_timeout
                0x000000000000813c       0x38 zephyr/kernel/libkernel.a(timeout.c.obj)
 .text.z_add_timeout
                0x0000000000008174       0xec zephyr/kernel/libkernel.a(timeout.c.obj)
                0x0000000000008174                z_add_timeout
 .text.sys_clock_announce
                0x0000000000008260       0xd4 zephyr/kernel/libkernel.a(timeout.c.obj)
                0x0000000000008260                sys_clock_announce
 .text.sys_clock_tick_get
                0x0000000000008334       0x34 zephyr/kernel/libkernel.a(timeout.c.obj)
                0x0000000000008334                sys_clock_tick_get
 .text.z_timer_expiration_handler
                0x0000000000008368       0xe4 zephyr/kernel/libkernel.a(timer.c.obj)
                0x0000000000008368                z_timer_expiration_handler
 .text.z_impl_k_timer_start
                0x000000000000844c       0x60 zephyr/kernel/libkernel.a(timer.c.obj)
                0x000000000000844c                z_impl_k_timer_start
 .text.z_impl_k_poll_signal_raise
                0x00000000000084ac       0x50 zephyr/kernel/libkernel.a(poll.c.obj)
                0x00000000000084ac                z_impl_k_poll_signal_raise
 .text.boot_banner
                0x00000000000084fc        0xc zephyr/kernel/libkernel.a(banner.c.obj)
                0x00000000000084fc                boot_banner
 .text.k_sys_work_q_init
                0x0000000000008508       0x34 zephyr/kernel/libkernel.a(system_work_q.c.obj)
 .text.work_queue_main
                0x000000000000853c      0x138 zephyr/kernel/libkernel.a(work.c.obj)
 .text.submit_to_queue_locked
                0x0000000000008674       0xb4 zephyr/kernel/libkernel.a(work.c.obj)
 .text.k_work_queue_start
                0x0000000000008728       0x70 zephyr/kernel/libkernel.a(work.c.obj)
                0x0000000000008728                k_work_queue_start
 .text.nrf_cc3xx_platform_init_no_rng
                0x0000000000008798       0x38 C:/ncs/v2.5.0/nrfxlib/crypto/nrf_cc310_platform/lib/cortex-m4/soft-float/no-interrupts/libnrf_cc310_platform_0.9.18.a(nrf_cc3xx_platform.c.obj)
                0x0000000000008798                nrf_cc3xx_platform_init_no_rng
 .text.nrf_cc3xx_platform_abort
                0x00000000000087d0       0x24 C:/ncs/v2.5.0/nrfxlib/crypto/nrf_cc310_platform/lib/cortex-m4/soft-float/no-interrupts/libnrf_cc310_platform_0.9.18.a(nrf_cc3xx_platform_abort.c.obj)
 .text.CC_PalAbort
                0x00000000000087f4       0x34 C:/ncs/v2.5.0/nrfxlib/crypto/nrf_cc310_platform/lib/cortex-m4/soft-float/no-interrupts/libnrf_cc310_platform_0.9.18.a(nrf_cc3xx_platform_abort.c.obj)
                0x00000000000087f4                CC_PalAbort
 .text.nrf_cc3xx_platform_set_abort
                0x0000000000008828       0x10 C:/ncs/v2.5.0/nrfxlib/crypto/nrf_cc310_platform/lib/cortex-m4/soft-float/no-interrupts/libnrf_cc310_platform_0.9.18.a(nrf_cc3xx_platform_abort.c.obj)
                0x0000000000008828                nrf_cc3xx_platform_set_abort
 .text.mutex_free
                0x0000000000008838       0x34 C:/ncs/v2.5.0/nrfxlib/crypto/nrf_cc310_platform/lib/cortex-m4/soft-float/no-interrupts/libnrf_cc310_platform_0.9.18.a(nrf_cc3xx_platform_mutex.c.obj)
 .text.mutex_lock
                0x000000000000886c       0x48 C:/ncs/v2.5.0/nrfxlib/crypto/nrf_cc310_platform/lib/cortex-m4/soft-float/no-interrupts/libnrf_cc310_platform_0.9.18.a(nrf_cc3xx_platform_mutex.c.obj)
 .text.mutex_unlock
                0x00000000000088b4       0x38 C:/ncs/v2.5.0/nrfxlib/crypto/nrf_cc310_platform/lib/cortex-m4/soft-float/no-interrupts/libnrf_cc310_platform_0.9.18.a(nrf_cc3xx_platform_mutex.c.obj)
 .text.mutex_init
                0x00000000000088ec       0x20 C:/ncs/v2.5.0/nrfxlib/crypto/nrf_cc310_platform/lib/cortex-m4/soft-float/no-interrupts/libnrf_cc310_platform_0.9.18.a(nrf_cc3xx_platform_mutex.c.obj)
 .text.nrf_cc3xx_platform_set_mutexes
                0x000000000000890c       0x74 C:/ncs/v2.5.0/nrfxlib/crypto/nrf_cc310_platform/lib/cortex-m4/soft-float/no-interrupts/libnrf_cc310_platform_0.9.18.a(nrf_cc3xx_platform_mutex.c.obj)
                0x000000000000890c                nrf_cc3xx_platform_set_mutexes
 .text.CC_LibInitNoRng
                0x0000000000008980       0x64 C:/ncs/v2.5.0/nrfxlib/crypto/nrf_cc310_platform/lib/cortex-m4/soft-float/no-interrupts/libnrf_cc310_platform_0.9.18.a(cc_lib.c.obj)
                0x0000000000008980                CC_LibInitNoRng
 .text.CC_HalInit
                0x00000000000089e4        0x4 C:/ncs/v2.5.0/nrfxlib/crypto/nrf_cc310_platform/lib/cortex-m4/soft-float/no-interrupts/libnrf_cc310_platform_0.9.18.a(cc_hal.c.obj)
                0x00000000000089e4                CC_HalInit
 .text.CC_HalTerminate
                0x00000000000089e8        0x4 C:/ncs/v2.5.0/nrfxlib/crypto/nrf_cc310_platform/lib/cortex-m4/soft-float/no-interrupts/libnrf_cc310_platform_0.9.18.a(cc_hal.c.obj)
                0x00000000000089e8                CC_HalTerminate
 .text.CC_HalMaskInterrupt
                0x00000000000089ec        0xc C:/ncs/v2.5.0/nrfxlib/crypto/nrf_cc310_platform/lib/cortex-m4/soft-float/no-interrupts/libnrf_cc310_platform_0.9.18.a(cc_hal.c.obj)
                0x00000000000089ec                CC_HalMaskInterrupt
 .text.CC_PalInit
                0x00000000000089f8       0x5c C:/ncs/v2.5.0/nrfxlib/crypto/nrf_cc310_platform/lib/cortex-m4/soft-float/no-interrupts/libnrf_cc310_platform_0.9.18.a(cc_pal.c.obj)
                0x00000000000089f8                CC_PalInit
 .text.CC_PalTerminate
                0x0000000000008a54       0x34 C:/ncs/v2.5.0/nrfxlib/crypto/nrf_cc310_platform/lib/cortex-m4/soft-float/no-interrupts/libnrf_cc310_platform_0.9.18.a(cc_pal.c.obj)
                0x0000000000008a54                CC_PalTerminate
 .text.CC_PalDmaInit
                0x0000000000008a88        0x4 C:/ncs/v2.5.0/nrfxlib/crypto/nrf_cc310_platform/lib/cortex-m4/soft-float/no-interrupts/libnrf_cc310_platform_0.9.18.a(cc_pal_dma.c.obj)
                0x0000000000008a88                CC_PalDmaInit
 .text.CC_PalDmaTerminate
                0x0000000000008a8c        0x4 C:/ncs/v2.5.0/nrfxlib/crypto/nrf_cc310_platform/lib/cortex-m4/soft-float/no-interrupts/libnrf_cc310_platform_0.9.18.a(cc_pal_dma.c.obj)
                0x0000000000008a8c                CC_PalDmaTerminate
 .text.CC_PalMutexCreate
                0x0000000000008a90       0x14 C:/ncs/v2.5.0/nrfxlib/crypto/nrf_cc310_platform/lib/cortex-m4/soft-float/no-interrupts/libnrf_cc310_platform_0.9.18.a(cc_pal_mutex.c.obj)
                0x0000000000008a90                CC_PalMutexCreate
 .text.CC_PalMutexDestroy
                0x0000000000008aa4       0x14 C:/ncs/v2.5.0/nrfxlib/crypto/nrf_cc310_platform/lib/cortex-m4/soft-float/no-interrupts/libnrf_cc310_platform_0.9.18.a(cc_pal_mutex.c.obj)
                0x0000000000008aa4                CC_PalMutexDestroy
 .text.CC_PalPowerSaveModeInit
                0x0000000000008ab8       0x3c C:/ncs/v2.5.0/nrfxlib/crypto/nrf_cc310_platform/lib/cortex-m4/soft-float/no-interrupts/libnrf_cc310_platform_0.9.18.a(cc_pal_pm.c.obj)
                0x0000000000008ab8                CC_PalPowerSaveModeInit
 .text.CC_PalPowerSaveModeSelect
                0x0000000000008af4       0x84 C:/ncs/v2.5.0/nrfxlib/crypto/nrf_cc310_platform/lib/cortex-m4/soft-float/no-interrupts/libnrf_cc310_platform_0.9.18.a(cc_pal_pm.c.obj)
                0x0000000000008af4                CC_PalPowerSaveModeSelect
 .text.snprintf
                0x0000000000008b78       0x58 c:\ncs\toolchains\cf2149caf2\opt\zephyr-sdk\arm-zephyr-eabi\bin\../lib/gcc/../../picolibc/arm-zephyr-eabi/lib/thumb/v7e-m/nofp\libc.a(libc_tinystdio_snprintf.c.o)
                0x0000000000008b78                snprintf
 .text.__i_vfprintf
                0x0000000000008bd0      0x49c c:\ncs\toolchains\cf2149caf2\opt\zephyr-sdk\arm-zephyr-eabi\bin\../lib/gcc/../../picolibc/arm-zephyr-eabi/lib/thumb/v7e-m/nofp\libc.a(libc_tinystdio_vfiprintf.c.o)
                0x0000000000008bd0                __i_vfprintf
 .text._OffsetAbsSyms
                0x000000000000906c        0x2 zephyr/CMakeFiles/offsets.dir/./arch/arm/core/offsets/offsets.c.obj
                0x000000000000906c                _OffsetAbsSyms
 .text.cbpprintf_external
                0x000000000000906e       0x62 zephyr/libzephyr.a(cbprintf_packaged.c.obj)
                0x000000000000906e                cbpprintf_external
 .text.is_ptr   0x00000000000090d0       0x4a zephyr/libzephyr.a(cbprintf_packaged.c.obj)
                0x00000000000090d0                is_ptr
 .text.arch_printk_char_out
                0x000000000000911a        0x4 zephyr/libzephyr.a(printk.c.obj)
                0x000000000000911a                arch_printk_char_out
 .text.printk   0x000000000000911e       0x1a zephyr/libzephyr.a(printk.c.obj)
                0x000000000000911e                printk
 .text.chunk_size
                0x0000000000009138        0xa zephyr/libzephyr.a(heap.c.obj)
 .text.free_list_add
                0x0000000000009142       0x4e zephyr/libzephyr.a(heap.c.obj)
 .text.sys_heap_init
                0x0000000000009190       0x7a zephyr/libzephyr.a(heap.c.obj)
                0x0000000000009190                sys_heap_init
 .text.process_recheck
                0x000000000000920a       0x38 zephyr/libzephyr.a(onoff.c.obj)
 .text.validate_args
                0x0000000000009242       0x20 zephyr/libzephyr.a(onoff.c.obj)
 .text.notify_one
                0x0000000000009262       0x2c zephyr/libzephyr.a(onoff.c.obj)
 .text.transition_complete
                0x000000000000928e       0x1c zephyr/libzephyr.a(onoff.c.obj)
 .text.onoff_manager_init
                0x00000000000092aa       0x26 zephyr/libzephyr.a(onoff.c.obj)
                0x00000000000092aa                onoff_manager_init
 .text.onoff_request
                0x00000000000092d0       0xb0 zephyr/libzephyr.a(onoff.c.obj)
                0x00000000000092d0                onoff_request
 .text.sys_notify_validate
                0x0000000000009380       0x28 zephyr/libzephyr.a(notify.c.obj)
                0x0000000000009380                sys_notify_validate
 .text.sys_notify_finalize
                0x00000000000093a8       0x32 zephyr/libzephyr.a(notify.c.obj)
                0x00000000000093a8                sys_notify_finalize
 .text.free_space
                0x00000000000093da       0x26 zephyr/libzephyr.a(mpsc_pbuf.c.obj)
 .text.get_usage
                0x0000000000009400       0x22 zephyr/libzephyr.a(mpsc_pbuf.c.obj)
 .text.idx_inc  0x0000000000009422       0x1c zephyr/libzephyr.a(mpsc_pbuf.c.obj)
 .text.rd_idx_inc
                0x000000000000943e       0x18 zephyr/libzephyr.a(mpsc_pbuf.c.obj)
 .text.add_skip_item
                0x0000000000009456       0x3a zephyr/libzephyr.a(mpsc_pbuf.c.obj)
 .text.drop_item_locked
                0x0000000000009490       0xee zephyr/libzephyr.a(mpsc_pbuf.c.obj)
 .text.post_drop_action
                0x000000000000957e       0x36 zephyr/libzephyr.a(mpsc_pbuf.c.obj)
 .text.max_utilization_update
                0x00000000000095b4       0x1a zephyr/libzephyr.a(mpsc_pbuf.c.obj)
 .text.mpsc_pbuf_init
                0x00000000000095ce       0x42 zephyr/libzephyr.a(mpsc_pbuf.c.obj)
                0x00000000000095ce                mpsc_pbuf_init
 .text.mpsc_pbuf_alloc
                0x0000000000009610       0xfc zephyr/libzephyr.a(mpsc_pbuf.c.obj)
                0x0000000000009610                mpsc_pbuf_alloc
 .text.mpsc_pbuf_commit
                0x000000000000970c       0x40 zephyr/libzephyr.a(mpsc_pbuf.c.obj)
                0x000000000000970c                mpsc_pbuf_commit
 .text.mpsc_pbuf_claim
                0x000000000000974c       0xa4 zephyr/libzephyr.a(mpsc_pbuf.c.obj)
                0x000000000000974c                mpsc_pbuf_claim
 .text.mpsc_pbuf_free
                0x00000000000097f0       0x78 zephyr/libzephyr.a(mpsc_pbuf.c.obj)
                0x00000000000097f0                mpsc_pbuf_free
 .text.mpsc_pbuf_is_pending
                0x0000000000009868       0x1a zephyr/libzephyr.a(mpsc_pbuf.c.obj)
                0x0000000000009868                mpsc_pbuf_is_pending
 .text._ConfigAbsSyms
                0x0000000000009882        0x2 zephyr/libzephyr.a(configs.c.obj)
                0x0000000000009882                _ConfigAbsSyms
 .text.log_msg_generic_get_wlen
                0x0000000000009884       0x20 zephyr/libzephyr.a(log_core.c.obj)
 .text.dummy_timestamp
                0x00000000000098a4        0x4 zephyr/libzephyr.a(log_core.c.obj)
 .text.default_get_timestamp
                0x00000000000098a8        0x4 zephyr/libzephyr.a(log_core.c.obj)
 .text.atomic_inc
                0x00000000000098ac       0x1a zephyr/libzephyr.a(log_core.c.obj)
 .text.z_log_vprintk
                0x00000000000098c6       0x1c zephyr/libzephyr.a(log_core.c.obj)
                0x00000000000098c6                z_log_vprintk
 .text.z_log_notify_drop
                0x00000000000098e2        0x6 zephyr/libzephyr.a(log_core.c.obj)
 .text.z_log_get_tag
                0x00000000000098e8        0x4 zephyr/libzephyr.a(log_core.c.obj)
                0x00000000000098e8                z_log_get_tag
 .text.z_cbprintf_cpy
                0x00000000000098ec       0x2c zephyr/libzephyr.a(log_msg.c.obj)
 .text.z_log_msg_finalize
                0x0000000000009918       0x32 zephyr/libzephyr.a(log_msg.c.obj)
                0x0000000000009918                z_log_msg_finalize
 .text.buffer_write
                0x000000000000994a       0x1a zephyr/libzephyr.a(log_output.c.obj)
 .text.log_output_flush
                0x0000000000009964       0x1a zephyr/libzephyr.a(log_output.c.obj)
                0x0000000000009964                log_output_flush
 .text.out_func
                0x000000000000997e       0x36 zephyr/libzephyr.a(log_output.c.obj)
 .text.cr_out_func
                0x00000000000099b4       0x1c zephyr/libzephyr.a(log_output.c.obj)
 .text.log_backend_uart_init
                0x00000000000099d0        0x2 zephyr/libzephyr.a(log_backend_uart.c.obj)
 .text.abort_function
                0x00000000000099d2        0x8 zephyr/libzephyr.a(nrf_cc3xx_platform_abort_zephyr.c.obj)
 .text.z_do_kernel_oops
                0x00000000000099da        0x8 zephyr/arch/arch/arm/core/aarch32/libarch__arm__core__aarch32.a(fatal.c.obj)
                0x00000000000099da                z_do_kernel_oops
 .text.z_irq_spurious
                0x00000000000099e2        0x8 zephyr/arch/arch/arm/core/aarch32/libarch__arm__core__aarch32.a(irq_manage.c.obj)
                0x00000000000099e2                z_irq_spurious
 .text.z_arm_nmi
                0x00000000000099ea        0xe zephyr/arch/arch/arm/core/aarch32/libarch__arm__core__aarch32.a(nmi.c.obj)
                0x00000000000099ea                z_arm_nmi
 .text.z_log_msg_static_create.constprop.0
                0x00000000000099f8        0x6 zephyr/arch/arch/arm/core/aarch32/cortex_m/libarch__arm__core__aarch32__cortex_m.a(fault.c.obj)
 .text.cbputc   0x00000000000099fe        0xc zephyr/lib/libc/picolibc/liblib__libc__picolibc.a(libc-hooks.c.obj)
 .text.picolibc_put
                0x0000000000009a0a        0xa zephyr/lib/libc/picolibc/liblib__libc__picolibc.a(libc-hooks.c.obj)
 .text.adc_context_on_timer_expired
                0x0000000000009a14       0x2e zephyr/drivers/adc/libdrivers__adc.a(adc_nrfx_saadc.c.obj)
 .text.get_status
                0x0000000000009a42       0x12 zephyr/drivers/clock_control/libdrivers__clock_control.a(clock_control_nrf.c.obj)
 .text.set_on_state
                0x0000000000009a54       0x26 zephyr/drivers/clock_control/libdrivers__clock_control.a(clock_control_nrf.c.obj)
 .text.stop     0x0000000000009a7a       0x52 zephyr/drivers/clock_control/libdrivers__clock_control.a(clock_control_nrf.c.obj)
 .text.api_stop
                0x0000000000009acc        0x6 zephyr/drivers/clock_control/libdrivers__clock_control.a(clock_control_nrf.c.obj)
 .text.async_start
                0x0000000000009ad2       0x5c zephyr/drivers/clock_control/libdrivers__clock_control.a(clock_control_nrf.c.obj)
 .text.api_start
                0x0000000000009b2e        0xe zephyr/drivers/clock_control/libdrivers__clock_control.a(clock_control_nrf.c.obj)
 .text.onoff_started_callback
                0x0000000000009b3c       0x12 zephyr/drivers/clock_control/libdrivers__clock_control.a(clock_control_nrf.c.obj)
 .text.lfclk_start
                0x0000000000009b4e        0x6 zephyr/drivers/clock_control/libdrivers__clock_control.a(clock_control_nrf.c.obj)
 .text.lfclk_stop
                0x0000000000009b54        0x6 zephyr/drivers/clock_control/libdrivers__clock_control.a(clock_control_nrf.c.obj)
 .text.blocking_start_callback
                0x0000000000009b5a        0x6 zephyr/drivers/clock_control/libdrivers__clock_control.a(clock_control_nrf.c.obj)
 .text.gpio_nrfx_port_get_raw
                0x0000000000009b60        0xe zephyr/drivers/gpio/libdrivers__gpio.a(gpio_nrfx.c.obj)
 .text.gpio_nrfx_port_set_masked_raw
                0x0000000000009b6e       0x18 zephyr/drivers/gpio/libdrivers__gpio.a(gpio_nrfx.c.obj)
 .text.gpio_nrfx_port_set_bits_raw
                0x0000000000009b86        0xc zephyr/drivers/gpio/libdrivers__gpio.a(gpio_nrfx.c.obj)
 .text.gpio_nrfx_port_clear_bits_raw
                0x0000000000009b92        0xc zephyr/drivers/gpio/libdrivers__gpio.a(gpio_nrfx.c.obj)
 .text.gpio_nrfx_port_toggle_bits
                0x0000000000009b9e       0x1a zephyr/drivers/gpio/libdrivers__gpio.a(gpio_nrfx.c.obj)
 .text.gpio_nrfx_manage_callback
                0x0000000000009bb8       0x52 zephyr/drivers/gpio/libdrivers__gpio.a(gpio_nrfx.c.obj)
 .text.kscan_ht16k33_config
                0x0000000000009c0a        0xc zephyr/drivers/kscan/libdrivers__kscan.a(kscan_ht16k33.c.obj)
 .text.kscan_ht16k33_init
                0x0000000000009c16       0x18 zephyr/drivers/kscan/libdrivers__kscan.a(kscan_ht16k33.c.obj)
 .text.ht16k33_timer_callback
                0x0000000000009c2e        0x6 zephyr/drivers/led/libdrivers__led.a(ht16k33.c.obj)
 .text.z_log_msg_static_create.constprop.0
                0x0000000000009c34        0x6 zephyr/drivers/led/libdrivers__led.a(ht16k33.c.obj)
 .text.ht16k33_irq_callback
                0x0000000000009c3a        0x8 zephyr/drivers/led/libdrivers__led.a(ht16k33.c.obj)
 .text.i2c_write_dt
                0x0000000000009c42       0x20 zephyr/drivers/led/libdrivers__led.a(ht16k33.c.obj)
 .text.ht16k33_led_set_brightness
                0x0000000000009c62       0x40 zephyr/drivers/led/libdrivers__led.a(ht16k33.c.obj)
 .text.ht16k33_led_off
                0x0000000000009ca2        0x6 zephyr/drivers/led/libdrivers__led.a(ht16k33.c.obj)
 .text.ht16k33_led_on
                0x0000000000009ca8        0x6 zephyr/drivers/led/libdrivers__led.a(ht16k33.c.obj)
 .text.ht16k33_register_keyscan_callback
                0x0000000000009cae       0x28 zephyr/drivers/led/libdrivers__led.a(ht16k33.c.obj)
                0x0000000000009cae                ht16k33_register_keyscan_callback
 .text.led_gpio_set_brightness
                0x0000000000009cd6       0x42 zephyr/drivers/led/libdrivers__led.a(led_gpio.c.obj)
 .text.led_gpio_on
                0x0000000000009d18        0x6 zephyr/drivers/led/libdrivers__led.a(led_gpio.c.obj)
 .text.led_gpio_off
                0x0000000000009d1e        0x6 zephyr/drivers/led/libdrivers__led.a(led_gpio.c.obj)
 .text.pinctrl_lookup_state
                0x0000000000009d24       0x26 zephyr/drivers/pinctrl/libdrivers__pinctrl.a(common.c.obj)
                0x0000000000009d24                pinctrl_lookup_state
 .text.uarte_nrfx_config_get
                0x0000000000009d4a       0x10 zephyr/drivers/serial/libdrivers__serial.a(uart_nrfx_uarte.c.obj)
 .text.uarte_nrfx_err_check
                0x0000000000009d5a        0xe zephyr/drivers/serial/libdrivers__serial.a(uart_nrfx_uarte.c.obj)
 .text.uarte_nrfx_poll_in
                0x0000000000009d68       0x28 zephyr/drivers/serial/libdrivers__serial.a(uart_nrfx_uarte.c.obj)
 .text.is_tx_ready.isra.0
                0x0000000000009d90       0x20 zephyr/drivers/serial/libdrivers__serial.a(uart_nrfx_uarte.c.obj)
 .text.uarte_nrfx_isr_int
                0x0000000000009db0       0x72 zephyr/drivers/serial/libdrivers__serial.a(uart_nrfx_uarte.c.obj)
 .text.irq_connect1
                0x0000000000009e22        0xa zephyr/drivers/spi/libdrivers__spi.a(spi_nrfx_spi.c.obj)
 .text.spi_context_get_next_buf.constprop.0
                0x0000000000009e2c       0x26 zephyr/drivers/spi/libdrivers__spi.a(spi_nrfx_spi.c.obj)
 .text.z_log_msg_static_create.constprop.0
                0x0000000000009e52        0x6 zephyr/drivers/spi/libdrivers__spi.a(spi_nrfx_spi.c.obj)
 .text.gpio_pin_set_dt.isra.0
                0x0000000000009e58       0x28 zephyr/drivers/spi/libdrivers__spi.a(spi_nrfx_spi.c.obj)
 .text.spi_context_unlock_unconditionally
                0x0000000000009e80       0x30 zephyr/drivers/spi/libdrivers__spi.a(spi_nrfx_spi.c.obj)
 .text.spi_nrfx_release
                0x0000000000009eb0       0x24 zephyr/drivers/spi/libdrivers__spi.a(spi_nrfx_spi.c.obj)
 .text.finish_transaction.isra.0
                0x0000000000009ed4       0x38 zephyr/drivers/spi/libdrivers__spi.a(spi_nrfx_spi.c.obj)
 .text.spi_nrfx_wake_request
                0x0000000000009f0c       0x50 zephyr/drivers/spi/libdrivers__spi.a(spi_nrfx_common.c.obj)
                0x0000000000009f0c                spi_nrfx_wake_request
 .text.irq_connect3
                0x0000000000009f5c        0xa zephyr/drivers/spi/libdrivers__spi.a(spi_nrfx_spim.c.obj)
 .text.spi_context_get_next_buf.constprop.0
                0x0000000000009f66       0x26 zephyr/drivers/spi/libdrivers__spi.a(spi_nrfx_spim.c.obj)
 .text.z_log_msg_static_create.constprop.0
                0x0000000000009f8c        0x6 zephyr/drivers/spi/libdrivers__spi.a(spi_nrfx_spim.c.obj)
 .text.gpio_pin_set_dt.isra.0
                0x0000000000009f92       0x28 zephyr/drivers/spi/libdrivers__spi.a(spi_nrfx_spim.c.obj)
 .text.spi_context_unlock_unconditionally
                0x0000000000009fba       0x30 zephyr/drivers/spi/libdrivers__spi.a(spi_nrfx_spim.c.obj)
 .text.spi_nrfx_release
                0x0000000000009fea       0x24 zephyr/drivers/spi/libdrivers__spi.a(spi_nrfx_spim.c.obj)
 .text.finish_transaction.isra.0
                0x000000000000a00e       0x38 zephyr/drivers/spi/libdrivers__spi.a(spi_nrfx_spim.c.obj)
 .text.event_clear
                0x000000000000a046       0x18 zephyr/drivers/timer/libdrivers__timer.a(nrf_rtc_timer.c.obj)
 .text.sys_clock_cycle_get_32
                0x000000000000a05e        0x8 zephyr/drivers/timer/libdrivers__timer.a(nrf_rtc_timer.c.obj)
                0x000000000000a05e                sys_clock_cycle_get_32
 .text.hw_cc3xx_init_internal
                0x000000000000a066        0x4 modules/nrf/drivers/hw_cc310/lib..__nrf__drivers__hw_cc310.a(hw_cc310.c.obj)
 .text.hw_cc3xx_init
                0x000000000000a06a       0x12 modules/nrf/drivers/hw_cc310/lib..__nrf__drivers__hw_cc310.a(hw_cc310.c.obj)
 .text.nrfx_isr
                0x000000000000a07c        0x2 modules/hal_nordic/nrfx/libmodules__hal_nordic__nrfx.a(nrfx_glue.c.obj)
                0x000000000000a07c                nrfx_isr
 .text.nrfx_busy_wait
                0x000000000000a07e        0x4 modules/hal_nordic/nrfx/libmodules__hal_nordic__nrfx.a(nrfx_glue.c.obj)
                0x000000000000a07e                nrfx_busy_wait
 .text.nrfx_gppi_channel_endpoints_setup
                0x000000000000a082       0x14 modules/hal_nordic/nrfx/libmodules__hal_nordic__nrfx.a(nrfx_gppi_ppi.c.obj)
                0x000000000000a082                nrfx_gppi_channel_endpoints_setup
 .text.nrfx_clock_enable
                0x000000000000a096       0x1a modules/hal_nordic/nrfx/libmodules__hal_nordic__nrfx.a(nrfx_clock.c.obj)
                0x000000000000a096                nrfx_clock_enable
 .text.nrfx_clock_start
                0x000000000000a0b0       0x78 modules/hal_nordic/nrfx/libmodules__hal_nordic__nrfx.a(nrfx_clock.c.obj)
                0x000000000000a0b0                nrfx_clock_start
 .text.nrfx_clock_stop
                0x000000000000a128        0x4 modules/hal_nordic/nrfx/libmodules__hal_nordic__nrfx.a(nrfx_clock.c.obj)
                0x000000000000a128                nrfx_clock_stop
 .text.nrf_gpio_reconfigure
                0x000000000000a12c       0x92 modules/hal_nordic/nrfx/libmodules__hal_nordic__nrfx.a(nrfx_gpiote.c.obj)
 .text.nrf_gpio_cfg_sense_set
                0x000000000000a1be       0x1e modules/hal_nordic/nrfx/libmodules__hal_nordic__nrfx.a(nrfx_gpiote.c.obj)
 .text.nrfx_gpiote_in_event_get
                0x000000000000a1dc       0x22 modules/hal_nordic/nrfx/libmodules__hal_nordic__nrfx.a(nrfx_gpiote.c.obj)
                0x000000000000a1dc                nrfx_gpiote_in_event_get
 .text.nrf_gpio_pin_set
                0x000000000000a1fe       0x1a modules/hal_nordic/nrfx/libmodules__hal_nordic__nrfx.a(nrfx_spi.c.obj)
 .text.nrf_gpio_pin_clear
                0x000000000000a218       0x1a modules/hal_nordic/nrfx/libmodules__hal_nordic__nrfx.a(nrfx_spi.c.obj)
 .text.transfer_byte
                0x000000000000a232       0x66 modules/hal_nordic/nrfx/libmodules__hal_nordic__nrfx.a(nrfx_spi.c.obj)
 .text.__nrfy_internal_spim_event_handle
                0x000000000000a298       0x2a modules/hal_nordic/nrfx/libmodules__hal_nordic__nrfx.a(nrfx_spim.c.obj)
 .text.__nrfy_internal_spim_events_process
                0x000000000000a2c2       0x7c modules/hal_nordic/nrfx/libmodules__hal_nordic__nrfx.a(nrfx_spim.c.obj)
 .text.nrf_gpio_pin_set
                0x000000000000a33e       0x1a modules/hal_nordic/nrfx/libmodules__hal_nordic__nrfx.a(nrfx_spim.c.obj)
 .text.nrf_gpio_pin_clear
                0x000000000000a358       0x1a modules/hal_nordic/nrfx/libmodules__hal_nordic__nrfx.a(nrfx_spim.c.obj)
 .text.spim_abort
                0x000000000000a372       0x2c modules/hal_nordic/nrfx/libmodules__hal_nordic__nrfx.a(nrfx_spim.c.obj)
 .text.twi_transfer
                0x000000000000a39e      0x130 modules/hal_nordic/nrfx/libmodules__hal_nordic__nrfx.a(nrfx_twi.c.obj)
 .text.nrf_gpio_pin_set
                0x000000000000a4ce       0x1a modules/hal_nordic/nrfx/libmodules__hal_nordic__nrfx.a(nrfx_twi_twim.c.obj)
 .text.SEGGER_RTT_Init
                0x000000000000a4e8        0x4 modules/segger/libmodules__segger.a(SEGGER_RTT.c.obj)
                0x000000000000a4e8                SEGGER_RTT_Init
 .text.rtt_init
                0x000000000000a4ec        0xa modules/segger/libmodules__segger.a(SEGGER_RTT_zephyr.c.obj)
 .text.z_impl_k_busy_wait
                0x000000000000a4f6        0x8 zephyr/kernel/libkernel.a(busy_wait.c.obj)
                0x000000000000a4f6                z_impl_k_busy_wait
 .text.z_device_state_init
                0x000000000000a4fe        0x2 zephyr/kernel/libkernel.a(device.c.obj)
                0x000000000000a4fe                z_device_state_init
 .text.z_device_is_ready
                0x000000000000a500       0x16 zephyr/kernel/libkernel.a(device.c.obj)
                0x000000000000a500                z_device_is_ready
 .text.z_early_memset
                0x000000000000a516        0x4 zephyr/kernel/libkernel.a(init.c.obj)
                0x000000000000a516                z_early_memset
 .text.z_early_memcpy
                0x000000000000a51a        0x4 zephyr/kernel/libkernel.a(init.c.obj)
                0x000000000000a51a                z_early_memcpy
 .text.create_free_list
                0x000000000000a51e       0x2c zephyr/kernel/libkernel.a(mem_slab.c.obj)
 .text.k_mem_slab_init
                0x000000000000a54a       0x1c zephyr/kernel/libkernel.a(mem_slab.c.obj)
                0x000000000000a54a                k_mem_slab_init
 .text.k_mem_slab_free
                0x000000000000a566       0x4c zephyr/kernel/libkernel.a(mem_slab.c.obj)
                0x000000000000a566                k_mem_slab_free
 .text.k_is_in_isr
                0x000000000000a5b2        0xc zephyr/kernel/libkernel.a(thread.c.obj)
                0x000000000000a5b2                k_is_in_isr
 .text.z_impl_k_thread_name_set
                0x000000000000a5be        0x6 zephyr/kernel/libkernel.a(thread.c.obj)
                0x000000000000a5be                z_impl_k_thread_name_set
 .text.k_thread_name_get
                0x000000000000a5c4        0x4 zephyr/kernel/libkernel.a(thread.c.obj)
                0x000000000000a5c4                k_thread_name_get
 .text.z_impl_k_thread_start
                0x000000000000a5c8        0x4 zephyr/kernel/libkernel.a(thread.c.obj)
                0x000000000000a5c8                z_impl_k_thread_start
 .text.idle     0x000000000000a5cc       0x18 zephyr/kernel/libkernel.a(idle.c.obj)
                0x000000000000a5cc                idle
 .text.adjust_owner_prio.isra.0
                0x000000000000a5e4       0x10 zephyr/kernel/libkernel.a(mutex.c.obj)
 .text.z_impl_k_mutex_init
                0x000000000000a5f4        0xe zephyr/kernel/libkernel.a(mutex.c.obj)
                0x000000000000a5f4                z_impl_k_mutex_init
 .text.z_impl_k_sem_init
                0x000000000000a602       0x20 zephyr/kernel/libkernel.a(sem.c.obj)
                0x000000000000a602                z_impl_k_sem_init
 .text.sys_dlist_remove
                0x000000000000a622       0x10 zephyr/kernel/libkernel.a(sched.c.obj)
 .text.unpend_thread_no_timeout
                0x000000000000a632       0x14 zephyr/kernel/libkernel.a(sched.c.obj)
 .text.add_to_waitq_locked
                0x000000000000a646       0x50 zephyr/kernel/libkernel.a(sched.c.obj)
 .text.z_ready_thread
                0x000000000000a696       0x20 zephyr/kernel/libkernel.a(sched.c.obj)
                0x000000000000a696                z_ready_thread
 .text.z_unpend_thread_no_timeout
                0x000000000000a6b6       0x24 zephyr/kernel/libkernel.a(sched.c.obj)
                0x000000000000a6b6                z_unpend_thread_no_timeout
 .text.z_sched_wake_thread
                0x000000000000a6da       0x44 zephyr/kernel/libkernel.a(sched.c.obj)
                0x000000000000a6da                z_sched_wake_thread
 .text.z_thread_timeout
                0x000000000000a71e        0x8 zephyr/kernel/libkernel.a(sched.c.obj)
                0x000000000000a71e                z_thread_timeout
 .text.z_unpend1_no_timeout
                0x000000000000a726       0x2e zephyr/kernel/libkernel.a(sched.c.obj)
                0x000000000000a726                z_unpend1_no_timeout
 .text.z_unpend_first_thread
                0x000000000000a754       0x38 zephyr/kernel/libkernel.a(sched.c.obj)
                0x000000000000a754                z_unpend_first_thread
 .text.z_unpend_thread
                0x000000000000a78c       0x30 zephyr/kernel/libkernel.a(sched.c.obj)
                0x000000000000a78c                z_unpend_thread
 .text.z_reschedule_irqlock
                0x000000000000a7bc       0x18 zephyr/kernel/libkernel.a(sched.c.obj)
                0x000000000000a7bc                z_reschedule_irqlock
 .text.z_reschedule_unlocked
                0x000000000000a7d4       0x14 zephyr/kernel/libkernel.a(sched.c.obj)
 .text.z_sched_wake
                0x000000000000a7e8       0x46 zephyr/kernel/libkernel.a(sched.c.obj)
                0x000000000000a7e8                z_sched_wake
 .text.z_abort_timeout
                0x000000000000a82e       0x2c zephyr/kernel/libkernel.a(timeout.c.obj)
                0x000000000000a82e                z_abort_timeout
 .text.sys_clock_tick_get_32
                0x000000000000a85a        0x8 zephyr/kernel/libkernel.a(timeout.c.obj)
                0x000000000000a85a                sys_clock_tick_get_32
 .text.z_impl_k_uptime_ticks
                0x000000000000a862        0x4 zephyr/kernel/libkernel.a(timeout.c.obj)
                0x000000000000a862                z_impl_k_uptime_ticks
 .text.k_timer_init
                0x000000000000a866       0x18 zephyr/kernel/libkernel.a(timer.c.obj)
                0x000000000000a866                k_timer_init
 .text.z_impl_k_timer_stop
                0x000000000000a87e       0x3a zephyr/kernel/libkernel.a(timer.c.obj)
                0x000000000000a87e                z_impl_k_timer_stop
 .text.signal_poll_event
                0x000000000000a8b8       0xb4 zephyr/kernel/libkernel.a(poll.c.obj)
 .text.z_handle_obj_poll_events
                0x000000000000a96c       0x1c zephyr/kernel/libkernel.a(poll.c.obj)
                0x000000000000a96c                z_handle_obj_poll_events
 .text.flag_test_and_clear
                0x000000000000a988       0x16 zephyr/kernel/libkernel.a(work.c.obj)
 .text.notify_queue_locked.isra.0
                0x000000000000a99e        0xe zephyr/kernel/libkernel.a(work.c.obj)
 .text.z_work_submit_to_queue
                0x000000000000a9ac       0x28 zephyr/kernel/libkernel.a(work.c.obj)
                0x000000000000a9ac                z_work_submit_to_queue
 .text.strnlen  0x000000000000a9d4       0x18 c:\ncs\toolchains\cf2149caf2\opt\zephyr-sdk\arm-zephyr-eabi\bin\../lib/gcc/../../picolibc/arm-zephyr-eabi/lib/thumb/v7e-m/nofp\libc.a(libc_string_strnlen.c.o)
                0x000000000000a9d4                strnlen
 .text.__ultoa_invert
                0x000000000000a9ec       0x34 c:\ncs\toolchains\cf2149caf2\opt\zephyr-sdk\arm-zephyr-eabi\bin\../lib/gcc/../../picolibc/arm-zephyr-eabi/lib/thumb/v7e-m/nofp\libc.a(libc_tinystdio_vfiprintf.c.o)
 .text.memcpy   0x000000000000aa20       0x1c c:\ncs\toolchains\cf2149caf2\opt\zephyr-sdk\arm-zephyr-eabi\bin\../lib/gcc/../../picolibc/arm-zephyr-eabi/lib/thumb/v7e-m/nofp\libc.a(memcpy.c.o)
                0x000000000000aa20                __aeabi_memcpy
                0x000000000000aa20                __aeabi_memcpy4
                0x000000000000aa20                __aeabi_memcpy8
                0x000000000000aa20                memcpy
 .text.memset   0x000000000000aa3c       0x10 c:\ncs\toolchains\cf2149caf2\opt\zephyr-sdk\arm-zephyr-eabi\bin\../lib/gcc/../../picolibc/arm-zephyr-eabi/lib/thumb/v7e-m/nofp\libc.a(memset.c.o)
                0x000000000000aa3c                memset
 .text.__file_str_put
                0x000000000000aa4c       0x10 c:\ncs\toolchains\cf2149caf2\opt\zephyr-sdk\arm-zephyr-eabi\bin\../lib/gcc/../../picolibc/arm-zephyr-eabi/lib/thumb/v7e-m/nofp\libc.a(libc_tinystdio_filestrput.c.o)
                0x000000000000aa4c                __file_str_put
 *(SORT_BY_ALIGNMENT(.TEXT.*))
 .TEXT.__aeabi_read_tp
                0x000000000000aa5c        0xc zephyr/arch/arch/arm/core/aarch32/cortex_m/libarch__arm__core__aarch32__cortex_m.a(__aeabi_read_tp.S.obj)
                0x000000000000aa5c                __aeabi_read_tp
 *(SORT_BY_ALIGNMENT(.gnu.linkonce.t.*))
 *(SORT_BY_ALIGNMENT(.glue_7t))
 .glue_7t       0x000000000000aa68        0x0 linker stubs
 *(SORT_BY_ALIGNMENT(.glue_7))
 .glue_7        0x000000000000aa68        0x0 linker stubs
 *(SORT_BY_ALIGNMENT(.vfp11_veneer))
 .vfp11_veneer  0x000000000000aa68        0x0 linker stubs
 *(SORT_BY_ALIGNMENT(.v4_bx))
 .v4_bx         0x000000000000aa68        0x0 linker stubs
                0x000000000000aa68                . = ALIGN (0x4)
                0x000000000000aa68                __text_region_end = .

.ARM.exidx      0x000000000000aa68        0x8
                0x000000000000aa68                __exidx_start = .
 *(SORT_BY_ALIGNMENT(.ARM.exidx*) SORT_BY_ALIGNMENT(gnu.linkonce.armexidx.*))
 .ARM.exidx     0x000000000000aa68        0x8 c:/ncs/toolchains/cf2149caf2/opt/zephyr-sdk/arm-zephyr-eabi/bin/../lib/gcc/arm-zephyr-eabi/12.2.0/thumb/v7e-m/nofp\libgcc.a(_udivmoddi4.o)
 .ARM.exidx     0x000000000000aa70        0x0 c:\ncs\toolchains\cf2149caf2\opt\zephyr-sdk\arm-zephyr-eabi\bin\../lib/gcc/../../picolibc/arm-zephyr-eabi/lib/thumb/v7e-m/nofp\libc.a(strlen.S.o)
                                          0x8 (size before relaxing)
                0x000000000000aa70                __exidx_end = .
                0x000000000000aa70                __rodata_region_start = .

initlevel       0x000000000000aa70       0xa8
                0x000000000000aa70                __init_start = .
                0x000000000000aa70                __init_EARLY_start = .
 *(SORT_BY_NAME(SORT_BY_ALIGNMENT(.z_init_EARLY?_*)))
 *(SORT_BY_NAME(SORT_BY_ALIGNMENT(.z_init_EARLY??_*)))
                0x000000000000aa70                __init_PRE_KERNEL_1_start = .
 *(SORT_BY_NAME(SORT_BY_ALIGNMENT(.z_init_PRE_KERNEL_1?_*)))
 .z_init_PRE_KERNEL_10_0_
                0x000000000000aa70        0x8 zephyr/soc/soc/arm/nordic_nrf/nrf52/libsoc__arm__nordic_nrf__nrf52.a(soc.c.obj)
 *(SORT_BY_NAME(SORT_BY_ALIGNMENT(.z_init_PRE_KERNEL_1??_*)))
 .z_init_PRE_KERNEL_130_00075_
                0x000000000000aa78        0x8 zephyr/drivers/clock_control/libdrivers__clock_control.a(clock_control_nrf.c.obj)
 .z_init_PRE_KERNEL_130_0_
                0x000000000000aa80        0x8 modules/segger/libmodules__segger.a(SEGGER_RTT_zephyr.c.obj)
 .z_init_PRE_KERNEL_130_0_
                0x000000000000aa88        0x8 zephyr/kernel/libkernel.a(mem_slab.c.obj)
 .z_init_PRE_KERNEL_140_00013_
                0x000000000000aa90        0x8 zephyr/drivers/gpio/libdrivers__gpio.a(gpio_nrfx.c.obj)
 .z_init_PRE_KERNEL_140_00104_
                0x000000000000aa98        0x8 zephyr/drivers/gpio/libdrivers__gpio.a(gpio_nrfx.c.obj)
 .z_init_PRE_KERNEL_140_0_
                0x000000000000aaa0        0x8 modules/nrf/drivers/hw_cc310/lib..__nrf__drivers__hw_cc310.a(hw_cc310.c.obj)
 .z_init_PRE_KERNEL_155_00112_
                0x000000000000aaa8        0x8 zephyr/drivers/serial/libdrivers__serial.a(uart_nrfx_uarte.c.obj)
 .z_init_PRE_KERNEL_160_0_
                0x000000000000aab0        0x8 zephyr/drivers/console/libdrivers__console.a(uart_console.c.obj)
                0x000000000000aab8                __init_PRE_KERNEL_2_start = .
 *(SORT_BY_NAME(SORT_BY_ALIGNMENT(.z_init_PRE_KERNEL_2?_*)))
 .z_init_PRE_KERNEL_20_0_
                0x000000000000aab8        0x8 zephyr/drivers/timer/libdrivers__timer.a(nrf_rtc_timer.c.obj)
 *(SORT_BY_NAME(SORT_BY_ALIGNMENT(.z_init_PRE_KERNEL_2??_*)))
                0x000000000000aac0                __init_POST_KERNEL_start = .
 *(SORT_BY_NAME(SORT_BY_ALIGNMENT(.z_init_POST_KERNEL?_*)))
 .z_init_POST_KERNEL0_0_
                0x000000000000aac0        0x8 zephyr/libzephyr.a(log_core.c.obj)
 *(SORT_BY_NAME(SORT_BY_ALIGNMENT(.z_init_POST_KERNEL??_*)))
 .z_init_POST_KERNEL40_0_
                0x000000000000aac8        0x8 zephyr/lib/libc/common/liblib__libc__common.a(malloc.c.obj)
 .z_init_POST_KERNEL40_0_
                0x000000000000aad0        0x8 modules/nrf/drivers/hw_cc310/lib..__nrf__drivers__hw_cc310.a(hw_cc310.c.obj)
 .z_init_POST_KERNEL40_0_
                0x000000000000aad8        0x8 zephyr/kernel/libkernel.a(system_work_q.c.obj)
 .z_init_POST_KERNEL50_00010_
                0x000000000000aae0        0x8 zephyr/drivers/adc/libdrivers__adc.a(adc_nrfx_saadc.c.obj)
 .z_init_POST_KERNEL50_00127_
                0x000000000000aae8        0x8 zephyr/drivers/i2c/libdrivers__i2c.a(i2c_nrfx_twi.c.obj)
 .z_init_POST_KERNEL70_00102_
                0x000000000000aaf0        0x8 zephyr/drivers/spi/libdrivers__spi.a(spi_nrfx_spi.c.obj)
 .z_init_POST_KERNEL70_00105_
                0x000000000000aaf8        0x8 zephyr/drivers/spi/libdrivers__spi.a(spi_nrfx_spim.c.obj)
 .z_init_POST_KERNEL90_00021_
                0x000000000000ab00        0x8 zephyr/drivers/led/libdrivers__led.a(led_gpio.c.obj)
 .z_init_POST_KERNEL90_00128_
                0x000000000000ab08        0x8 zephyr/drivers/led/libdrivers__led.a(ht16k33.c.obj)
 .z_init_POST_KERNEL95_00129_
                0x000000000000ab10        0x8 zephyr/drivers/kscan/libdrivers__kscan.a(kscan_ht16k33.c.obj)
                0x000000000000ab18                __init_APPLICATION_start = .
 *(SORT_BY_NAME(SORT_BY_ALIGNMENT(.z_init_APPLICATION?_*)))
 *(SORT_BY_NAME(SORT_BY_ALIGNMENT(.z_init_APPLICATION??_*)))
                0x000000000000ab18                __init_SMP_start = .
 *(SORT_BY_NAME(SORT_BY_ALIGNMENT(.z_init_SMP?_*)))
 *(SORT_BY_NAME(SORT_BY_ALIGNMENT(.z_init_SMP??_*)))
                0x000000000000ab18                __init_end = .

device_area     0x000000000000ab18       0xdc
                0x000000000000ab18                _device_list_start = .
 *(SORT_BY_NAME(SORT_BY_ALIGNMENT(._device.static.*_?_*)))
 *(SORT_BY_NAME(SORT_BY_ALIGNMENT(._device.static.*_??_*)))
 ._device.static.1_30_
                0x000000000000ab18       0x14 zephyr/drivers/clock_control/libdrivers__clock_control.a(clock_control_nrf.c.obj)
                0x000000000000ab18                __device_dts_ord_75
 ._device.static.1_40_
                0x000000000000ab2c       0x28 zephyr/drivers/gpio/libdrivers__gpio.a(gpio_nrfx.c.obj)
                0x000000000000ab2c                __device_dts_ord_104
                0x000000000000ab40                __device_dts_ord_13
 ._device.static.1_55_
                0x000000000000ab54       0x14 zephyr/drivers/serial/libdrivers__serial.a(uart_nrfx_uarte.c.obj)
                0x000000000000ab54                __device_dts_ord_112
 ._device.static.3_50_
                0x000000000000ab68       0x14 zephyr/drivers/adc/libdrivers__adc.a(adc_nrfx_saadc.c.obj)
                0x000000000000ab68                __device_dts_ord_10
 ._device.static.3_50_
                0x000000000000ab7c       0x14 zephyr/drivers/i2c/libdrivers__i2c.a(i2c_nrfx_twi.c.obj)
                0x000000000000ab7c                __device_dts_ord_127
 ._device.static.3_70_
                0x000000000000ab90       0x14 zephyr/drivers/spi/libdrivers__spi.a(spi_nrfx_spi.c.obj)
                0x000000000000ab90                __device_dts_ord_102
 ._device.static.3_70_
                0x000000000000aba4       0x14 zephyr/drivers/spi/libdrivers__spi.a(spi_nrfx_spim.c.obj)
                0x000000000000aba4                __device_dts_ord_105
 ._device.static.3_90_
                0x000000000000abb8       0x14 zephyr/drivers/led/libdrivers__led.a(ht16k33.c.obj)
                0x000000000000abb8                __device_dts_ord_128
 ._device.static.3_90_
                0x000000000000abcc       0x14 zephyr/drivers/led/libdrivers__led.a(led_gpio.c.obj)
                0x000000000000abcc                __device_dts_ord_21
 ._device.static.3_95_
                0x000000000000abe0       0x14 zephyr/drivers/kscan/libdrivers__kscan.a(kscan_ht16k33.c.obj)
                0x000000000000abe0                __device_dts_ord_129
                0x000000000000abf4                _device_list_end = .

sw_isr_table    0x000000000000abf4      0x180
                0x000000000000abf4                . = ALIGN (0x4)
 *(SORT_BY_ALIGNMENT(.gnu.linkonce.sw_isr_table*))
 .gnu.linkonce.sw_isr_table
                0x000000000000abf4      0x180 zephyr/CMakeFiles/zephyr_final.dir/isr_tables.c.obj
                0x000000000000abf4                _sw_isr_table

initlevel_error
                0x000000000000aa70        0x0