Archive member included to satisfy reference by file (symbol)

app/libapp.a(led.c.obj)       (--whole-archive)
app/libapp.a(main.c.obj)      (--whole-archive)
app/libapp.a(print_led.c.obj)
                              (--whole-archive)
zephyr/libzephyr.a(cbprintf_packaged.c.obj)
                              (--whole-archive)
zephyr/libzephyr.a(dec.c.obj)
                              (--whole-archive)
zephyr/libzephyr.a(fdtable.c.obj)
                              (--whole-archive)
zephyr/libzephyr.a(hex.c.obj)
                              (--whole-archive)
zephyr/libzephyr.a(printk.c.obj)
                              (--whole-archive)
zephyr/libzephyr.a(rb.c.obj)  (--whole-archive)
zephyr/libzephyr.a(sem.c.obj)
                              (--whole-archive)
zephyr/libzephyr.a(thread_entry.c.obj)
                              (--whole-archive)
zephyr/libzephyr.a(timeutil.c.obj)
                              (--whole-archive)
zephyr/libzephyr.a(heap.c.obj)
                              (--whole-archive)
zephyr/libzephyr.a(heap-validate.c.obj)
                              (--whole-archive)
zephyr/libzephyr.a(bitarray.c.obj)
                              (--whole-archive)
zephyr/libzephyr.a(multi_heap.c.obj)
                              (--whole-archive)
zephyr/libzephyr.a(onoff.c.obj)
                              (--whole-archive)
zephyr/libzephyr.a(notify.c.obj)
                              (--whole-archive)
zephyr/libzephyr.a(cbprintf_complete.c.obj)
                              (--whole-archive)
zephyr/libzephyr.a(assert.c.obj)
                              (--whole-archive)
zephyr/libzephyr.a(mpsc_pbuf.c.obj)
                              (--whole-archive)
zephyr/libzephyr.a(reboot.c.obj)
                              (--whole-archive)
zephyr/libzephyr.a(configs.c.obj)
                              (--whole-archive)
zephyr/libzephyr.a(soc_nrf_common.S.obj)
                              (--whole-archive)
zephyr/libzephyr.a(validate_base_addresses.c.obj)
                              (--whole-archive)
zephyr/libzephyr.a(validate_enabled_instances.c.obj)
                              (--whole-archive)
zephyr/libzephyr.a(log_core.c.obj)
                              (--whole-archive)
zephyr/libzephyr.a(log_mgmt.c.obj)
                              (--whole-archive)
zephyr/libzephyr.a(log_cache.c.obj)
                              (--whole-archive)
zephyr/libzephyr.a(log_msg.c.obj)
                              (--whole-archive)
zephyr/libzephyr.a(log_output.c.obj)
                              (--whole-archive)
zephyr/libzephyr.a(log_backend_rtt.c.obj)
                              (--whole-archive)
zephyr/libzephyr.a(log_backend_uart.c.obj)
                              (--whole-archive)
zephyr/libzephyr.a(tracing_none.c.obj)
                              (--whole-archive)
zephyr/libzephyr.a(nrf_cc3xx_platform_abort_zephyr.c.obj)
                              (--whole-archive)
zephyr/libzephyr.a(nrf_cc3xx_platform_mutex_zephyr.c.obj)
                              (--whole-archive)
zephyr/arch/common/libarch__common.a(sw_isr_common.c.obj)
                              (--whole-archive)
zephyr/arch/arch/arm/core/aarch32/libarch__arm__core__aarch32.a(cpu_idle.S.obj)
                              (--whole-archive)
zephyr/arch/arch/arm/core/aarch32/libarch__arm__core__aarch32.a(fatal.c.obj)
                              (--whole-archive)
zephyr/arch/arch/arm/core/aarch32/libarch__arm__core__aarch32.a(irq_manage.c.obj)
                              (--whole-archive)
zephyr/arch/arch/arm/core/aarch32/libarch__arm__core__aarch32.a(nmi.c.obj)
                              (--whole-archive)
zephyr/arch/arch/arm/core/aarch32/libarch__arm__core__aarch32.a(nmi_on_reset.S.obj)
                              (--whole-archive)
zephyr/arch/arch/arm/core/aarch32/libarch__arm__core__aarch32.a(prep_c.c.obj)
                              (--whole-archive)
zephyr/arch/arch/arm/core/aarch32/libarch__arm__core__aarch32.a(swap.c.obj)
                              (--whole-archive)
zephyr/arch/arch/arm/core/aarch32/libarch__arm__core__aarch32.a(swap_helper.S.obj)
                              (--whole-archive)
zephyr/arch/arch/arm/core/aarch32/libarch__arm__core__aarch32.a(thread.c.obj)
                              (--whole-archive)
zephyr/arch/arch/arm/core/aarch32/libarch__arm__core__aarch32.a(isr_wrapper.S.obj)
                              (--whole-archive)
zephyr/arch/arch/arm/core/aarch32/libarch__arm__core__aarch32.a(tls.c.obj)
                              (--whole-archive)
zephyr/arch/arch/arm/core/aarch32/cortex_m/libarch__arm__core__aarch32__cortex_m.a(exc_exit.S.obj)
                              (--whole-archive)
zephyr/arch/arch/arm/core/aarch32/cortex_m/libarch__arm__core__aarch32__cortex_m.a(fault.c.obj)
                              (--whole-archive)
zephyr/arch/arch/arm/core/aarch32/cortex_m/libarch__arm__core__aarch32__cortex_m.a(fault_s.S.obj)
                              (--whole-archive)
[...]
Memory Configuration

Name             Origin             Length             Attributes
FLASH            0x0000000000000000 0x0000000000100000 xr
RAM              0x0000000020000000 0x0000000000040000 xw
IDT_LIST         0x00000000fffff7ff 0x0000000000000800 xw
*default*        0x0000000000000000 0xffffffffffffffff

Linker script and memory map

                0x00000000000092f8                vfprintf = __i_vfprintf
                0x0000000000000000                vfscanf = __i_vfscanf
LOAD zephyr/CMakeFiles/zephyr_pre0.dir/misc/empty_file.c.obj
LOAD zephyr/CMakeFiles/offsets.dir/./arch/arm/core/offsets/offsets.c.obj
LOAD app/libapp.a
LOAD zephyr/libzephyr.a
LOAD zephyr/arch/common/libarch__common.a
LOAD zephyr/arch/arch/arm/core/aarch32/libarch__arm__core__aarch32.a
LOAD zephyr/arch/arch/arm/core/aarch32/cortex_m/libarch__arm__core__aarch32__cortex_m.a
LOAD zephyr/arch/arch/arm/core/aarch32/mpu/libarch__arm__core__aarch32__mpu.a
LOAD zephyr/lib/libc/picolibc/liblib__libc__picolibc.a
LOAD zephyr/lib/libc/common/liblib__libc__common.a
LOAD zephyr/soc/soc/arm/common/cortex_m/libsoc__arm__common__cortex_m.a
LOAD zephyr/soc/soc/arm/nordic_nrf/nrf52/libsoc__arm__nordic_nrf__nrf52.a
LOAD zephyr/drivers/adc/libdrivers__adc.a
LOAD zephyr/drivers/clock_control/libdrivers__clock_control.a
LOAD zephyr/drivers/console/libdrivers__console.a
LOAD zephyr/drivers/gpio/libdrivers__gpio.a
LOAD zephyr/drivers/i2c/libdrivers__i2c.a
LOAD zephyr/drivers/kscan/libdrivers__kscan.a
LOAD zephyr/drivers/led/libdrivers__led.a
LOAD zephyr/drivers/pinctrl/libdrivers__pinctrl.a
LOAD zephyr/drivers/sensor/qdec_nrfx/libdrivers__sensor__qdec_nrfx.a
LOAD zephyr/drivers/sensor/nrf5/libdrivers__sensor__nrf5.a
LOAD zephyr/drivers/serial/libdrivers__serial.a
LOAD zephyr/drivers/spi/libdrivers__spi.a
LOAD zephyr/drivers/timer/libdrivers__timer.a
LOAD modules/nrf/lib/fatal_error/lib..__nrf__lib__fatal_error.a
LOAD modules/nrf/drivers/hw_cc310/lib..__nrf__drivers__hw_cc310.a
LOAD modules/hal_nordic/nrfx/libmodules__hal_nordic__nrfx.a
LOAD modules/segger/libmodules__segger.a
LOAD zephyr/kernel/libkernel.a
LOAD c:/ncs/toolchains/cf2149caf2/opt/zephyr-sdk/arm-zephyr-eabi/bin/../lib/gcc/arm-zephyr-eabi/12.2.0/thumb/v7e-m/nofp\libgcc.a
LOAD zephyr/arch/common/libisr_tables.a
LOAD C:/ncs/v2.5.0/nrfxlib/crypto/nrf_cc310_platform/lib/cortex-m4/soft-float/no-interrupts/libnrf_cc310_platform_0.9.18.a
LOAD c:\ncs\toolchains\cf2149caf2\opt\zephyr-sdk\arm-zephyr-eabi\bin\../lib/gcc/../../picolibc/arm-zephyr-eabi/lib/thumb/v7e-m/nofp\libc.a
LOAD c:/ncs/toolchains/cf2149caf2/opt/zephyr-sdk/arm-zephyr-eabi/bin/../lib/gcc/arm-zephyr-eabi/12.2.0/thumb/v7e-m/nofp\libgcc.a
                0x0000000000000020                _region_min_align = 0x20

.rel.plt        0x0000000000000000        0x0
 *(SORT_BY_ALIGNMENT(.rel.plt))
                [!provide]                        PROVIDE (__rel_iplt_start = .)
 *(SORT_BY_ALIGNMENT(.rel.iplt))
 .rel.iplt      0x0000000000000000        0x0 app/libapp.a(led.c.obj)
                [!provide]                        PROVIDE (__rel_iplt_end = .)

.rela.plt       0x0000000000000000        0x0
 *(SORT_BY_ALIGNMENT(.rela.plt))
                [!provide]                        PROVIDE (__rela_iplt_start = .)
 *(SORT_BY_ALIGNMENT(.rela.iplt))
                [!provide]                        PROVIDE (__rela_iplt_end = .)

.rel.dyn
 *(SORT_BY_ALIGNMENT(.rel.*))

.rela.dyn
 *(SORT_BY_ALIGNMENT(.rela.*))

/DISCARD/
 *(SORT_BY_ALIGNMENT(.plt))

/DISCARD/
 *(SORT_BY_ALIGNMENT(.iplt))
                0x0000000000000000                __rom_region_start = 0x0

rom_start       0x0000000000000000      0x100
                0x0000000000000000                __rom_start_address = .
                0x0000000000000000                . = (. + (0x0 - (. - __rom_start_address)))
                0x0000000000000000                . = ALIGN (0x4)
                0x0000000000000000                . = ALIGN (0x80)
                0x0000000000000000                . = ALIGN (0x100)
                0x0000000000000000                _vector_start = .
 *(SORT_BY_ALIGNMENT(.exc_vector_table))
 *(SORT_BY_ALIGNMENT(.exc_vector_table.*))
 .exc_vector_table._vector_table_section
                0x0000000000000000       0x40 zephyr/arch/arch/arm/core/aarch32/cortex_m/libarch__arm__core__aarch32__cortex_m.a(vector_table.S.obj)
                0x0000000000000000                _vector_table
 *(SORT_BY_ALIGNMENT(.vectors))
                0x0000000000000100                _vector_end = .
                0x0000000000000040                . = ALIGN (0x4)
 *(SORT_BY_ALIGNMENT(.gnu.linkonce.irq_vector_table*))
 .gnu.linkonce.irq_vector_table
                0x0000000000000040       0xc0 zephyr/arch/common/libisr_tables.a(isr_tables.c.obj)
                0x0000000000000040                _irq_vector_table
                0x0000000000000100                _vector_end = .

text            0x0000000000000100     0xb22c
                0x0000000000000100                __text_region_start = .
 *(SORT_BY_ALIGNMENT(.text))
 .text          0x0000000000000100       0x30 c:/ncs/toolchains/cf2149caf2/opt/zephyr-sdk/arm-zephyr-eabi/bin/../lib/gcc/arm-zephyr-eabi/12.2.0/thumb/v7e-m/nofp\libgcc.a(_aeabi_uldivmod.o)
                0x0000000000000100                __aeabi_uldivmod
 .text          0x0000000000000130        0x4 c:/ncs/toolchains/cf2149caf2/opt/zephyr-sdk/arm-zephyr-eabi/bin/../lib/gcc/arm-zephyr-eabi/12.2.0/thumb/v7e-m/nofp\libgcc.a(_dvmd_tls.o)
                0x0000000000000130                __aeabi_idiv0
                0x0000000000000130                __aeabi_ldiv0
 .text          0x0000000000000134      0x2a0 c:/ncs/toolchains/cf2149caf2/opt/zephyr-sdk/arm-zephyr-eabi/bin/../lib/gcc/arm-zephyr-eabi/12.2.0/thumb/v7e-m/nofp\libgcc.a(_udivmoddi4.o)
                0x0000000000000134                __udivmoddi4
 .text          0x00000000000003d4       0x10 c:\ncs\toolchains\cf2149caf2\opt\zephyr-sdk\arm-zephyr-eabi\bin\../lib/gcc/../../picolibc/arm-zephyr-eabi/lib/thumb/v7e-m/nofp\libc.a(strlen.S.o)
                0x00000000000003d4                strlen
 *(SORT_BY_ALIGNMENT(.text.*))
 .text.led_off_all
                0x00000000000003e4       0x1c app/libapp.a(led.c.obj)
                0x00000000000003e4                led_off_all
 .text.led_on_idx
                0x0000000000000400       0x34 app/libapp.a(led.c.obj)
                0x0000000000000400                led_on_idx
 .text.sw_callback
                0x0000000000000434       0x1c app/libapp.a(main.c.obj)
                0x0000000000000434                sw_callback
 .text.display_rotary_led
                0x0000000000000450       0x3c app/libapp.a(main.c.obj)
                0x0000000000000450                display_rotary_led
 .text.main     0x000000000000048c      0x270 app/libapp.a(main.c.obj)
                0x000000000000048c                main
 .text.led_off.constprop.0.isra.0
                0x00000000000006fc       0x10 app/libapp.a(print_led.c.obj)
 .text.led_on_seconds
                0x000000000000070c       0xb4 app/libapp.a(print_led.c.obj)
                0x000000000000070c                led_on_seconds
 .text.cbvprintf_package
                0x00000000000007c0      0x3a4 zephyr/libzephyr.a(cbprintf_packaged.c.obj)
                0x00000000000007c0                cbvprintf_package
 .text.cbprintf_package_convert
                0x0000000000000b64      0x3b0 zephyr/libzephyr.a(cbprintf_packaged.c.obj)
                0x0000000000000b64                cbprintf_package_convert
 .text.__printk_hook_install
                0x0000000000000f14        0xc zephyr/libzephyr.a(printk.c.obj)
                0x0000000000000f14                __printk_hook_install
 .text.z_thread_entry
                0x0000000000000f20       0x34 zephyr/libzephyr.a(thread_entry.c.obj)
                0x0000000000000f20                z_thread_entry
 .text.process_event
                0x0000000000000f54      0x21c zephyr/libzephyr.a(onoff.c.obj)
 .text.sys_reboot
                0x0000000000001170       0x30 zephyr/libzephyr.a(reboot.c.obj)
                0x0000000000001170                sys_reboot
 .text.z_arm_platform_init
                0x00000000000011a0        0x4 zephyr/libzephyr.a(soc_nrf_common.S.obj)
                0x00000000000011a0                z_arm_platform_init
 .text.activate_foreach_backend
                0x00000000000011a4       0x64 zephyr/libzephyr.a(log_core.c.obj)
 .text.enable_logger
                0x0000000000001208       0x5c zephyr/libzephyr.a(log_core.c.obj)
 .text.log_process_thread_timer_expiry_fn
                0x0000000000001264        0xc zephyr/libzephyr.a(log_core.c.obj)
 .text.z_log_init
                0x0000000000001270       0x90 zephyr/libzephyr.a(log_core.c.obj)
 .text.log_format_func_t_get
                0x0000000000001300        0xc zephyr/libzephyr.a(log_core.c.obj)
                0x0000000000001300                log_format_func_t_get
 .text.log_set_timestamp_func
                0x000000000000130c       0x20 zephyr/libzephyr.a(log_core.c.obj)
                0x000000000000130c                log_set_timestamp_func
 .text.z_log_notify_backend_enabled
                0x000000000000132c       0x1c zephyr/libzephyr.a(log_core.c.obj)
                0x000000000000132c                z_log_notify_backend_enabled
 .text.z_log_dropped
                0x0000000000001348       0x30 zephyr/libzephyr.a(log_core.c.obj)
                0x0000000000001348                z_log_dropped
 .text.z_log_dropped_read_and_clear
                0x0000000000001378       0x20 zephyr/libzephyr.a(log_core.c.obj)
                0x0000000000001378                z_log_dropped_read_and_clear
 .text.dropped_notify
                0x0000000000001398       0x30 zephyr/libzephyr.a(log_core.c.obj)
                0x0000000000001398                dropped_notify
 .text.z_log_msg_init
                0x00000000000013c8       0x20 zephyr/libzephyr.a(log_core.c.obj)
                0x00000000000013c8                z_log_msg_init
 .text.log_core_init
                0x00000000000013e8       0x34 zephyr/libzephyr.a(log_core.c.obj)
                0x00000000000013e8                log_core_init
 .text.z_log_msg_alloc
                0x000000000000141c       0x10 zephyr/libzephyr.a(log_core.c.obj)
                0x000000000000141c                z_log_msg_alloc
 .text.z_log_msg_local_claim
                0x000000000000142c        0xc zephyr/libzephyr.a(log_core.c.obj)
                0x000000000000142c                z_log_msg_local_claim
 .text.z_log_msg_free
                0x0000000000001438       0x10 zephyr/libzephyr.a(log_core.c.obj)
                0x0000000000001438                z_log_msg_free
 .text.z_log_msg_pending
                0x0000000000001448        0xc zephyr/libzephyr.a(log_core.c.obj)
                0x0000000000001448                z_log_msg_pending
 .text.z_impl_log_process
                0x0000000000001454       0xbc zephyr/libzephyr.a(log_core.c.obj)
                0x0000000000001454                z_impl_log_process
 .text.z_impl_log_panic
                0x0000000000001510       0x44 zephyr/libzephyr.a(log_core.c.obj)
                0x0000000000001510                z_impl_log_panic
 .text.log_process_thread_func
                0x0000000000001554       0xa4 zephyr/libzephyr.a(log_core.c.obj)
 .text.z_log_msg_post_finalize
                0x00000000000015f8       0x78 zephyr/libzephyr.a(log_core.c.obj)
 .text.z_log_msg_commit
                0x0000000000001670       0x24 zephyr/libzephyr.a(log_core.c.obj)
                0x0000000000001670                z_log_msg_commit
 .text.log_source_name_get
                0x0000000000001694       0x1c zephyr/libzephyr.a(log_mgmt.c.obj)
                0x0000000000001694                log_source_name_get
 .text.log_backend_enable
                0x00000000000016b0       0x28 zephyr/libzephyr.a(log_mgmt.c.obj)
                0x00000000000016b0                log_backend_enable
 .text.z_impl_z_log_msg_static_create
                0x00000000000016d8      0x108 zephyr/libzephyr.a(log_msg.c.obj)
                0x00000000000016d8                z_impl_z_log_msg_static_create
 .text.z_impl_z_log_msg_runtime_vcreate
                0x00000000000017e0       0x8c zephyr/libzephyr.a(log_msg.c.obj)
                0x00000000000017e0                z_impl_z_log_msg_runtime_vcreate
 .text.print_formatted
                0x000000000000186c       0x24 zephyr/libzephyr.a(log_output.c.obj)
 .text.newline_print
                0x0000000000001890       0x1c zephyr/libzephyr.a(log_output.c.obj)
 .text.log_output_process
                0x00000000000018ac      0x2a4 zephyr/libzephyr.a(log_output.c.obj)
                0x00000000000018ac                log_output_process
 .text.log_output_msg_process
                0x0000000000001b50       0x70 zephyr/libzephyr.a(log_output.c.obj)
                0x0000000000001b50                log_output_msg_process
 .text.log_output_dropped_process
                0x0000000000001bc0       0x58 zephyr/libzephyr.a(log_output.c.obj)
                0x0000000000001bc0                log_output_dropped_process
 .text.log_output_timestamp_freq_set
                0x0000000000001c18       0x2c zephyr/libzephyr.a(log_output.c.obj)
                0x0000000000001c18                log_output_timestamp_freq_set
 .text.log_backend_rtt_init
                0x0000000000001c44        0xc zephyr/libzephyr.a(log_backend_rtt.c.obj)
 .text.format_set
                0x0000000000001c50        0xc zephyr/libzephyr.a(log_backend_rtt.c.obj)
 .text.panic    0x0000000000001c5c       0x14 zephyr/libzephyr.a(log_backend_rtt.c.obj)
 .text.dropped  0x0000000000001c70        0xc zephyr/libzephyr.a(log_backend_rtt.c.obj)
 .text.process  0x0000000000001c7c       0x24 zephyr/libzephyr.a(log_backend_rtt.c.obj)
 .text.on_failed_write
                0x0000000000001ca0       0x28 zephyr/libzephyr.a(log_backend_rtt.c.obj)
 .text.data_out_block_mode
                0x0000000000001cc8       0x84 zephyr/libzephyr.a(log_backend_rtt.c.obj)
 .text.format_set
                0x0000000000001d4c        0xc zephyr/libzephyr.a(log_backend_uart.c.obj)
 .text.panic    0x0000000000001d58       0x14 zephyr/libzephyr.a(log_backend_uart.c.obj)
 .text.dropped  0x0000000000001d6c        0xc zephyr/libzephyr.a(log_backend_uart.c.obj)
 .text.process  0x0000000000001d78       0x24 zephyr/libzephyr.a(log_backend_uart.c.obj)
 .text.char_out
                0x0000000000001d9c       0x24 zephyr/libzephyr.a(log_backend_uart.c.obj)
 .text.nrf_cc3xx_platform_abort_init
                0x0000000000001dc0        0xc zephyr/libzephyr.a(nrf_cc3xx_platform_abort_zephyr.c.obj)
                0x0000000000001dc0                nrf_cc3xx_platform_abort_init
 .text.mutex_free_platform
                0x0000000000001dcc       0x54 zephyr/libzephyr.a(nrf_cc3xx_platform_mutex_zephyr.c.obj)
 .text.mutex_lock_platform
                0x0000000000001e20       0x60 zephyr/libzephyr.a(nrf_cc3xx_platform_mutex_zephyr.c.obj)
 .text.mutex_unlock_platform
                0x0000000000001e80       0x58 zephyr/libzephyr.a(nrf_cc3xx_platform_mutex_zephyr.c.obj)
 .text.mutex_init_platform
                0x0000000000001ed8       0x94 zephyr/libzephyr.a(nrf_cc3xx_platform_mutex_zephyr.c.obj)
 .text.nrf_cc3xx_platform_mutex_init
                0x0000000000001f6c       0x2c zephyr/libzephyr.a(nrf_cc3xx_platform_mutex_zephyr.c.obj)
                0x0000000000001f6c                nrf_cc3xx_platform_mutex_init
 .text.z_arm_cpu_idle_init
                0x0000000000001f98        0xc zephyr/arch/arch/arm/core/aarch32/libarch__arm__core__aarch32.a(cpu_idle.S.obj)
                0x0000000000001f98                z_arm_cpu_idle_init
 .text.arch_cpu_idle
                0x0000000000001fa4       0x1c zephyr/arch/arch/arm/core/aarch32/libarch__arm__core__aarch32.a(cpu_idle.S.obj)
                0x0000000000001fa4                arch_cpu_idle
 .text.arch_cpu_atomic_idle
                0x0000000000001fc0       0x18 zephyr/arch/arch/arm/core/aarch32/libarch__arm__core__aarch32.a(cpu_idle.S.obj)
                0x0000000000001fc0                arch_cpu_atomic_idle
 .text.z_arm_fatal_error
                0x0000000000001fd8       0xcc zephyr/arch/arch/arm/core/aarch32/libarch__arm__core__aarch32.a(fatal.c.obj)
                0x0000000000001fd8                z_arm_fatal_error
 .text.arch_irq_enable
                0x00000000000020a4       0x1c zephyr/arch/arch/arm/core/aarch32/libarch__arm__core__aarch32.a(irq_manage.c.obj)
                0x00000000000020a4                arch_irq_enable
 .text.arch_irq_disable
                0x00000000000020c0       0x28 zephyr/arch/arch/arm/core/aarch32/libarch__arm__core__aarch32.a(irq_manage.c.obj)
                0x00000000000020c0                arch_irq_disable
 .text.arch_irq_is_enabled
                0x00000000000020e8       0x1c zephyr/arch/arch/arm/core/aarch32/libarch__arm__core__aarch32.a(irq_manage.c.obj)
                0x00000000000020e8                arch_irq_is_enabled
 .text.z_arm_irq_priority_set
                0x0000000000002104       0x30 zephyr/arch/arch/arm/core/aarch32/libarch__arm__core__aarch32.a(irq_manage.c.obj)
                0x0000000000002104                z_arm_irq_priority_set
 .text.z_SysNmiOnReset
                0x0000000000002134        0x8 zephyr/arch/arch/arm/core/aarch32/libarch__arm__core__aarch32.a(nmi_on_reset.S.obj)
                0x0000000000002134                z_SysNmiOnReset
 .text.z_arm_prep_c
                0x000000000000213c       0x38 zephyr/arch/arch/arm/core/aarch32/libarch__arm__core__aarch32.a(prep_c.c.obj)
                0x000000000000213c                z_arm_prep_c
 .text.arch_swap
                0x0000000000002174       0x34 zephyr/arch/arch/arm/core/aarch32/libarch__arm__core__aarch32.a(swap.c.obj)
                0x0000000000002174                arch_swap
 .text.z_arm_pendsv
                0x00000000000021a8       0x64 zephyr/arch/arch/arm/core/aarch32/libarch__arm__core__aarch32.a(swap_helper.S.obj)
                0x00000000000021a8                z_arm_pendsv
 .text.z_arm_svc
                0x000000000000220c       0x20 zephyr/arch/arch/arm/core/aarch32/libarch__arm__core__aarch32.a(swap_helper.S.obj)
                0x000000000000220c                z_arm_svc
 .text.arch_new_thread
                0x000000000000222c       0x38 zephyr/arch/arch/arm/core/aarch32/libarch__arm__core__aarch32.a(thread.c.obj)
                0x000000000000222c                arch_new_thread
 .text.z_check_thread_stack_fail
                0x0000000000002264       0x2c zephyr/arch/arch/arm/core/aarch32/libarch__arm__core__aarch32.a(thread.c.obj)
                0x0000000000002264                z_check_thread_stack_fail
 .text.arch_switch_to_main_thread
                0x0000000000002290       0x38 zephyr/arch/arch/arm/core/aarch32/libarch__arm__core__aarch32.a(thread.c.obj)
                0x0000000000002290                arch_switch_to_main_thread
 .text._isr_wrapper
                0x00000000000022c8       0x28 zephyr/arch/arch/arm/core/aarch32/libarch__arm__core__aarch32.a(isr_wrapper.S.obj)
                0x00000000000022c8                _isr_wrapper
 .text.arch_tls_stack_setup
                0x00000000000022f0       0x5c zephyr/arch/arch/arm/core/aarch32/libarch__arm__core__aarch32.a(tls.c.obj)
                0x00000000000022f0                arch_tls_stack_setup
 .text._HandlerModeExit
                0x000000000000234c       0x1c zephyr/arch/arch/arm/core/aarch32/cortex_m/libarch__arm__core__aarch32__cortex_m.a(exc_exit.S.obj)
                0x000000000000234c                z_arm_int_exit
                0x000000000000234c                z_arm_exc_exit
 .text.bus_fault.constprop.0
                0x0000000000002368      0x154 zephyr/arch/arch/arm/core/aarch32/cortex_m/libarch__arm__core__aarch32__cortex_m.a(fault.c.obj)
 .text.usage_fault.constprop.0
                0x00000000000024bc      0x104 zephyr/arch/arch/arm/core/aarch32/cortex_m/libarch__arm__core__aarch32__cortex_m.a(fault.c.obj)
 .text.mem_manage_fault
                0x00000000000025c0      0x178 zephyr/arch/arch/arm/core/aarch32/cortex_m/libarch__arm__core__aarch32__cortex_m.a(fault.c.obj)
 .text.z_arm_fault
                0x0000000000002738      0x224 zephyr/arch/arch/arm/core/aarch32/cortex_m/libarch__arm__core__aarch32__cortex_m.a(fault.c.obj)
                0x0000000000002738                z_arm_fault
 .text.z_arm_fault_init
                0x000000000000295c       0x10 zephyr/arch/arch/arm/core/aarch32/cortex_m/libarch__arm__core__aarch32__cortex_m.a(fault.c.obj)
                0x000000000000295c                z_arm_fault_init
 .text.__fault  0x000000000000296c       0x14 zephyr/arch/arch/arm/core/aarch32/cortex_m/libarch__arm__core__aarch32__cortex_m.a(fault_s.S.obj)
                0x000000000000296c                z_arm_usage_fault
                0x000000000000296c                z_arm_mpu_fault
                0x000000000000296c                z_arm_exc_spurious
                0x000000000000296c                z_arm_debug_monitor
                0x000000000000296c                z_arm_hard_fault
                0x000000000000296c                z_arm_bus_fault
 .text.z_arm_interrupt_init
                0x0000000000002980       0x18 zephyr/arch/arch/arm/core/aarch32/cortex_m/libarch__arm__core__aarch32__cortex_m.a(irq_init.c.obj)
                0x0000000000002980                z_arm_interrupt_init
 .text._reset_section
                0x0000000000002998       0x54 zephyr/arch/arch/arm/core/aarch32/cortex_m/libarch__arm__core__aarch32__cortex_m.a(reset.S.obj)
                0x0000000000002998                __start
                0x0000000000002998                z_arm_reset
 .text.sys_arch_reboot
                0x00000000000029ec       0x24 zephyr/arch/arch/arm/core/aarch32/cortex_m/libarch__arm__core__aarch32__cortex_m.a(scb.c.obj)
                0x00000000000029ec                sys_arch_reboot
 .text.z_arm_clear_arm_mpu_config
                0x0000000000002a10       0x24 zephyr/arch/arch/arm/core/aarch32/cortex_m/libarch__arm__core__aarch32__cortex_m.a(scb.c.obj)
                0x0000000000002a10                z_arm_clear_arm_mpu_config
 .text.z_arm_init_arch_hw_at_boot
                0x0000000000002a34       0x64 zephyr/arch/arch/arm/core/aarch32/cortex_m/libarch__arm__core__aarch32__cortex_m.a(scb.c.obj)
                0x0000000000002a34                z_arm_init_arch_hw_at_boot
 .text.z_impl_k_thread_abort
                0x0000000000002a98       0x2c zephyr/arch/arch/arm/core/aarch32/cortex_m/libarch__arm__core__aarch32__cortex_m.a(thread_abort.c.obj)
                0x0000000000002a98                z_impl_k_thread_abort
 .text.z_arm_configure_static_mpu_regions
                0x0000000000002ac4       0x18 zephyr/arch/arch/arm/core/aarch32/mpu/libarch__arm__core__aarch32__mpu.a(arm_core_mpu.c.obj)
                0x0000000000002ac4                z_arm_configure_static_mpu_regions
 .text.z_arm_configure_dynamic_mpu_regions
                0x0000000000002adc       0x20 zephyr/arch/arch/arm/core/aarch32/mpu/libarch__arm__core__aarch32__mpu.a(arm_core_mpu.c.obj)
                0x0000000000002adc                z_arm_configure_dynamic_mpu_regions
 .text.mpu_configure_regions
                0x0000000000002afc       0xcc zephyr/arch/arch/arm/core/aarch32/mpu/libarch__arm__core__aarch32__mpu.a(arm_mpu.c.obj)
 .text.arm_core_mpu_enable
                0x0000000000002bc8       0x18 zephyr/arch/arch/arm/core/aarch32/mpu/libarch__arm__core__aarch32__mpu.a(arm_mpu.c.obj)
                0x0000000000002bc8                arm_core_mpu_enable
 .text.arm_core_mpu_disable
                0x0000000000002be0       0x14 zephyr/arch/arch/arm/core/aarch32/mpu/libarch__arm__core__aarch32__mpu.a(arm_mpu.c.obj)
                0x0000000000002be0                arm_core_mpu_disable
 .text.arm_core_mpu_configure_static_mpu_regions
                0x0000000000002bf4       0x14 zephyr/arch/arch/arm/core/aarch32/mpu/libarch__arm__core__aarch32__mpu.a(arm_mpu.c.obj)
                0x0000000000002bf4                arm_core_mpu_configure_static_mpu_regions
 .text.arm_core_mpu_configure_dynamic_mpu_regions
                0x0000000000002c08       0x30 zephyr/arch/arch/arm/core/aarch32/mpu/libarch__arm__core__aarch32__mpu.a(arm_mpu.c.obj)
                0x0000000000002c08                arm_core_mpu_configure_dynamic_mpu_regions
 .text.z_arm_mpu_init
                0x0000000000002c38       0x60 zephyr/arch/arch/arm/core/aarch32/mpu/libarch__arm__core__aarch32__mpu.a(arm_mpu.c.obj)
                0x0000000000002c38                z_arm_mpu_init
 .text.z_impl_zephyr_fputc
                0x0000000000002c98       0x10 zephyr/lib/libc/picolibc/liblib__libc__picolibc.a(libc-hooks.c.obj)
                0x0000000000002c98                z_impl_zephyr_fputc
 .text.__stdout_hook_install
                0x0000000000002ca8       0x18 zephyr/lib/libc/picolibc/liblib__libc__picolibc.a(libc-hooks.c.obj)
                0x0000000000002ca8                __stdout_hook_install
 .text.cbvprintf
                0x0000000000002cc0       0x38 zephyr/lib/libc/picolibc/liblib__libc__picolibc.a(libc-hooks.c.obj)
                0x0000000000002cc0                cbvprintf
 .text.malloc_prepare
                0x0000000000002cf8       0x24 zephyr/lib/libc/common/liblib__libc__common.a(malloc.c.obj)
 .text.nordicsemi_nrf52_init
                0x0000000000002d1c       0x44 zephyr/soc/soc/arm/nordic_nrf/nrf52/libsoc__arm__nordic_nrf__nrf52.a(soc.c.obj)
 .text.arch_busy_wait
                0x0000000000002d60       0x14 zephyr/soc/soc/arm/nordic_nrf/nrf52/libsoc__arm__nordic_nrf__nrf52.a(soc.c.obj)
                0x0000000000002d60                arch_busy_wait
 .text.adc_context_start_sampling
                0x0000000000002d74       0x1c zephyr/drivers/adc/libdrivers__adc.a(adc_nrfx_saadc.c.obj)
 .text.adc_nrfx_channel_setup
                0x0000000000002d90      0x10c zephyr/drivers/adc/libdrivers__adc.a(adc_nrfx_saadc.c.obj)
 .text.start_read.constprop.0
                0x0000000000002e9c      0x220 zephyr/drivers/adc/libdrivers__adc.a(adc_nrfx_saadc.c.obj)
 .text.adc_nrfx_read_async
                0x00000000000030bc       0x40 zephyr/drivers/adc/libdrivers__adc.a(adc_nrfx_saadc.c.obj)
 .text.adc_nrfx_read
                0x00000000000030fc       0x40 zephyr/drivers/adc/libdrivers__adc.a(adc_nrfx_saadc.c.obj)
 .text.init_saadc
                0x000000000000313c       0x44 zephyr/drivers/adc/libdrivers__adc.a(adc_nrfx_saadc.c.obj)
 .text.saadc_irq_handler
                0x0000000000003180       0xe8 zephyr/drivers/adc/libdrivers__adc.a(adc_nrfx_saadc.c.obj)
 .text.onoff_stop
                0x0000000000003268       0x30 zephyr/drivers/clock_control/libdrivers__clock_control.a(clock_control_nrf.c.obj)
 .text.onoff_start
                0x0000000000003298       0x44 zephyr/drivers/clock_control/libdrivers__clock_control.a(clock_control_nrf.c.obj)
 .text.clk_init
                0x00000000000032dc       0x58 zephyr/drivers/clock_control/libdrivers__clock_control.a(clock_control_nrf.c.obj)
 .text.clkstarted_handle.constprop.0
                0x0000000000003334       0x34 zephyr/drivers/clock_control/libdrivers__clock_control.a(clock_control_nrf.c.obj)
 .text.clock_event_handler
                0x0000000000003368       0x1c zephyr/drivers/clock_control/libdrivers__clock_control.a(clock_control_nrf.c.obj)
 .text.generic_hfclk_start
                0x0000000000003384       0x64 zephyr/drivers/clock_control/libdrivers__clock_control.a(clock_control_nrf.c.obj)
 .text.api_blocking_start
                0x00000000000033e8       0x3c zephyr/drivers/clock_control/libdrivers__clock_control.a(clock_control_nrf.c.obj)
 .text.generic_hfclk_stop
                0x0000000000003424       0x34 zephyr/drivers/clock_control/libdrivers__clock_control.a(clock_control_nrf.c.obj)
 .text.z_nrf_clock_control_get_onoff
                0x0000000000003458       0x10 zephyr/drivers/clock_control/libdrivers__clock_control.a(clock_control_nrf.c.obj)
                0x0000000000003458                z_nrf_clock_control_get_onoff
 .text.z_nrf_clock_control_lf_on
                0x0000000000003468       0xfc zephyr/drivers/clock_control/libdrivers__clock_control.a(clock_control_nrf.c.obj)
                0x0000000000003468                z_nrf_clock_control_lf_on
 .text.uart_console_init
                0x0000000000003564       0x28 zephyr/drivers/console/libdrivers__console.a(uart_console.c.obj)
 .text.console_out
                0x000000000000358c       0x28 zephyr/drivers/console/libdrivers__console.a(uart_console.c.obj)
 .text.gpio_nrfx_pin_interrupt_configure
                0x00000000000035b4       0xe4 zephyr/drivers/gpio/libdrivers__gpio.a(gpio_nrfx.c.obj)
 .text.gpio_nrfx_init
                0x0000000000003698       0x38 zephyr/drivers/gpio/libdrivers__gpio.a(gpio_nrfx.c.obj)
 .text.nrfx_gpio_handler
                0x00000000000036d0       0x4c zephyr/drivers/gpio/libdrivers__gpio.a(gpio_nrfx.c.obj)
 .text.gpio_nrfx_pin_configure
                0x000000000000371c      0x128 zephyr/drivers/gpio/libdrivers__gpio.a(gpio_nrfx.c.obj)
 .text.i2c_nrfx_twi_recover_bus
                0x0000000000003844       0x24 zephyr/drivers/i2c/libdrivers__i2c.a(i2c_nrfx_twi.c.obj)
 .text.twi_0_init
                0x0000000000003868       0x94 zephyr/drivers/i2c/libdrivers__i2c.a(i2c_nrfx_twi.c.obj)
 .text.event_handler
                0x00000000000038fc       0x34 zephyr/drivers/i2c/libdrivers__i2c.a(i2c_nrfx_twi.c.obj)
 .text.i2c_nrfx_twi_configure
                0x0000000000003930       0x58 zephyr/drivers/i2c/libdrivers__i2c.a(i2c_nrfx_twi.c.obj)
 .text.i2c_nrfx_twi_transfer
                0x0000000000003988      0x158 zephyr/drivers/i2c/libdrivers__i2c.a(i2c_nrfx_twi.c.obj)
 .text.kscan_ht16k33_init.part.0
                0x0000000000003ae0       0x2c zephyr/drivers/kscan/libdrivers__kscan.a(kscan_ht16k33.c.obj)
 .text.ht16k33_led_set_brightness.part.0
                0x0000000000003b0c       0x28 zephyr/drivers/led/libdrivers__led.a(ht16k33.c.obj)
 .text.ht16k33_irq_thread
                0x0000000000003b34      0x128 zephyr/drivers/led/libdrivers__led.a(ht16k33.c.obj)
 .text.ht16k33_led_blink
                0x0000000000003c5c       0x70 zephyr/drivers/led/libdrivers__led.a(ht16k33.c.obj)
 .text.ht16k33_led_set_state
                0x0000000000003ccc       0x98 zephyr/drivers/led/libdrivers__led.a(ht16k33.c.obj)
 .text.ht16k33_init
                0x0000000000003d64      0x2c4 zephyr/drivers/led/libdrivers__led.a(ht16k33.c.obj)
 .text.led_gpio_init
                0x0000000000004028      0x11c zephyr/drivers/led/libdrivers__led.a(led_gpio.c.obj)
 .text.nrf_gpio_pin_port_decode
                0x0000000000004144       0x20 zephyr/drivers/pinctrl/libdrivers__pinctrl.a(pinctrl_nrf.c.obj)
 .text.pinctrl_configure_pins
                0x0000000000004164      0x1a4 zephyr/drivers/pinctrl/libdrivers__pinctrl.a(pinctrl_nrf.c.obj)
                0x0000000000004164                pinctrl_configure_pins
 .text.nrf_gpio_pin_port_decode
                0x0000000000004308       0x20 zephyr/drivers/sensor/qdec_nrfx/libdrivers__sensor__qdec_nrfx.a(qdec_nrfx.c.obj)
 .text.accumulate
                0x0000000000004328       0x44 zephyr/drivers/sensor/qdec_nrfx/libdrivers__sensor__qdec_nrfx.a(qdec_nrfx.c.obj)
 .text.qdec_nrfx_channel_get
                0x000000000000436c       0x5c zephyr/drivers/sensor/qdec_nrfx/libdrivers__sensor__qdec_nrfx.a(qdec_nrfx.c.obj)
 .text.qdec_nrfx_event_handler
                0x00000000000043c8       0x78 zephyr/drivers/sensor/qdec_nrfx/libdrivers__sensor__qdec_nrfx.a(qdec_nrfx.c.obj)
 .text.qdec_nrfx_init
                0x0000000000004440       0xe0 zephyr/drivers/sensor/qdec_nrfx/libdrivers__sensor__qdec_nrfx.a(qdec_nrfx.c.obj)
 .text.hfclk_on_callback
                0x0000000000004520        0xc zephyr/drivers/sensor/nrf5/libdrivers__sensor__nrf5.a(temp_nrf5.c.obj)
 .text.temp_nrf5_channel_get
                0x000000000000452c       0x2c zephyr/drivers/sensor/nrf5/libdrivers__sensor__nrf5.a(temp_nrf5.c.obj)
 .text.temp_nrf5_isr
                0x0000000000004558       0x18 zephyr/drivers/sensor/nrf5/libdrivers__sensor__nrf5.a(temp_nrf5.c.obj)
 .text.temp_nrf5_sample_fetch
                0x0000000000004570       0x78 zephyr/drivers/sensor/nrf5/libdrivers__sensor__nrf5.a(temp_nrf5.c.obj)
 .text.temp_nrf5_init
                0x00000000000045e8       0x40 zephyr/drivers/sensor/nrf5/libdrivers__sensor__nrf5.a(temp_nrf5.c.obj)
 .text.uarte_nrfx_configure
                0x0000000000004628      0x168 zephyr/drivers/serial/libdrivers__serial.a(uart_nrfx_uarte.c.obj)
 .text.uarte_0_init
                0x0000000000004790      0x104 zephyr/drivers/serial/libdrivers__serial.a(uart_nrfx_uarte.c.obj)
 .text.uarte_nrfx_poll_out
                0x0000000000004894       0xcc zephyr/drivers/serial/libdrivers__serial.a(uart_nrfx_uarte.c.obj)
 .text.spi_nrfx_init
                0x0000000000004960      0x130 zephyr/drivers/spi/libdrivers__spi.a(spi_nrfx_spi.c.obj)
 .text.transfer_next_chunk
                0x0000000000004a90       0x6c zephyr/drivers/spi/libdrivers__spi.a(spi_nrfx_spi.c.obj)
 .text.event_handler
                0x0000000000004afc       0xd8 zephyr/drivers/spi/libdrivers__spi.a(spi_nrfx_spi.c.obj)
 .text.spi_nrfx_transceive
                0x0000000000004bd4      0x3f4 zephyr/drivers/spi/libdrivers__spi.a(spi_nrfx_spi.c.obj)
 .text.nrf_gpio_cfg_input
                0x0000000000004fc8       0x40 zephyr/drivers/spi/libdrivers__spi.a(spi_nrfx_common.c.obj)
 .text.spi_nrfx_wake_init
                0x0000000000005008       0x54 zephyr/drivers/spi/libdrivers__spi.a(spi_nrfx_common.c.obj)
                0x0000000000005008                spi_nrfx_wake_init
 .text.spi_nrfx_init
                0x000000000000505c      0x130 zephyr/drivers/spi/libdrivers__spi.a(spi_nrfx_spim.c.obj)
 .text.transfer_next_chunk
                0x000000000000518c       0x98 zephyr/drivers/spi/libdrivers__spi.a(spi_nrfx_spim.c.obj)
 .text.event_handler
                0x0000000000005224       0xd8 zephyr/drivers/spi/libdrivers__spi.a(spi_nrfx_spim.c.obj)
 .text.spi_nrfx_transceive
                0x00000000000052fc      0x428 zephyr/drivers/spi/libdrivers__spi.a(spi_nrfx_spim.c.obj)
 .text.compare_int_lock
                0x0000000000005724       0x48 zephyr/drivers/timer/libdrivers__timer.a(nrf_rtc_timer.c.obj)
 .text.sys_clock_timeout_handler
                0x000000000000576c       0x48 zephyr/drivers/timer/libdrivers__timer.a(nrf_rtc_timer.c.obj)
 .text.compare_int_unlock
                0x00000000000057b4       0x5c zephyr/drivers/timer/libdrivers__timer.a(nrf_rtc_timer.c.obj)
 .text.z_nrf_rtc_timer_read
                0x0000000000005810       0x44 zephyr/drivers/timer/libdrivers__timer.a(nrf_rtc_timer.c.obj)
                0x0000000000005810                z_nrf_rtc_timer_read
 .text.compare_set
                0x0000000000005854      0x130 zephyr/drivers/timer/libdrivers__timer.a(nrf_rtc_timer.c.obj)
 .text.sys_clock_driver_init
                0x0000000000005984       0x90 zephyr/drivers/timer/libdrivers__timer.a(nrf_rtc_timer.c.obj)
 .text.rtc_nrf_isr
                0x0000000000005a14       0xd4 zephyr/drivers/timer/libdrivers__timer.a(nrf_rtc_timer.c.obj)
                0x0000000000005a14                rtc_nrf_isr
 .text.sys_clock_set_timeout
                0x0000000000005ae8       0x68 zephyr/drivers/timer/libdrivers__timer.a(nrf_rtc_timer.c.obj)
                0x0000000000005ae8                sys_clock_set_timeout
 .text.sys_clock_elapsed
                0x0000000000005b50       0x14 zephyr/drivers/timer/libdrivers__timer.a(nrf_rtc_timer.c.obj)
                0x0000000000005b50                sys_clock_elapsed
 .text.sys_clock_disable
                0x0000000000005b64       0x30 zephyr/drivers/timer/libdrivers__timer.a(nrf_rtc_timer.c.obj)
                0x0000000000005b64                sys_clock_disable
 .text.k_sys_fatal_error_handler
                0x0000000000005b94       0x2c modules/nrf/lib/fatal_error/lib..__nrf__lib__fatal_error.a(fatal_error.c.obj)
                0x0000000000005b94                k_sys_fatal_error_handler
 .text.nrf52_errata_98
                0x0000000000005bc0       0x24 modules/hal_nordic/nrfx/libmodules__hal_nordic__nrfx.a(system_nrf52840.c.obj)
 .text.nvmc_wait
                0x0000000000005be4       0x10 modules/hal_nordic/nrfx/libmodules__hal_nordic__nrfx.a(system_nrf52840.c.obj)
                0x0000000000005be4                nvmc_wait
 .text.SystemInit
                0x0000000000005bf4      0x1bc modules/hal_nordic/nrfx/libmodules__hal_nordic__nrfx.a(system_nrf52840.c.obj)
                0x0000000000005bf4                SystemInit
 .text.nrfx_flag32_alloc
                0x0000000000005db0       0x48 modules/hal_nordic/nrfx/libmodules__hal_nordic__nrfx.a(nrfx_flag32_allocator.c.obj)
                0x0000000000005db0                nrfx_flag32_alloc
 .text.nrfx_flag32_free
                0x0000000000005df8       0x40 modules/hal_nordic/nrfx/libmodules__hal_nordic__nrfx.a(nrfx_flag32_allocator.c.obj)
                0x0000000000005df8                nrfx_flag32_free
 .text.nrfx_gppi_channels_enable
                0x0000000000005e38        0xc modules/hal_nordic/nrfx/libmodules__hal_nordic__nrfx.a(nrfx_gppi_ppi.c.obj)
                0x0000000000005e38                nrfx_gppi_channels_enable
 .text.clock_stop
                0x0000000000005e44       0xc4 modules/hal_nordic/nrfx/libmodules__hal_nordic__nrfx.a(nrfx_clock.c.obj)
 .text.nrfx_clock_init
                0x0000000000005f08       0x20 modules/hal_nordic/nrfx/libmodules__hal_nordic__nrfx.a(nrfx_clock.c.obj)
                0x0000000000005f08                nrfx_clock_init
 .text.nrfx_power_clock_irq_handler
                0x0000000000005f28       0x68 modules/hal_nordic/nrfx/libmodules__hal_nordic__nrfx.a(nrfx_clock.c.obj)
                0x0000000000005f28                nrfx_power_clock_irq_handler
 .text.nrf_gpio_pin_port_decode
                0x0000000000005f90       0x20 modules/hal_nordic/nrfx/libmodules__hal_nordic__nrfx.a(nrfx_gpiote.c.obj)
 .text.get_pin_idx
                0x0000000000005fb0       0x14 modules/hal_nordic/nrfx/libmodules__hal_nordic__nrfx.a(nrfx_gpiote.c.obj)
 .text.pin_in_use_by_te
                0x0000000000005fc4       0x18 modules/hal_nordic/nrfx/libmodules__hal_nordic__nrfx.a(nrfx_gpiote.c.obj)
 .text.pin_is_output
                0x0000000000005fdc       0x18 modules/hal_nordic/nrfx/libmodules__hal_nordic__nrfx.a(nrfx_gpiote.c.obj)
 .text.pin_te_get
                0x0000000000005ff4       0x18 modules/hal_nordic/nrfx/libmodules__hal_nordic__nrfx.a(nrfx_gpiote.c.obj)
 .text.call_handler
                0x000000000000600c       0x40 modules/hal_nordic/nrfx/libmodules__hal_nordic__nrfx.a(nrfx_gpiote.c.obj)
 .text.release_handler
                0x000000000000604c       0x58 modules/hal_nordic/nrfx/libmodules__hal_nordic__nrfx.a(nrfx_gpiote.c.obj)
 .text.__nrfy_internal_gpiote_events_process.constprop.0
                0x00000000000060a4       0x54 modules/hal_nordic/nrfx/libmodules__hal_nordic__nrfx.a(nrfx_gpiote.c.obj)
 .text.nrfx_gpiote_input_configure
                0x00000000000060f8      0x180 modules/hal_nordic/nrfx/libmodules__hal_nordic__nrfx.a(nrfx_gpiote.c.obj)
                0x00000000000060f8                nrfx_gpiote_input_configure
 .text.nrfx_gpiote_output_configure
                0x0000000000006278       0xf4 modules/hal_nordic/nrfx/libmodules__hal_nordic__nrfx.a(nrfx_gpiote.c.obj)
                0x0000000000006278                nrfx_gpiote_output_configure
 .text.nrfx_gpiote_global_callback_set
                0x000000000000636c        0xc modules/hal_nordic/nrfx/libmodules__hal_nordic__nrfx.a(nrfx_gpiote.c.obj)
                0x000000000000636c                nrfx_gpiote_global_callback_set
 .text.nrfx_gpiote_channel_get
                0x0000000000006378       0x30 modules/hal_nordic/nrfx/libmodules__hal_nordic__nrfx.a(nrfx_gpiote.c.obj)
                0x0000000000006378                nrfx_gpiote_channel_get
 .text.nrfx_gpiote_init
                0x00000000000063a8       0x50 modules/hal_nordic/nrfx/libmodules__hal_nordic__nrfx.a(nrfx_gpiote.c.obj)
                0x00000000000063a8                nrfx_gpiote_init
 .text.nrfx_gpiote_is_init
                0x00000000000063f8       0x14 modules/hal_nordic/nrfx/libmodules__hal_nordic__nrfx.a(nrfx_gpiote.c.obj)
                0x00000000000063f8                nrfx_gpiote_is_init
 .text.nrfx_gpiote_channel_free
                0x000000000000640c        0xc modules/hal_nordic/nrfx/libmodules__hal_nordic__nrfx.a(nrfx_gpiote.c.obj)
                0x000000000000640c                nrfx_gpiote_channel_free
 .text.nrfx_gpiote_channel_alloc
                0x0000000000006418        0xc modules/hal_nordic/nrfx/libmodules__hal_nordic__nrfx.a(nrfx_gpiote.c.obj)
                0x0000000000006418                nrfx_gpiote_channel_alloc
 .text.nrfx_gpiote_trigger_enable
                0x0000000000006424       0x9c modules/hal_nordic/nrfx/libmodules__hal_nordic__nrfx.a(nrfx_gpiote.c.obj)
                0x0000000000006424                nrfx_gpiote_trigger_enable
 .text.nrfx_gpiote_trigger_disable
                0x00000000000064c0       0x4c modules/hal_nordic/nrfx/libmodules__hal_nordic__nrfx.a(nrfx_gpiote.c.obj)
                0x00000000000064c0                nrfx_gpiote_trigger_disable
 .text.nrfx_gpiote_pin_uninit
                0x000000000000650c       0x80 modules/hal_nordic/nrfx/libmodules__hal_nordic__nrfx.a(nrfx_gpiote.c.obj)
                0x000000000000650c                nrfx_gpiote_pin_uninit
 .text.nrfx_gpiote_irq_handler
                0x000000000000658c      0x1a8 modules/hal_nordic/nrfx/libmodules__hal_nordic__nrfx.a(nrfx_gpiote.c.obj)
                0x000000000000658c                nrfx_gpiote_irq_handler
 .text.nrfx_ppi_channel_alloc
                0x0000000000006734        0xc modules/hal_nordic/nrfx/libmodules__hal_nordic__nrfx.a(nrfx_ppi.c.obj)
                0x0000000000006734                nrfx_ppi_channel_alloc
 .text.nrf_gpio_cfg_input.constprop.0
                0x0000000000006740       0x3c modules/hal_nordic/nrfx/libmodules__hal_nordic__nrfx.a(nrfx_qdec.c.obj)
 .text.nrfx_qdec_init
                0x000000000000677c       0x40 modules/hal_nordic/nrfx/libmodules__hal_nordic__nrfx.a(nrfx_qdec.c.obj)
                0x000000000000677c                nrfx_qdec_init
 .text.nrfx_qdec_enable
                0x00000000000067bc       0x20 modules/hal_nordic/nrfx/libmodules__hal_nordic__nrfx.a(nrfx_qdec.c.obj)
                0x00000000000067bc                nrfx_qdec_enable
 .text.nrfx_qdec_0_irq_handler
                0x00000000000067dc       0xb4 modules/hal_nordic/nrfx/libmodules__hal_nordic__nrfx.a(nrfx_qdec.c.obj)
                0x00000000000067dc                nrfx_qdec_0_irq_handler
 .text.nrf_gpio_pin_port_decode
                0x0000000000006890       0x20 modules/hal_nordic/nrfx/libmodules__hal_nordic__nrfx.a(nrfx_spi.c.obj)
 .text.nrf_gpio_cfg_output
                0x00000000000068b0       0x2c modules/hal_nordic/nrfx/libmodules__hal_nordic__nrfx.a(nrfx_spi.c.obj)
 .text.spi_configure
                0x00000000000068dc      0x120 modules/hal_nordic/nrfx/libmodules__hal_nordic__nrfx.a(nrfx_spi.c.obj)
 .text.nrf_gpio_cfg_default
                0x00000000000069fc       0x2c modules/hal_nordic/nrfx/libmodules__hal_nordic__nrfx.a(nrfx_spi.c.obj)
 .text.nrfx_spi_init
                0x0000000000006a28       0x68 modules/hal_nordic/nrfx/libmodules__hal_nordic__nrfx.a(nrfx_spi.c.obj)
                0x0000000000006a28                nrfx_spi_init
 .text.nrfx_spi_uninit
                0x0000000000006a90       0x70 modules/hal_nordic/nrfx/libmodules__hal_nordic__nrfx.a(nrfx_spi.c.obj)
                0x0000000000006a90                nrfx_spi_uninit
 .text.nrfx_spi_xfer
                0x0000000000006b00       0xfc modules/hal_nordic/nrfx/libmodules__hal_nordic__nrfx.a(nrfx_spi.c.obj)
                0x0000000000006b00                nrfx_spi_xfer
 .text.nrfx_spi_1_irq_handler
                0x0000000000006bfc       0x40 modules/hal_nordic/nrfx/libmodules__hal_nordic__nrfx.a(nrfx_spi.c.obj)
                0x0000000000006bfc                nrfx_spi_1_irq_handler
 .text.nrf_gpio_pin_port_decode
                0x0000000000006c3c       0x20 modules/hal_nordic/nrfx/libmodules__hal_nordic__nrfx.a(nrfx_spim.c.obj)
 .text.spim_frequency_valid_check.constprop.0
                0x0000000000006c5c       0x64 modules/hal_nordic/nrfx/libmodules__hal_nordic__nrfx.a(nrfx_spim.c.obj)
 .text.pin_init
                0x0000000000006cc0       0x50 modules/hal_nordic/nrfx/libmodules__hal_nordic__nrfx.a(nrfx_spim.c.obj)
 .text.spim_configure
                0x0000000000006d10      0x254 modules/hal_nordic/nrfx/libmodules__hal_nordic__nrfx.a(nrfx_spim.c.obj)
 .text.spim_pin_uninit
                0x0000000000006f64       0x30 modules/hal_nordic/nrfx/libmodules__hal_nordic__nrfx.a(nrfx_spim.c.obj)
 .text.nrfx_spim_init
                0x0000000000006f94       0x5c modules/hal_nordic/nrfx/libmodules__hal_nordic__nrfx.a(nrfx_spim.c.obj)
                0x0000000000006f94                nrfx_spim_init
 .text.nrfx_spim_uninit
                0x0000000000006ff0       0x9c modules/hal_nordic/nrfx/libmodules__hal_nordic__nrfx.a(nrfx_spim.c.obj)
                0x0000000000006ff0                nrfx_spim_uninit
 .text.nrfx_spim_xfer
                0x000000000000708c      0x1d0 modules/hal_nordic/nrfx/libmodules__hal_nordic__nrfx.a(nrfx_spim.c.obj)
                0x000000000000708c                nrfx_spim_xfer
 .text.nrfx_spim_3_irq_handler
                0x000000000000725c       0x64 modules/hal_nordic/nrfx/libmodules__hal_nordic__nrfx.a(nrfx_spim.c.obj)
                0x000000000000725c                nrfx_spim_3_irq_handler
 .text.nrf_gpio_cfg.constprop.0
                0x00000000000072c0       0x48 modules/hal_nordic/nrfx/libmodules__hal_nordic__nrfx.a(nrfx_twi.c.obj)
 .text.twi_configure
                0x0000000000007308       0x3c modules/hal_nordic/nrfx/libmodules__hal_nordic__nrfx.a(nrfx_twi.c.obj)
 .text.twi_tx_start_transfer
                0x0000000000007344      0x104 modules/hal_nordic/nrfx/libmodules__hal_nordic__nrfx.a(nrfx_twi.c.obj)
 .text.twi_rx_start_transfer
                0x0000000000007448       0xe4 modules/hal_nordic/nrfx/libmodules__hal_nordic__nrfx.a(nrfx_twi.c.obj)
 .text.nrfx_twi_init
                0x000000000000752c       0x88 modules/hal_nordic/nrfx/libmodules__hal_nordic__nrfx.a(nrfx_twi.c.obj)
                0x000000000000752c                nrfx_twi_init
 .text.nrfx_twi_enable
                0x00000000000075b4       0x20 modules/hal_nordic/nrfx/libmodules__hal_nordic__nrfx.a(nrfx_twi.c.obj)
                0x00000000000075b4                nrfx_twi_enable
 .text.nrfx_twi_disable
                0x00000000000075d4       0x38 modules/hal_nordic/nrfx/libmodules__hal_nordic__nrfx.a(nrfx_twi.c.obj)
                0x00000000000075d4                nrfx_twi_disable
 .text.nrfx_twi_xfer
                0x000000000000760c       0xdc modules/hal_nordic/nrfx/libmodules__hal_nordic__nrfx.a(nrfx_twi.c.obj)
                0x000000000000760c                nrfx_twi_xfer
 .text.nrfx_twi_0_irq_handler
                0x00000000000076e8       0xd8 modules/hal_nordic/nrfx/libmodules__hal_nordic__nrfx.a(nrfx_twi.c.obj)
                0x00000000000076e8                nrfx_twi_0_irq_handler
 .text.nrf_gpio_pin_port_decode
                0x00000000000077c0       0x20 modules/hal_nordic/nrfx/libmodules__hal_nordic__nrfx.a(nrfx_twi_twim.c.obj)
 .text.nrfx_twi_twim_bus_recover
                0x00000000000077e0       0xdc modules/hal_nordic/nrfx/libmodules__hal_nordic__nrfx.a(nrfx_twi_twim.c.obj)
                0x00000000000077e0                nrfx_twi_twim_bus_recover
 .text._DoInit  0x00000000000078bc       0x60 modules/segger/libmodules__segger.a(SEGGER_RTT.c.obj)
 .text.SEGGER_RTT_WriteSkipNoLock
                0x000000000000791c       0x88 modules/segger/libmodules__segger.a(SEGGER_RTT.c.obj)
                0x000000000000791c                SEGGER_RTT_WriteSkipNoLock
 .text.SEGGER_RTT_HasDataUp
                0x00000000000079a4       0x14 modules/segger/libmodules__segger.a(SEGGER_RTT.c.obj)
                0x00000000000079a4                SEGGER_RTT_HasDataUp
 .text.zephyr_rtt_mutex_lock
                0x00000000000079b8       0x14 modules/segger/libmodules__segger.a(SEGGER_RTT_zephyr.c.obj)
                0x00000000000079b8                zephyr_rtt_mutex_lock
 .text.zephyr_rtt_mutex_unlock
                0x00000000000079cc        0xc modules/segger/libmodules__segger.a(SEGGER_RTT_zephyr.c.obj)
                0x00000000000079cc                zephyr_rtt_mutex_unlock
 .text.z_fatal_error
                0x00000000000079d8      0x100 zephyr/kernel/libkernel.a(fatal.c.obj)
                0x00000000000079d8                z_fatal_error
 .text.z_sys_init_run_level
                0x0000000000007ad8       0x48 zephyr/kernel/libkernel.a(init.c.obj)
 .text.bg_thread_main
                0x0000000000007b20       0x34 zephyr/kernel/libkernel.a(init.c.obj)
 .text.z_bss_zero
                0x0000000000007b54       0x18 zephyr/kernel/libkernel.a(init.c.obj)
                0x0000000000007b54                z_bss_zero
 .text.z_init_cpu
                0x0000000000007b6c       0x8c zephyr/kernel/libkernel.a(init.c.obj)
                0x0000000000007b6c                z_init_cpu
 .text.z_cstart
                0x0000000000007bf8       0xe0 zephyr/kernel/libkernel.a(init.c.obj)
                0x0000000000007bf8                z_cstart
 .text.init_mem_slab_module
                0x0000000000007cd8       0x24 zephyr/kernel/libkernel.a(mem_slab.c.obj)
 .text.k_mem_slab_alloc
                0x0000000000007cfc       0x5c zephyr/kernel/libkernel.a(mem_slab.c.obj)
                0x0000000000007cfc                k_mem_slab_alloc
 .text.z_setup_new_thread
                0x0000000000007d58       0x80 zephyr/kernel/libkernel.a(thread.c.obj)
                0x0000000000007d58                z_setup_new_thread
 .text.z_impl_k_thread_create
                0x0000000000007dd8       0x58 zephyr/kernel/libkernel.a(thread.c.obj)
                0x0000000000007dd8                z_impl_k_thread_create
 .text.z_init_static_threads
                0x0000000000007e30       0xb8 zephyr/kernel/libkernel.a(thread.c.obj)
                0x0000000000007e30                z_init_static_threads
 .text.z_impl_k_mutex_lock
                0x0000000000007ee8       0xf4 zephyr/kernel/libkernel.a(mutex.c.obj)
                0x0000000000007ee8                z_impl_k_mutex_lock
 .text.z_impl_k_mutex_unlock
                0x0000000000007fdc       0x78 zephyr/kernel/libkernel.a(mutex.c.obj)
                0x0000000000007fdc                z_impl_k_mutex_unlock
 .text.z_impl_k_sem_give
                0x0000000000008054       0x4c zephyr/kernel/libkernel.a(sem.c.obj)
                0x0000000000008054                z_impl_k_sem_give
 .text.z_impl_k_sem_take
                0x00000000000080a0       0x50 zephyr/kernel/libkernel.a(sem.c.obj)
                0x00000000000080a0                z_impl_k_sem_take
 .text.z_impl_k_sem_reset
                0x00000000000080f0       0x44 zephyr/kernel/libkernel.a(sem.c.obj)
                0x00000000000080f0                z_impl_k_sem_reset
 .text.sliceable
                0x0000000000008134       0x3c zephyr/kernel/libkernel.a(sched.c.obj)
 .text.slice_timeout
                0x0000000000008170       0x20 zephyr/kernel/libkernel.a(sched.c.obj)
 .text.z_reset_time_slice
                0x0000000000008190       0x50 zephyr/kernel/libkernel.a(sched.c.obj)
                0x0000000000008190                z_reset_time_slice
 .text.update_cache
                0x00000000000081e0       0x3c zephyr/kernel/libkernel.a(sched.c.obj)
 .text.move_thread_to_end_of_prio_q
                0x000000000000821c       0x74 zephyr/kernel/libkernel.a(sched.c.obj)
 .text.ready_thread
                0x0000000000008290       0x68 zephyr/kernel/libkernel.a(sched.c.obj)
 .text.unready_thread
                0x00000000000082f8       0x30 zephyr/kernel/libkernel.a(sched.c.obj)
 .text.pend_locked
                0x0000000000008328       0x30 zephyr/kernel/libkernel.a(sched.c.obj)
 .text.z_time_slice
                0x0000000000008358       0x60 zephyr/kernel/libkernel.a(sched.c.obj)
                0x0000000000008358                z_time_slice
 .text.z_pend_curr
                0x00000000000083b8       0x3c zephyr/kernel/libkernel.a(sched.c.obj)
                0x00000000000083b8                z_pend_curr
 .text.z_set_prio
                0x00000000000083f4       0x8c zephyr/kernel/libkernel.a(sched.c.obj)
                0x00000000000083f4                z_set_prio
 .text.z_reschedule
                0x0000000000008480       0x24 zephyr/kernel/libkernel.a(sched.c.obj)
                0x0000000000008480                z_reschedule
 .text.z_sched_start
                0x00000000000084a4       0x3c zephyr/kernel/libkernel.a(sched.c.obj)
                0x00000000000084a4                z_sched_start
 .text.z_impl_k_thread_suspend
                0x00000000000084e0       0x64 zephyr/kernel/libkernel.a(sched.c.obj)
                0x00000000000084e0                z_impl_k_thread_suspend
 .text.k_sched_lock
                0x0000000000008544       0x28 zephyr/kernel/libkernel.a(sched.c.obj)
                0x0000000000008544                k_sched_lock
 .text.k_sched_unlock
                0x000000000000856c       0x38 zephyr/kernel/libkernel.a(sched.c.obj)
                0x000000000000856c                k_sched_unlock
 .text.z_sched_init
                0x00000000000085a4       0x10 zephyr/kernel/libkernel.a(sched.c.obj)
                0x00000000000085a4                z_sched_init
 .text.z_impl_k_yield
                0x00000000000085b4       0x7c zephyr/kernel/libkernel.a(sched.c.obj)
                0x00000000000085b4                z_impl_k_yield
 .text.z_tick_sleep
                0x0000000000008630       0x88 zephyr/kernel/libkernel.a(sched.c.obj)
 .text.z_impl_k_sleep
                0x00000000000086b8       0x34 zephyr/kernel/libkernel.a(sched.c.obj)
                0x00000000000086b8                z_impl_k_sleep
 .text.z_impl_z_current_get
                0x00000000000086ec        0xc zephyr/kernel/libkernel.a(sched.c.obj)
                0x00000000000086ec                z_impl_z_current_get
 .text.z_thread_abort
                0x00000000000086f8       0xc0 zephyr/kernel/libkernel.a(sched.c.obj)
                0x00000000000086f8                z_thread_abort
 .text.z_sched_wait
                0x00000000000087b8       0x24 zephyr/kernel/libkernel.a(sched.c.obj)
                0x00000000000087b8                z_sched_wait
 .text.z_data_copy
                0x00000000000087dc       0x34 zephyr/kernel/libkernel.a(xip.c.obj)
                0x00000000000087dc                z_data_copy
 .text.elapsed  0x0000000000008810       0x14 zephyr/kernel/libkernel.a(timeout.c.obj)
 .text.next_timeout
                0x0000000000008824       0x40 zephyr/kernel/libkernel.a(timeout.c.obj)
 .text.remove_timeout
                0x0000000000008864       0x38 zephyr/kernel/libkernel.a(timeout.c.obj)
 .text.z_add_timeout
                0x000000000000889c       0xec zephyr/kernel/libkernel.a(timeout.c.obj)
                0x000000000000889c                z_add_timeout
 .text.sys_clock_announce
                0x0000000000008988       0xd4 zephyr/kernel/libkernel.a(timeout.c.obj)
                0x0000000000008988                sys_clock_announce
 .text.sys_clock_tick_get
                0x0000000000008a5c       0x34 zephyr/kernel/libkernel.a(timeout.c.obj)
                0x0000000000008a5c                sys_clock_tick_get
 .text.z_timer_expiration_handler
                0x0000000000008a90       0xe4 zephyr/kernel/libkernel.a(timer.c.obj)
                0x0000000000008a90                z_timer_expiration_handler
 .text.z_impl_k_timer_start
                0x0000000000008b74       0x60 zephyr/kernel/libkernel.a(timer.c.obj)
                0x0000000000008b74                z_impl_k_timer_start
 .text.z_impl_k_poll_signal_raise
                0x0000000000008bd4       0x50 zephyr/kernel/libkernel.a(poll.c.obj)
                0x0000000000008bd4                z_impl_k_poll_signal_raise
 .text.boot_banner
                0x0000000000008c24        0xc zephyr/kernel/libkernel.a(banner.c.obj)
                0x0000000000008c24                boot_banner
 .text.k_sys_work_q_init
                0x0000000000008c30       0x34 zephyr/kernel/libkernel.a(system_work_q.c.obj)
 .text.work_queue_main
                0x0000000000008c64      0x138 zephyr/kernel/libkernel.a(work.c.obj)
 .text.submit_to_queue_locked
                0x0000000000008d9c       0xb4 zephyr/kernel/libkernel.a(work.c.obj)
 .text.k_work_queue_start
                0x0000000000008e50       0x70 zephyr/kernel/libkernel.a(work.c.obj)
                0x0000000000008e50                k_work_queue_start
 .text.nrf_cc3xx_platform_init_no_rng
                0x0000000000008ec0       0x38 C:/ncs/v2.5.0/nrfxlib/crypto/nrf_cc310_platform/lib/cortex-m4/soft-float/no-interrupts/libnrf_cc310_platform_0.9.18.a(nrf_cc3xx_platform.c.obj)
                0x0000000000008ec0                nrf_cc3xx_platform_init_no_rng
 .text.nrf_cc3xx_platform_abort
                0x0000000000008ef8       0x24 C:/ncs/v2.5.0/nrfxlib/crypto/nrf_cc310_platform/lib/cortex-m4/soft-float/no-interrupts/libnrf_cc310_platform_0.9.18.a(nrf_cc3xx_platform_abort.c.obj)
 .text.CC_PalAbort
                0x0000000000008f1c       0x34 C:/ncs/v2.5.0/nrfxlib/crypto/nrf_cc310_platform/lib/cortex-m4/soft-float/no-interrupts/libnrf_cc310_platform_0.9.18.a(nrf_cc3xx_platform_abort.c.obj)
                0x0000000000008f1c                CC_PalAbort
 .text.nrf_cc3xx_platform_set_abort
                0x0000000000008f50       0x10 C:/ncs/v2.5.0/nrfxlib/crypto/nrf_cc310_platform/lib/cortex-m4/soft-float/no-interrupts/libnrf_cc310_platform_0.9.18.a(nrf_cc3xx_platform_abort.c.obj)
                0x0000000000008f50                nrf_cc3xx_platform_set_abort
 .text.mutex_free
                0x0000000000008f60       0x34 C:/ncs/v2.5.0/nrfxlib/crypto/nrf_cc310_platform/lib/cortex-m4/soft-float/no-interrupts/libnrf_cc310_platform_0.9.18.a(nrf_cc3xx_platform_mutex.c.obj)
 .text.mutex_lock
                0x0000000000008f94       0x48 C:/ncs/v2.5.0/nrfxlib/crypto/nrf_cc310_platform/lib/cortex-m4/soft-float/no-interrupts/libnrf_cc310_platform_0.9.18.a(nrf_cc3xx_platform_mutex.c.obj)
 .text.mutex_unlock
                0x0000000000008fdc       0x38 C:/ncs/v2.5.0/nrfxlib/crypto/nrf_cc310_platform/lib/cortex-m4/soft-float/no-interrupts/libnrf_cc310_platform_0.9.18.a(nrf_cc3xx_platform_mutex.c.obj)
 .text.mutex_init
                0x0000000000009014       0x20 C:/ncs/v2.5.0/nrfxlib/crypto/nrf_cc310_platform/lib/cortex-m4/soft-float/no-interrupts/libnrf_cc310_platform_0.9.18.a(nrf_cc3xx_platform_mutex.c.obj)
 .text.nrf_cc3xx_platform_set_mutexes
                0x0000000000009034       0x74 C:/ncs/v2.5.0/nrfxlib/crypto/nrf_cc310_platform/lib/cortex-m4/soft-float/no-interrupts/libnrf_cc310_platform_0.9.18.a(nrf_cc3xx_platform_mutex.c.obj)
                0x0000000000009034                nrf_cc3xx_platform_set_mutexes
 .text.CC_LibInitNoRng
                0x00000000000090a8       0x64 C:/ncs/v2.5.0/nrfxlib/crypto/nrf_cc310_platform/lib/cortex-m4/soft-float/no-interrupts/libnrf_cc310_platform_0.9.18.a(cc_lib.c.obj)
                0x00000000000090a8                CC_LibInitNoRng
 .text.CC_HalInit
                0x000000000000910c        0x4 C:/ncs/v2.5.0/nrfxlib/crypto/nrf_cc310_platform/lib/cortex-m4/soft-float/no-interrupts/libnrf_cc310_platform_0.9.18.a(cc_hal.c.obj)
                0x000000000000910c                CC_HalInit
 .text.CC_HalTerminate
                0x0000000000009110        0x4 C:/ncs/v2.5.0/nrfxlib/crypto/nrf_cc310_platform/lib/cortex-m4/soft-float/no-interrupts/libnrf_cc310_platform_0.9.18.a(cc_hal.c.obj)
                0x0000000000009110                CC_HalTerminate
 .text.CC_HalMaskInterrupt
                0x0000000000009114        0xc C:/ncs/v2.5.0/nrfxlib/crypto/nrf_cc310_platform/lib/cortex-m4/soft-float/no-interrupts/libnrf_cc310_platform_0.9.18.a(cc_hal.c.obj)
                0x0000000000009114                CC_HalMaskInterrupt
 .text.CC_PalInit
                0x0000000000009120       0x5c C:/ncs/v2.5.0/nrfxlib/crypto/nrf_cc310_platform/lib/cortex-m4/soft-float/no-interrupts/libnrf_cc310_platform_0.9.18.a(cc_pal.c.obj)
                0x0000000000009120                CC_PalInit
 .text.CC_PalTerminate
                0x000000000000917c       0x34 C:/ncs/v2.5.0/nrfxlib/crypto/nrf_cc310_platform/lib/cortex-m4/soft-float/no-interrupts/libnrf_cc310_platform_0.9.18.a(cc_pal.c.obj)
                0x000000000000917c                CC_PalTerminate
 .text.CC_PalDmaInit
                0x00000000000091b0        0x4 C:/ncs/v2.5.0/nrfxlib/crypto/nrf_cc310_platform/lib/cortex-m4/soft-float/no-interrupts/libnrf_cc310_platform_0.9.18.a(cc_pal_dma.c.obj)
                0x00000000000091b0                CC_PalDmaInit
 .text.CC_PalDmaTerminate
                0x00000000000091b4        0x4 C:/ncs/v2.5.0/nrfxlib/crypto/nrf_cc310_platform/lib/cortex-m4/soft-float/no-interrupts/libnrf_cc310_platform_0.9.18.a(cc_pal_dma.c.obj)
                0x00000000000091b4                CC_PalDmaTerminate
 .text.CC_PalMutexCreate
                0x00000000000091b8       0x14 C:/ncs/v2.5.0/nrfxlib/crypto/nrf_cc310_platform/lib/cortex-m4/soft-float/no-interrupts/libnrf_cc310_platform_0.9.18.a(cc_pal_mutex.c.obj)
                0x00000000000091b8                CC_PalMutexCreate
 .text.CC_PalMutexDestroy
                0x00000000000091cc       0x14 C:/ncs/v2.5.0/nrfxlib/crypto/nrf_cc310_platform/lib/cortex-m4/soft-float/no-interrupts/libnrf_cc310_platform_0.9.18.a(cc_pal_mutex.c.obj)
                0x00000000000091cc                CC_PalMutexDestroy
 .text.CC_PalPowerSaveModeInit
                0x00000000000091e0       0x3c C:/ncs/v2.5.0/nrfxlib/crypto/nrf_cc310_platform/lib/cortex-m4/soft-float/no-interrupts/libnrf_cc310_platform_0.9.18.a(cc_pal_pm.c.obj)
                0x00000000000091e0                CC_PalPowerSaveModeInit
 .text.CC_PalPowerSaveModeSelect
                0x000000000000921c       0x84 C:/ncs/v2.5.0/nrfxlib/crypto/nrf_cc310_platform/lib/cortex-m4/soft-float/no-interrupts/libnrf_cc310_platform_0.9.18.a(cc_pal_pm.c.obj)
                0x000000000000921c                CC_PalPowerSaveModeSelect
 .text.snprintf
                0x00000000000092a0       0x58 c:\ncs\toolchains\cf2149caf2\opt\zephyr-sdk\arm-zephyr-eabi\bin\../lib/gcc/../../picolibc/arm-zephyr-eabi/lib/thumb/v7e-m/nofp\libc.a(libc_tinystdio_snprintf.c.o)
                0x00000000000092a0                snprintf
 .text.__i_vfprintf
                0x00000000000092f8      0x49c c:\ncs\toolchains\cf2149caf2\opt\zephyr-sdk\arm-zephyr-eabi\bin\../lib/gcc/../../picolibc/arm-zephyr-eabi/lib/thumb/v7e-m/nofp\libc.a(libc_tinystdio_vfiprintf.c.o)
                0x00000000000092f8                __i_vfprintf
 .text._OffsetAbsSyms
                0x0000000000009794        0x2 zephyr/CMakeFiles/offsets.dir/./arch/arm/core/offsets/offsets.c.obj
                0x0000000000009794                _OffsetAbsSyms
 .text.cbpprintf_external
                0x0000000000009796       0x62 zephyr/libzephyr.a(cbprintf_packaged.c.obj)
                0x0000000000009796                cbpprintf_external
 .text.is_ptr   0x00000000000097f8       0x4a zephyr/libzephyr.a(cbprintf_packaged.c.obj)
                0x00000000000097f8                is_ptr
 .text.arch_printk_char_out
                0x0000000000009842        0x4 zephyr/libzephyr.a(printk.c.obj)
                0x0000000000009842                arch_printk_char_out
 .text.printk   0x0000000000009846       0x1a zephyr/libzephyr.a(printk.c.obj)
                0x0000000000009846                printk
 .text.chunk_size
                0x0000000000009860        0xa zephyr/libzephyr.a(heap.c.obj)
 .text.free_list_add
                0x000000000000986a       0x4e zephyr/libzephyr.a(heap.c.obj)
 .text.sys_heap_init
                0x00000000000098b8       0x7a zephyr/libzephyr.a(heap.c.obj)
                0x00000000000098b8                sys_heap_init
 .text.process_recheck
                0x0000000000009932       0x38 zephyr/libzephyr.a(onoff.c.obj)
 .text.validate_args
                0x000000000000996a       0x20 zephyr/libzephyr.a(onoff.c.obj)
 .text.notify_one
                0x000000000000998a       0x2c zephyr/libzephyr.a(onoff.c.obj)
 .text.transition_complete
                0x00000000000099b6       0x1c zephyr/libzephyr.a(onoff.c.obj)
 .text.onoff_manager_init
                0x00000000000099d2       0x26 zephyr/libzephyr.a(onoff.c.obj)
                0x00000000000099d2                onoff_manager_init
 .text.onoff_request
                0x00000000000099f8       0xb0 zephyr/libzephyr.a(onoff.c.obj)
                0x00000000000099f8                onoff_request
 .text.onoff_release
                0x0000000000009aa8       0x4a zephyr/libzephyr.a(onoff.c.obj)
                0x0000000000009aa8                onoff_release
 .text.sys_notify_validate
                0x0000000000009af2       0x28 zephyr/libzephyr.a(notify.c.obj)
                0x0000000000009af2                sys_notify_validate
 .text.sys_notify_finalize
                0x0000000000009b1a       0x32 zephyr/libzephyr.a(notify.c.obj)
                0x0000000000009b1a                sys_notify_finalize
 .text.free_space
                0x0000000000009b4c       0x26 zephyr/libzephyr.a(mpsc_pbuf.c.obj)
 .text.get_usage
                0x0000000000009b72       0x22 zephyr/libzephyr.a(mpsc_pbuf.c.obj)
 .text.idx_inc  0x0000000000009b94       0x1c zephyr/libzephyr.a(mpsc_pbuf.c.obj)
 .text.rd_idx_inc
                0x0000000000009bb0       0x18 zephyr/libzephyr.a(mpsc_pbuf.c.obj)
 .text.add_skip_item
                0x0000000000009bc8       0x3a zephyr/libzephyr.a(mpsc_pbuf.c.obj)
 .text.drop_item_locked
                0x0000000000009c02       0xee zephyr/libzephyr.a(mpsc_pbuf.c.obj)
 .text.post_drop_action
                0x0000000000009cf0       0x36 zephyr/libzephyr.a(mpsc_pbuf.c.obj)
 .text.max_utilization_update
                0x0000000000009d26       0x1a zephyr/libzephyr.a(mpsc_pbuf.c.obj)
 .text.mpsc_pbuf_init
                0x0000000000009d40       0x42 zephyr/libzephyr.a(mpsc_pbuf.c.obj)
                0x0000000000009d40                mpsc_pbuf_init
 .text.mpsc_pbuf_alloc
                0x0000000000009d82       0xfc zephyr/libzephyr.a(mpsc_pbuf.c.obj)
                0x0000000000009d82                mpsc_pbuf_alloc
 .text.mpsc_pbuf_commit
                0x0000000000009e7e       0x40 zephyr/libzephyr.a(mpsc_pbuf.c.obj)
                0x0000000000009e7e                mpsc_pbuf_commit
 .text.mpsc_pbuf_claim
                0x0000000000009ebe       0xa4 zephyr/libzephyr.a(mpsc_pbuf.c.obj)
                0x0000000000009ebe                mpsc_pbuf_claim
 .text.mpsc_pbuf_free
                0x0000000000009f62       0x78 zephyr/libzephyr.a(mpsc_pbuf.c.obj)
                0x0000000000009f62                mpsc_pbuf_free
 .text.mpsc_pbuf_is_pending
                0x0000000000009fda       0x1a zephyr/libzephyr.a(mpsc_pbuf.c.obj)
                0x0000000000009fda                mpsc_pbuf_is_pending
 .text._ConfigAbsSyms
                0x0000000000009ff4        0x2 zephyr/libzephyr.a(configs.c.obj)
                0x0000000000009ff4                _ConfigAbsSyms
 .text.log_msg_generic_get_wlen
                0x0000000000009ff6       0x20 zephyr/libzephyr.a(log_core.c.obj)
 .text.dummy_timestamp
                0x000000000000a016        0x4 zephyr/libzephyr.a(log_core.c.obj)
 .text.default_get_timestamp
                0x000000000000a01a        0x4 zephyr/libzephyr.a(log_core.c.obj)
 .text.atomic_inc
                0x000000000000a01e       0x1a zephyr/libzephyr.a(log_core.c.obj)
 .text.z_log_vprintk
                0x000000000000a038       0x1c zephyr/libzephyr.a(log_core.c.obj)
                0x000000000000a038                z_log_vprintk
 .text.z_log_notify_drop
                0x000000000000a054        0x6 zephyr/libzephyr.a(log_core.c.obj)
 .text.z_log_get_tag
                0x000000000000a05a        0x4 zephyr/libzephyr.a(log_core.c.obj)
                0x000000000000a05a                z_log_get_tag
 .text.z_cbprintf_cpy
                0x000000000000a05e       0x2c zephyr/libzephyr.a(log_msg.c.obj)
 .text.z_log_msg_finalize
                0x000000000000a08a       0x32 zephyr/libzephyr.a(log_msg.c.obj)
                0x000000000000a08a                z_log_msg_finalize
 .text.buffer_write
                0x000000000000a0bc       0x1a zephyr/libzephyr.a(log_output.c.obj)
 .text.log_output_flush
                0x000000000000a0d6       0x1a zephyr/libzephyr.a(log_output.c.obj)
                0x000000000000a0d6                log_output_flush
 .text.out_func
                0x000000000000a0f0       0x36 zephyr/libzephyr.a(log_output.c.obj)
 .text.cr_out_func
                0x000000000000a126       0x1c zephyr/libzephyr.a(log_output.c.obj)
 .text.log_backend_uart_init
                0x000000000000a142        0x2 zephyr/libzephyr.a(log_backend_uart.c.obj)
 .text.abort_function
                0x000000000000a144        0x8 zephyr/libzephyr.a(nrf_cc3xx_platform_abort_zephyr.c.obj)
 .text.z_do_kernel_oops
                0x000000000000a14c        0x8 zephyr/arch/arch/arm/core/aarch32/libarch__arm__core__aarch32.a(fatal.c.obj)
                0x000000000000a14c                z_do_kernel_oops
 .text.z_irq_spurious
                0x000000000000a154        0x8 zephyr/arch/arch/arm/core/aarch32/libarch__arm__core__aarch32.a(irq_manage.c.obj)
                0x000000000000a154                z_irq_spurious
 .text.z_arm_nmi
                0x000000000000a15c        0xe zephyr/arch/arch/arm/core/aarch32/libarch__arm__core__aarch32.a(nmi.c.obj)
                0x000000000000a15c                z_arm_nmi
 .text.z_log_msg_static_create.constprop.0
                0x000000000000a16a        0x6 zephyr/arch/arch/arm/core/aarch32/cortex_m/libarch__arm__core__aarch32__cortex_m.a(fault.c.obj)
 .text.cbputc   0x000000000000a170        0xc zephyr/lib/libc/picolibc/liblib__libc__picolibc.a(libc-hooks.c.obj)
 .text.picolibc_put
                0x000000000000a17c        0xa zephyr/lib/libc/picolibc/liblib__libc__picolibc.a(libc-hooks.c.obj)
 .text.adc_context_on_timer_expired
                0x000000000000a186       0x2e zephyr/drivers/adc/libdrivers__adc.a(adc_nrfx_saadc.c.obj)
 .text.get_status
                0x000000000000a1b4       0x12 zephyr/drivers/clock_control/libdrivers__clock_control.a(clock_control_nrf.c.obj)
 .text.set_on_state
                0x000000000000a1c6       0x26 zephyr/drivers/clock_control/libdrivers__clock_control.a(clock_control_nrf.c.obj)
 .text.stop     0x000000000000a1ec       0x52 zephyr/drivers/clock_control/libdrivers__clock_control.a(clock_control_nrf.c.obj)
 .text.api_stop
                0x000000000000a23e        0x6 zephyr/drivers/clock_control/libdrivers__clock_control.a(clock_control_nrf.c.obj)
 .text.async_start
                0x000000000000a244       0x5c zephyr/drivers/clock_control/libdrivers__clock_control.a(clock_control_nrf.c.obj)
 .text.api_start
                0x000000000000a2a0        0xe zephyr/drivers/clock_control/libdrivers__clock_control.a(clock_control_nrf.c.obj)
 .text.onoff_started_callback
                0x000000000000a2ae       0x12 zephyr/drivers/clock_control/libdrivers__clock_control.a(clock_control_nrf.c.obj)
 .text.lfclk_start
                0x000000000000a2c0        0x6 zephyr/drivers/clock_control/libdrivers__clock_control.a(clock_control_nrf.c.obj)
 .text.lfclk_stop
                0x000000000000a2c6        0x6 zephyr/drivers/clock_control/libdrivers__clock_control.a(clock_control_nrf.c.obj)
 .text.blocking_start_callback
                0x000000000000a2cc        0x6 zephyr/drivers/clock_control/libdrivers__clock_control.a(clock_control_nrf.c.obj)
 .text.gpio_nrfx_port_get_raw
                0x000000000000a2d2        0xe zephyr/drivers/gpio/libdrivers__gpio.a(gpio_nrfx.c.obj)
 .text.gpio_nrfx_port_set_masked_raw
                0x000000000000a2e0       0x18 zephyr/drivers/gpio/libdrivers__gpio.a(gpio_nrfx.c.obj)
 .text.gpio_nrfx_port_set_bits_raw
                0x000000000000a2f8        0xc zephyr/drivers/gpio/libdrivers__gpio.a(gpio_nrfx.c.obj)
 .text.gpio_nrfx_port_clear_bits_raw
                0x000000000000a304        0xc zephyr/drivers/gpio/libdrivers__gpio.a(gpio_nrfx.c.obj)
 .text.gpio_nrfx_port_toggle_bits
                0x000000000000a310       0x1a zephyr/drivers/gpio/libdrivers__gpio.a(gpio_nrfx.c.obj)
 .text.gpio_nrfx_manage_callback
                0x000000000000a32a       0x52 zephyr/drivers/gpio/libdrivers__gpio.a(gpio_nrfx.c.obj)
 .text.kscan_ht16k33_config
                0x000000000000a37c        0xc zephyr/drivers/kscan/libdrivers__kscan.a(kscan_ht16k33.c.obj)
 .text.kscan_ht16k33_init
                0x000000000000a388       0x18 zephyr/drivers/kscan/libdrivers__kscan.a(kscan_ht16k33.c.obj)
 .text.ht16k33_timer_callback
                0x000000000000a3a0        0x6 zephyr/drivers/led/libdrivers__led.a(ht16k33.c.obj)
 .text.z_log_msg_static_create.constprop.0
                0x000000000000a3a6        0x6 zephyr/drivers/led/libdrivers__led.a(ht16k33.c.obj)
 .text.ht16k33_irq_callback
                0x000000000000a3ac        0x8 zephyr/drivers/led/libdrivers__led.a(ht16k33.c.obj)
 .text.i2c_write_dt
                0x000000000000a3b4       0x20 zephyr/drivers/led/libdrivers__led.a(ht16k33.c.obj)
 .text.ht16k33_led_set_brightness
                0x000000000000a3d4       0x40 zephyr/drivers/led/libdrivers__led.a(ht16k33.c.obj)
 .text.ht16k33_led_off
                0x000000000000a414        0x6 zephyr/drivers/led/libdrivers__led.a(ht16k33.c.obj)
 .text.ht16k33_led_on
                0x000000000000a41a        0x6 zephyr/drivers/led/libdrivers__led.a(ht16k33.c.obj)
 .text.ht16k33_register_keyscan_callback
                0x000000000000a420       0x28 zephyr/drivers/led/libdrivers__led.a(ht16k33.c.obj)
                0x000000000000a420                ht16k33_register_keyscan_callback
 .text.led_gpio_set_brightness
                0x000000000000a448       0x42 zephyr/drivers/led/libdrivers__led.a(led_gpio.c.obj)
 .text.led_gpio_on
                0x000000000000a48a        0x6 zephyr/drivers/led/libdrivers__led.a(led_gpio.c.obj)
 .text.led_gpio_off
                0x000000000000a490        0x6 zephyr/drivers/led/libdrivers__led.a(led_gpio.c.obj)
 .text.pinctrl_lookup_state
                0x000000000000a496       0x26 zephyr/drivers/pinctrl/libdrivers__pinctrl.a(common.c.obj)
                0x000000000000a496                pinctrl_lookup_state
 .text.qdec_nrfx_trigger_set
                0x000000000000a4bc       0x3a zephyr/drivers/sensor/qdec_nrfx/libdrivers__sensor__qdec_nrfx.a(qdec_nrfx.c.obj)
 .text.qdec_nrfx_sample_fetch
                0x000000000000a4f6       0x2c zephyr/drivers/sensor/qdec_nrfx/libdrivers__sensor__qdec_nrfx.a(qdec_nrfx.c.obj)
 .text.irq_connect0
                0x000000000000a522        0xa zephyr/drivers/sensor/qdec_nrfx/libdrivers__sensor__qdec_nrfx.a(qdec_nrfx.c.obj)
 .text.uarte_nrfx_config_get
                0x000000000000a52c       0x10 zephyr/drivers/serial/libdrivers__serial.a(uart_nrfx_uarte.c.obj)
 .text.uarte_nrfx_err_check
                0x000000000000a53c        0xe zephyr/drivers/serial/libdrivers__serial.a(uart_nrfx_uarte.c.obj)
 .text.uarte_nrfx_poll_in
                0x000000000000a54a       0x28 zephyr/drivers/serial/libdrivers__serial.a(uart_nrfx_uarte.c.obj)
 .text.is_tx_ready.isra.0
                0x000000000000a572       0x20 zephyr/drivers/serial/libdrivers__serial.a(uart_nrfx_uarte.c.obj)
 .text.uarte_nrfx_isr_int
                0x000000000000a592       0x72 zephyr/drivers/serial/libdrivers__serial.a(uart_nrfx_uarte.c.obj)
 .text.irq_connect1
                0x000000000000a604        0xa zephyr/drivers/spi/libdrivers__spi.a(spi_nrfx_spi.c.obj)
 .text.spi_context_get_next_buf.constprop.0
                0x000000000000a60e       0x26 zephyr/drivers/spi/libdrivers__spi.a(spi_nrfx_spi.c.obj)
 .text.z_log_msg_static_create.constprop.0
                0x000000000000a634        0x6 zephyr/drivers/spi/libdrivers__spi.a(spi_nrfx_spi.c.obj)
 .text.gpio_pin_set_dt.isra.0
                0x000000000000a63a       0x28 zephyr/drivers/spi/libdrivers__spi.a(spi_nrfx_spi.c.obj)
 .text.spi_context_unlock_unconditionally
                0x000000000000a662       0x30 zephyr/drivers/spi/libdrivers__spi.a(spi_nrfx_spi.c.obj)
 .text.spi_nrfx_release
                0x000000000000a692       0x24 zephyr/drivers/spi/libdrivers__spi.a(spi_nrfx_spi.c.obj)
 .text.finish_transaction.isra.0
                0x000000000000a6b6       0x38 zephyr/drivers/spi/libdrivers__spi.a(spi_nrfx_spi.c.obj)
 .text.spi_nrfx_wake_request
                0x000000000000a6ee       0x50 zephyr/drivers/spi/libdrivers__spi.a(spi_nrfx_common.c.obj)
                0x000000000000a6ee                spi_nrfx_wake_request
 .text.irq_connect3
                0x000000000000a73e        0xa zephyr/drivers/spi/libdrivers__spi.a(spi_nrfx_spim.c.obj)
 .text.spi_context_get_next_buf.constprop.0
                0x000000000000a748       0x26 zephyr/drivers/spi/libdrivers__spi.a(spi_nrfx_spim.c.obj)
 .text.z_log_msg_static_create.constprop.0
                0x000000000000a76e        0x6 zephyr/drivers/spi/libdrivers__spi.a(spi_nrfx_spim.c.obj)
 .text.gpio_pin_set_dt.isra.0
                0x000000000000a774       0x28 zephyr/drivers/spi/libdrivers__spi.a(spi_nrfx_spim.c.obj)
 .text.spi_context_unlock_unconditionally
                0x000000000000a79c       0x30 zephyr/drivers/spi/libdrivers__spi.a(spi_nrfx_spim.c.obj)
 .text.spi_nrfx_release
                0x000000000000a7cc       0x24 zephyr/drivers/spi/libdrivers__spi.a(spi_nrfx_spim.c.obj)
 .text.finish_transaction.isra.0
                0x000000000000a7f0       0x38 zephyr/drivers/spi/libdrivers__spi.a(spi_nrfx_spim.c.obj)
 .text.event_clear
                0x000000000000a828       0x18 zephyr/drivers/timer/libdrivers__timer.a(nrf_rtc_timer.c.obj)
 .text.sys_clock_cycle_get_32
                0x000000000000a840        0x8 zephyr/drivers/timer/libdrivers__timer.a(nrf_rtc_timer.c.obj)
                0x000000000000a840                sys_clock_cycle_get_32
 .text.hw_cc3xx_init_internal
                0x000000000000a848        0x4 modules/nrf/drivers/hw_cc310/lib..__nrf__drivers__hw_cc310.a(hw_cc310.c.obj)
 .text.hw_cc3xx_init
                0x000000000000a84c       0x12 modules/nrf/drivers/hw_cc310/lib..__nrf__drivers__hw_cc310.a(hw_cc310.c.obj)
 .text.nrfx_isr
                0x000000000000a85e        0x2 modules/hal_nordic/nrfx/libmodules__hal_nordic__nrfx.a(nrfx_glue.c.obj)
                0x000000000000a85e                nrfx_isr
 .text.nrfx_busy_wait
                0x000000000000a860        0x4 modules/hal_nordic/nrfx/libmodules__hal_nordic__nrfx.a(nrfx_glue.c.obj)
                0x000000000000a860                nrfx_busy_wait
 .text.nrfx_gppi_channel_endpoints_setup
                0x000000000000a864       0x14 modules/hal_nordic/nrfx/libmodules__hal_nordic__nrfx.a(nrfx_gppi_ppi.c.obj)
                0x000000000000a864                nrfx_gppi_channel_endpoints_setup
 .text.nrfx_clock_enable
                0x000000000000a878       0x1a modules/hal_nordic/nrfx/libmodules__hal_nordic__nrfx.a(nrfx_clock.c.obj)
                0x000000000000a878                nrfx_clock_enable
 .text.nrfx_clock_start
                0x000000000000a892       0x78 modules/hal_nordic/nrfx/libmodules__hal_nordic__nrfx.a(nrfx_clock.c.obj)
                0x000000000000a892                nrfx_clock_start
 .text.nrfx_clock_stop
                0x000000000000a90a        0x4 modules/hal_nordic/nrfx/libmodules__hal_nordic__nrfx.a(nrfx_clock.c.obj)
                0x000000000000a90a                nrfx_clock_stop
 .text.nrf_gpio_reconfigure
                0x000000000000a90e       0x92 modules/hal_nordic/nrfx/libmodules__hal_nordic__nrfx.a(nrfx_gpiote.c.obj)
 .text.nrf_gpio_cfg_sense_set
                0x000000000000a9a0       0x1e modules/hal_nordic/nrfx/libmodules__hal_nordic__nrfx.a(nrfx_gpiote.c.obj)
 .text.nrfx_gpiote_in_event_get
                0x000000000000a9be       0x22 modules/hal_nordic/nrfx/libmodules__hal_nordic__nrfx.a(nrfx_gpiote.c.obj)
                0x000000000000a9be                nrfx_gpiote_in_event_get
 .text.qdec_configure
                0x000000000000a9e0       0xc8 modules/hal_nordic/nrfx/libmodules__hal_nordic__nrfx.a(nrfx_qdec.c.obj)
 .text.nrfx_qdec_accumulators_read
                0x000000000000aaa8       0x18 modules/hal_nordic/nrfx/libmodules__hal_nordic__nrfx.a(nrfx_qdec.c.obj)
                0x000000000000aaa8                nrfx_qdec_accumulators_read
 .text.nrf_gpio_pin_set
                0x000000000000aac0       0x1a modules/hal_nordic/nrfx/libmodules__hal_nordic__nrfx.a(nrfx_spi.c.obj)
 .text.nrf_gpio_pin_clear
                0x000000000000aada       0x1a modules/hal_nordic/nrfx/libmodules__hal_nordic__nrfx.a(nrfx_spi.c.obj)
 .text.transfer_byte
                0x000000000000aaf4       0x66 modules/hal_nordic/nrfx/libmodules__hal_nordic__nrfx.a(nrfx_spi.c.obj)
 .text.__nrfy_internal_spim_event_handle
                0x000000000000ab5a       0x2a modules/hal_nordic/nrfx/libmodules__hal_nordic__nrfx.a(nrfx_spim.c.obj)
 .text.__nrfy_internal_spim_events_process
                0x000000000000ab84       0x7c modules/hal_nordic/nrfx/libmodules__hal_nordic__nrfx.a(nrfx_spim.c.obj)
 .text.nrf_gpio_pin_set
                0x000000000000ac00       0x1a modules/hal_nordic/nrfx/libmodules__hal_nordic__nrfx.a(nrfx_spim.c.obj)
 .text.nrf_gpio_pin_clear
                0x000000000000ac1a       0x1a modules/hal_nordic/nrfx/libmodules__hal_nordic__nrfx.a(nrfx_spim.c.obj)
 .text.spim_abort
                0x000000000000ac34       0x2c modules/hal_nordic/nrfx/libmodules__hal_nordic__nrfx.a(nrfx_spim.c.obj)
 .text.twi_transfer
                0x000000000000ac60      0x130 modules/hal_nordic/nrfx/libmodules__hal_nordic__nrfx.a(nrfx_twi.c.obj)
 .text.nrf_gpio_pin_set
                0x000000000000ad90       0x1a modules/hal_nordic/nrfx/libmodules__hal_nordic__nrfx.a(nrfx_twi_twim.c.obj)
 .text.SEGGER_RTT_Init
                0x000000000000adaa        0x4 modules/segger/libmodules__segger.a(SEGGER_RTT.c.obj)
                0x000000000000adaa                SEGGER_RTT_Init
 .text.rtt_init
                0x000000000000adae        0xa modules/segger/libmodules__segger.a(SEGGER_RTT_zephyr.c.obj)
 .text.z_impl_k_busy_wait
                0x000000000000adb8        0x8 zephyr/kernel/libkernel.a(busy_wait.c.obj)
                0x000000000000adb8                z_impl_k_busy_wait
 .text.z_device_state_init
                0x000000000000adc0        0x2 zephyr/kernel/libkernel.a(device.c.obj)
                0x000000000000adc0                z_device_state_init
 .text.z_device_is_ready
                0x000000000000adc2       0x16 zephyr/kernel/libkernel.a(device.c.obj)
                0x000000000000adc2                z_device_is_ready
 .text.z_early_memset
                0x000000000000add8        0x4 zephyr/kernel/libkernel.a(init.c.obj)
                0x000000000000add8                z_early_memset
 .text.z_early_memcpy
                0x000000000000addc        0x4 zephyr/kernel/libkernel.a(init.c.obj)
                0x000000000000addc                z_early_memcpy
 .text.create_free_list
                0x000000000000ade0       0x2c zephyr/kernel/libkernel.a(mem_slab.c.obj)
 .text.k_mem_slab_init
                0x000000000000ae0c       0x1c zephyr/kernel/libkernel.a(mem_slab.c.obj)
                0x000000000000ae0c                k_mem_slab_init
 .text.k_mem_slab_free
                0x000000000000ae28       0x4c zephyr/kernel/libkernel.a(mem_slab.c.obj)
                0x000000000000ae28                k_mem_slab_free
 .text.k_is_in_isr
                0x000000000000ae74        0xc zephyr/kernel/libkernel.a(thread.c.obj)
                0x000000000000ae74                k_is_in_isr
 .text.z_impl_k_thread_name_set
                0x000000000000ae80        0x6 zephyr/kernel/libkernel.a(thread.c.obj)
                0x000000000000ae80                z_impl_k_thread_name_set
 .text.k_thread_name_get
                0x000000000000ae86        0x4 zephyr/kernel/libkernel.a(thread.c.obj)
                0x000000000000ae86                k_thread_name_get
 .text.z_impl_k_thread_start
                0x000000000000ae8a        0x4 zephyr/kernel/libkernel.a(thread.c.obj)
                0x000000000000ae8a                z_impl_k_thread_start
 .text.idle     0x000000000000ae8e       0x18 zephyr/kernel/libkernel.a(idle.c.obj)
                0x000000000000ae8e                idle
 .text.adjust_owner_prio.isra.0
                0x000000000000aea6       0x10 zephyr/kernel/libkernel.a(mutex.c.obj)
 .text.z_impl_k_mutex_init
                0x000000000000aeb6        0xe zephyr/kernel/libkernel.a(mutex.c.obj)
                0x000000000000aeb6                z_impl_k_mutex_init
 .text.z_impl_k_sem_init
                0x000000000000aec4       0x20 zephyr/kernel/libkernel.a(sem.c.obj)
                0x000000000000aec4                z_impl_k_sem_init
 .text.sys_dlist_remove
                0x000000000000aee4       0x10 zephyr/kernel/libkernel.a(sched.c.obj)
 .text.unpend_thread_no_timeout
                0x000000000000aef4       0x14 zephyr/kernel/libkernel.a(sched.c.obj)
 .text.add_to_waitq_locked
                0x000000000000af08       0x50 zephyr/kernel/libkernel.a(sched.c.obj)
 .text.z_ready_thread
                0x000000000000af58       0x20 zephyr/kernel/libkernel.a(sched.c.obj)
                0x000000000000af58                z_ready_thread
 .text.z_unpend_thread_no_timeout
                0x000000000000af78       0x24 zephyr/kernel/libkernel.a(sched.c.obj)
                0x000000000000af78                z_unpend_thread_no_timeout
 .text.z_sched_wake_thread
                0x000000000000af9c       0x44 zephyr/kernel/libkernel.a(sched.c.obj)
                0x000000000000af9c                z_sched_wake_thread
 .text.z_thread_timeout
                0x000000000000afe0        0x8 zephyr/kernel/libkernel.a(sched.c.obj)
                0x000000000000afe0                z_thread_timeout
 .text.z_unpend1_no_timeout
                0x000000000000afe8       0x2e zephyr/kernel/libkernel.a(sched.c.obj)
                0x000000000000afe8                z_unpend1_no_timeout
 .text.z_unpend_first_thread
                0x000000000000b016       0x38 zephyr/kernel/libkernel.a(sched.c.obj)
                0x000000000000b016                z_unpend_first_thread
 .text.z_unpend_thread
                0x000000000000b04e       0x30 zephyr/kernel/libkernel.a(sched.c.obj)
                0x000000000000b04e                z_unpend_thread
 .text.z_reschedule_irqlock
                0x000000000000b07e       0x18 zephyr/kernel/libkernel.a(sched.c.obj)
                0x000000000000b07e                z_reschedule_irqlock
 .text.z_reschedule_unlocked
                0x000000000000b096       0x14 zephyr/kernel/libkernel.a(sched.c.obj)
 .text.z_sched_wake
                0x000000000000b0aa       0x46 zephyr/kernel/libkernel.a(sched.c.obj)
                0x000000000000b0aa                z_sched_wake
 .text.z_abort_timeout
                0x000000000000b0f0       0x2c zephyr/kernel/libkernel.a(timeout.c.obj)
                0x000000000000b0f0                z_abort_timeout
 .text.sys_clock_tick_get_32
                0x000000000000b11c        0x8 zephyr/kernel/libkernel.a(timeout.c.obj)
                0x000000000000b11c                sys_clock_tick_get_32
 .text.z_impl_k_uptime_ticks
                0x000000000000b124        0x4 zephyr/kernel/libkernel.a(timeout.c.obj)
                0x000000000000b124                z_impl_k_uptime_ticks
 .text.k_timer_init
                0x000000000000b128       0x18 zephyr/kernel/libkernel.a(timer.c.obj)
                0x000000000000b128                k_timer_init
 .text.z_impl_k_timer_stop
                0x000000000000b140       0x3a zephyr/kernel/libkernel.a(timer.c.obj)
                0x000000000000b140                z_impl_k_timer_stop
 .text.signal_poll_event
                0x000000000000b17a       0xb4 zephyr/kernel/libkernel.a(poll.c.obj)
 .text.z_handle_obj_poll_events
                0x000000000000b22e       0x1c zephyr/kernel/libkernel.a(poll.c.obj)
                0x000000000000b22e                z_handle_obj_poll_events
 .text.flag_test_and_clear
                0x000000000000b24a       0x16 zephyr/kernel/libkernel.a(work.c.obj)
 .text.notify_queue_locked.isra.0
                0x000000000000b260        0xe zephyr/kernel/libkernel.a(work.c.obj)
 .text.z_work_submit_to_queue
                0x000000000000b26e       0x28 zephyr/kernel/libkernel.a(work.c.obj)
                0x000000000000b26e                z_work_submit_to_queue
 .text.strnlen  0x000000000000b296       0x18 c:\ncs\toolchains\cf2149caf2\opt\zephyr-sdk\arm-zephyr-eabi\bin\../lib/gcc/../../picolibc/arm-zephyr-eabi/lib/thumb/v7e-m/nofp\libc.a(libc_string_strnlen.c.o)
                0x000000000000b296                strnlen
 .text.__ultoa_invert
                0x000000000000b2ae       0x34 c:\ncs\toolchains\cf2149caf2\opt\zephyr-sdk\arm-zephyr-eabi\bin\../lib/gcc/../../picolibc/arm-zephyr-eabi/lib/thumb/v7e-m/nofp\libc.a(libc_tinystdio_vfiprintf.c.o)
 .text.memcpy   0x000000000000b2e2       0x1c c:\ncs\toolchains\cf2149caf2\opt\zephyr-sdk\arm-zephyr-eabi\bin\../lib/gcc/../../picolibc/arm-zephyr-eabi/lib/thumb/v7e-m/nofp\libc.a(memcpy.c.o)
                0x000000000000b2e2                __aeabi_memcpy
                0x000000000000b2e2                __aeabi_memcpy4
                0x000000000000b2e2                __aeabi_memcpy8
                0x000000000000b2e2                memcpy
 .text.memset   0x000000000000b2fe       0x10 c:\ncs\toolchains\cf2149caf2\opt\zephyr-sdk\arm-zephyr-eabi\bin\../lib/gcc/../../picolibc/arm-zephyr-eabi/lib/thumb/v7e-m/nofp\libc.a(memset.c.o)
                0x000000000000b2fe                memset
 .text.__file_str_put
                0x000000000000b30e       0x10 c:\ncs\toolchains\cf2149caf2\opt\zephyr-sdk\arm-zephyr-eabi\bin\../lib/gcc/../../picolibc/arm-zephyr-eabi/lib/thumb/v7e-m/nofp\libc.a(libc_tinystdio_filestrput.c.o)
                0x000000000000b30e                __file_str_put
 *(SORT_BY_ALIGNMENT(.TEXT.*))
 *fill*         0x000000000000b31e        0x2 
 .TEXT.__aeabi_read_tp
                0x000000000000b320        0xc zephyr/arch/arch/arm/core/aarch32/cortex_m/libarch__arm__core__aarch32__cortex_m.a(__aeabi_read_tp.S.obj)
                0x000000000000b320                __aeabi_read_tp
 *(SORT_BY_ALIGNMENT(.gnu.linkonce.t.*))
 *(SORT_BY_ALIGNMENT(.glue_7t))
 .glue_7t       0x000000000000b32c        0x0 linker stubs
 *(SORT_BY_ALIGNMENT(.glue_7))
 .glue_7        0x000000000000b32c        0x0 linker stubs
 *(SORT_BY_ALIGNMENT(.vfp11_veneer))
 .vfp11_veneer  0x000000000000b32c        0x0 linker stubs
 *(SORT_BY_ALIGNMENT(.v4_bx))
 .v4_bx         0x000000000000b32c        0x0 linker stubs
                0x000000000000b32c                . = ALIGN (0x4)
                0x000000000000b32c                __text_region_end = .

.ARM.exidx      0x000000000000b32c        0x8
                0x000000000000b32c                __exidx_start = .
 *(SORT_BY_ALIGNMENT(.ARM.exidx*) SORT_BY_ALIGNMENT(gnu.linkonce.armexidx.*))
 .ARM.exidx     0x000000000000b32c        0x8 c:/ncs/toolchains/cf2149caf2/opt/zephyr-sdk/arm-zephyr-eabi/bin/../lib/gcc/arm-zephyr-eabi/12.2.0/thumb/v7e-m/nofp\libgcc.a(_udivmoddi4.o)
 .ARM.exidx     0x000000000000b334        0x0 c:\ncs\toolchains\cf2149caf2\opt\zephyr-sdk\arm-zephyr-eabi\bin\../lib/gcc/../../picolibc/arm-zephyr-eabi/lib/thumb/v7e-m/nofp\libc.a(strlen.S.o)
                                          0x8 (size before relaxing)
                0x000000000000b334                __exidx_end = .
                0x000000000000b334                __rodata_region_start = .

initlevel       0x000000000000b334       0xb8
                0x000000000000b334                __init_start = .
                0x000000000000b334                __init_EARLY_start = .
 *(SORT_BY_NAME(SORT_BY_ALIGNMENT(.z_init_EARLY?_*)))
 *(SORT_BY_NAME(SORT_BY_ALIGNMENT(.z_init_EARLY??_*)))
                0x000000000000b334                __init_PRE_KERNEL_1_start = .
 *(SORT_BY_NAME(SORT_BY_ALIGNMENT(.z_init_PRE_KERNEL_1?_*)))
 .z_init_PRE_KERNEL_10_0_
                0x000000000000b334        0x8 zephyr/soc/soc/arm/nordic_nrf/nrf52/libsoc__arm__nordic_nrf__nrf52.a(soc.c.obj)
 *(SORT_BY_NAME(SORT_BY_ALIGNMENT(.z_init_PRE_KERNEL_1??_*)))
 .z_init_PRE_KERNEL_130_00080_
                0x000000000000b33c        0x8 zephyr/drivers/clock_control/libdrivers__clock_control.a(clock_control_nrf.c.obj)
 .z_init_PRE_KERNEL_130_0_
                0x000000000000b344        0x8 modules/segger/libmodules__segger.a(SEGGER_RTT_zephyr.c.obj)
 .z_init_PRE_KERNEL_130_0_
                0x000000000000b34c        0x8 zephyr/kernel/libkernel.a(mem_slab.c.obj)
 .z_init_PRE_KERNEL_140_00013_
                0x000000000000b354        0x8 zephyr/drivers/gpio/libdrivers__gpio.a(gpio_nrfx.c.obj)
 .z_init_PRE_KERNEL_140_00022_
                0x000000000000b35c        0x8 zephyr/drivers/gpio/libdrivers__gpio.a(gpio_nrfx.c.obj)
 .z_init_PRE_KERNEL_140_0_
                0x000000000000b364        0x8 modules/nrf/drivers/hw_cc310/lib..__nrf__drivers__hw_cc310.a(hw_cc310.c.obj)
 .z_init_PRE_KERNEL_155_00116_
                0x000000000000b36c        0x8 zephyr/drivers/serial/libdrivers__serial.a(uart_nrfx_uarte.c.obj)
 .z_init_PRE_KERNEL_160_0_
                0x000000000000b374        0x8 zephyr/drivers/console/libdrivers__console.a(uart_console.c.obj)
                0x000000000000b37c                __init_PRE_KERNEL_2_start = .
 *(SORT_BY_NAME(SORT_BY_ALIGNMENT(.z_init_PRE_KERNEL_2?_*)))
 .z_init_PRE_KERNEL_20_0_
                0x000000000000b37c        0x8 zephyr/drivers/timer/libdrivers__timer.a(nrf_rtc_timer.c.obj)
 *(SORT_BY_NAME(SORT_BY_ALIGNMENT(.z_init_PRE_KERNEL_2??_*)))
                0x000000000000b384                __init_POST_KERNEL_start = .
 *(SORT_BY_NAME(SORT_BY_ALIGNMENT(.z_init_POST_KERNEL?_*)))
 .z_init_POST_KERNEL0_0_
                0x000000000000b384        0x8 zephyr/libzephyr.a(log_core.c.obj)
 *(SORT_BY_NAME(SORT_BY_ALIGNMENT(.z_init_POST_KERNEL??_*)))
 .z_init_POST_KERNEL40_0_