Archive member included to satisfy reference by file (symbol)

app/libapp.a(batterydisplay.c.obj)
                              (--whole-archive)
app/libapp.a(led.c.obj)       (--whole-archive)
app/libapp.a(main.c.obj)      (--whole-archive)
zephyr/libzephyr.a(heap.c.obj)
                              (--whole-archive)
zephyr/libzephyr.a(cbprintf_packaged.c.obj)
                              (--whole-archive)
zephyr/libzephyr.a(printk.c.obj)
                              (--whole-archive)
zephyr/libzephyr.a(sem.c.obj)
                              (--whole-archive)
zephyr/libzephyr.a(thread_entry.c.obj)
                              (--whole-archive)
zephyr/libzephyr.a(cbprintf_complete.c.obj)
                              (--whole-archive)
zephyr/libzephyr.a(assert.c.obj)
                              (--whole-archive)
zephyr/libzephyr.a(mpsc_pbuf.c.obj)
                              (--whole-archive)
zephyr/libzephyr.a(dec.c.obj)
                              (--whole-archive)
zephyr/libzephyr.a(hex.c.obj)
                              (--whole-archive)
zephyr/libzephyr.a(rb.c.obj)  (--whole-archive)
zephyr/libzephyr.a(timeutil.c.obj)
                              (--whole-archive)
zephyr/libzephyr.a(bitarray.c.obj)
                              (--whole-archive)
zephyr/libzephyr.a(onoff.c.obj)
                              (--whole-archive)
zephyr/libzephyr.a(notify.c.obj)
                              (--whole-archive)
zephyr/libzephyr.a(configs.c.obj)
                              (--whole-archive)
zephyr/libzephyr.a(log_core.c.obj)
                              (--whole-archive)
zephyr/libzephyr.a(log_mgmt.c.obj)
                              (--whole-archive)
zephyr/libzephyr.a(log_cache.c.obj)
                              (--whole-archive)
zephyr/libzephyr.a(log_msg.c.obj)
                              (--whole-archive)
zephyr/libzephyr.a(log_output.c.obj)
                              (--whole-archive)
zephyr/libzephyr.a(log_backend_rtt.c.obj)
                              (--whole-archive)
zephyr/libzephyr.a(log_backend_uart.c.obj)
                              (--whole-archive)
zephyr/libzephyr.a(mem_attr.c.obj)
                              (--whole-archive)
zephyr/libzephyr.a(tracing_none.c.obj)
                              (--whole-archive)
zephyr/arch/common/libarch__common.a(sw_isr_common.c.obj)
                              (--whole-archive)
zephyr/arch/arch/arm/core/libarch__arm__core.a(fatal.c.obj)
                              (--whole-archive)
zephyr/arch/arch/arm/core/libarch__arm__core.a(nmi.c.obj)
                              (--whole-archive)
zephyr/arch/arch/arm/core/libarch__arm__core.a(nmi_on_reset.S.obj)
                              (--whole-archive)
zephyr/arch/arch/arm/core/libarch__arm__core.a(tls.c.obj)
                              (--whole-archive)
zephyr/arch/arch/arm/core/cortex_m/libarch__arm__core__cortex_m.a(exc_exit.c.obj)
                              (--whole-archive)
zephyr/arch/arch/arm/core/cortex_m/libarch__arm__core__cortex_m.a(fault.c.obj)
                              (--whole-archive)
zephyr/arch/arch/arm/core/cortex_m/libarch__arm__core__cortex_m.a(fault_s.S.obj)
                              (--whole-archive)
zephyr/arch/arch/arm/core/cortex_m/libarch__arm__core__cortex_m.a(fpu.c.obj)
                              (--whole-archive)
zephyr/arch/arch/arm/core/cortex_m/libarch__arm__core__cortex_m.a(reset.S.obj)
                              (--whole-archive)
zephyr/arch/arch/arm/core/cortex_m/libarch__arm__core__cortex_m.a(scb.c.obj)
                              (--whole-archive)
zephyr/arch/arch/arm/core/cortex_m/libarch__arm__core__cortex_m.a(thread_abort.c.obj)
                              (--whole-archive)
zephyr/arch/arch/arm/core/cortex_m/libarch__arm__core__cortex_m.a(vector_table.S.obj)
                              (--whole-archive)
zephyr/arch/arch/arm/core/cortex_m/libarch__arm__core__cortex_m.a(swap.c.obj)
                              (--whole-archive)
zephyr/arch/arch/arm/core/cortex_m/libarch__arm__core__cortex_m.a(swap_helper.S.obj)
                              (--whole-archive)
zephyr/arch/arch/arm/core/cortex_m/libarch__arm__core__cortex_m.a(irq_manage.c.obj)
                              (--whole-archive)
zephyr/arch/arch/arm/core/cortex_m/libarch__arm__core__cortex_m.a(prep_c.c.obj)
                              (--whole-archive)
zephyr/arch/arch/arm/core/cortex_m/libarch__arm__core__cortex_m.a(thread.c.obj)
                              (--whole-archive)
zephyr/arch/arch/arm/core/cortex_m/libarch__arm__core__cortex_m.a(cpu_idle.c.obj)
                              (--whole-archive)
zephyr/arch/arch/arm/core/cortex_m/libarch__arm__core__cortex_m.a(irq_init.c.obj)
                              (--whole-archive)
zephyr/arch/arch/arm/core/cortex_m/libarch__arm__core__cortex_m.a(isr_wrapper.c.obj)
                              (--whole-archive)
zephyr/arch/arch/arm/core/cortex_m/libarch__arm__core__cortex_m.a(__aeabi_read_tp.S.obj)
[...]
Memory Configuration

Name             Origin             Length             Attributes
FLASH            0x0000000000000000 0x0000000000100000 xr
RAM              0x0000000020000000 0x0000000000040000 xw
IDT_LIST         0x00000000ffff7fff 0x0000000000008000 xw
*default*        0x0000000000000000 0xffffffffffffffff

Linker script and memory map

LOAD zephyr/CMakeFiles/zephyr_final.dir/misc/empty_file.c.obj
LOAD zephyr/CMakeFiles/zephyr_final.dir/isr_tables.c.obj
LOAD app/libapp.a
LOAD zephyr/libzephyr.a
LOAD zephyr/arch/common/libarch__common.a
LOAD zephyr/arch/arch/arm/core/libarch__arm__core.a
LOAD zephyr/arch/arch/arm/core/cortex_m/libarch__arm__core__cortex_m.a
LOAD zephyr/arch/arch/arm/core/mpu/libarch__arm__core__mpu.a
LOAD zephyr/lib/libc/picolibc/liblib__libc__picolibc.a
LOAD zephyr/lib/libc/common/liblib__libc__common.a
LOAD zephyr/soc/soc/nrf52840/libsoc__nordic.a
LOAD zephyr/drivers/adc/libdrivers__adc.a
LOAD zephyr/drivers/clock_control/libdrivers__clock_control.a
LOAD zephyr/drivers/console/libdrivers__console.a
LOAD zephyr/drivers/gpio/libdrivers__gpio.a
LOAD zephyr/drivers/i2c/libdrivers__i2c.a
LOAD zephyr/drivers/led/libdrivers__led.a
LOAD zephyr/drivers/pinctrl/libdrivers__pinctrl.a
LOAD zephyr/drivers/serial/libdrivers__serial.a
LOAD zephyr/drivers/spi/libdrivers__spi.a
LOAD zephyr/drivers/timer/libdrivers__timer.a
LOAD modules/hal_nordic/nrfx/libmodules__hal_nordic__nrfx.a
LOAD modules/segger/libmodules__segger.a
LOAD zephyr/kernel/libkernel.a
LOAD zephyr/CMakeFiles/offsets.dir/./arch/arm/core/offsets/offsets.c.obj
LOAD c:/ncs/toolchains/c57af46cb7/opt/zephyr-sdk/arm-zephyr-eabi/bin/../lib/gcc/arm-zephyr-eabi/12.2.0/thumb/v7e-m/nofp\libgcc.a
LOAD zephyr/arch/common/libisr_tables.a
LOAD c:\ncs\toolchains\c57af46cb7\opt\zephyr-sdk\arm-zephyr-eabi\bin\../lib/gcc/../../picolibc/arm-zephyr-eabi/lib/thumb/v7e-m/nofp\libc.a
LOAD c:/ncs/toolchains/c57af46cb7/opt/zephyr-sdk/arm-zephyr-eabi/bin/../lib/gcc/arm-zephyr-eabi/12.2.0/thumb/v7e-m/nofp\libgcc.a
                0x0000000000000020                _region_min_align = 0x20

.rel.plt        0x0000000000000000        0x0
 *(SORT_BY_ALIGNMENT(.rel.plt))
                [!provide]                        PROVIDE (__rel_iplt_start = .)
 *(SORT_BY_ALIGNMENT(.rel.iplt))
 .rel.iplt      0x0000000000000000        0x0 zephyr/CMakeFiles/zephyr_final.dir/isr_tables.c.obj
                [!provide]                        PROVIDE (__rel_iplt_end = .)

.rela.plt       0x0000000000000000        0x0
 *(SORT_BY_ALIGNMENT(.rela.plt))
                [!provide]                        PROVIDE (__rela_iplt_start = .)
 *(SORT_BY_ALIGNMENT(.rela.iplt))
                [!provide]                        PROVIDE (__rela_iplt_end = .)

.rel.dyn
 *(SORT_BY_ALIGNMENT(.rel.*))

.rela.dyn
 *(SORT_BY_ALIGNMENT(.rela.*))

/DISCARD/
 *(SORT_BY_ALIGNMENT(.plt))

/DISCARD/
 *(SORT_BY_ALIGNMENT(.iplt))
                0x0000000000000000                __rom_region_start = 0x0

rom_start       0x0000000000000000      0x100
                0x0000000000000000                __rom_start_address = .
 FILL mask 0x00
                0x0000000000000000                . = (. + (0x0 - (. - __rom_start_address)))
                0x0000000000000000                . = ALIGN (0x4)
                0x0000000000000000                . = ALIGN (0x80)
                0x0000000000000000                . = ALIGN (0x100)
                0x0000000000000000                _vector_start = .
 *(SORT_BY_ALIGNMENT(.exc_vector_table))
 *(SORT_BY_ALIGNMENT(.exc_vector_table.*))
 .exc_vector_table._vector_table_section
                0x0000000000000000       0x40 zephyr/arch/arch/arm/core/cortex_m/libarch__arm__core__cortex_m.a(vector_table.S.obj)
                0x0000000000000000                _vector_table
 *(SORT_BY_ALIGNMENT(.vectors))
                0x0000000000000100                _vector_end = .
                0x0000000000000040                . = ALIGN (0x4)
 *(SORT_BY_ALIGNMENT(.gnu.linkonce.irq_vector_table*))
 .gnu.linkonce.irq_vector_table
                0x0000000000000040       0xc0 zephyr/CMakeFiles/zephyr_final.dir/isr_tables.c.obj
                0x0000000000000040                _irq_vector_table
                0x0000000000000100                _vector_end = .

text            0x0000000000000100     0xa338
                0x0000000000000100                __text_region_start = .
 *(SORT_BY_ALIGNMENT(.text))
 .text          0x0000000000000100       0x30 c:/ncs/toolchains/c57af46cb7/opt/zephyr-sdk/arm-zephyr-eabi/bin/../lib/gcc/arm-zephyr-eabi/12.2.0/thumb/v7e-m/nofp\libgcc.a(_aeabi_uldivmod.o)
                0x0000000000000100                __aeabi_uldivmod
 .text          0x0000000000000130        0x4 c:/ncs/toolchains/c57af46cb7/opt/zephyr-sdk/arm-zephyr-eabi/bin/../lib/gcc/arm-zephyr-eabi/12.2.0/thumb/v7e-m/nofp\libgcc.a(_dvmd_tls.o)
                0x0000000000000130                __aeabi_idiv0
                0x0000000000000130                __aeabi_ldiv0
 .text          0x0000000000000134      0x2a0 c:/ncs/toolchains/c57af46cb7/opt/zephyr-sdk/arm-zephyr-eabi/bin/../lib/gcc/arm-zephyr-eabi/12.2.0/thumb/v7e-m/nofp\libgcc.a(_udivmoddi4.o)
                0x0000000000000134                __udivmoddi4
 .text          0x00000000000003d4       0x10 c:\ncs\toolchains\c57af46cb7\opt\zephyr-sdk\arm-zephyr-eabi\bin\../lib/gcc/../../picolibc/arm-zephyr-eabi/lib/thumb/v7e-m/nofp\libc.a(strlen.S.o)
                0x00000000000003d4                strlen
 *(SORT_BY_ALIGNMENT(.text.*))
 .text.batterydisplay_intit
                0x00000000000003e4       0x3c app/libapp.a(batterydisplay.c.obj)
                0x00000000000003e4                batterydisplay_intit
 .text.write_byte
                0x0000000000000420       0xb8 app/libapp.a(batterydisplay.c.obj)
                0x0000000000000420                write_byte
 .text.start    0x00000000000004d8       0x18 app/libapp.a(batterydisplay.c.obj)
                0x00000000000004d8                start
 .text.stop     0x00000000000004f0       0x3c app/libapp.a(batterydisplay.c.obj)
                0x00000000000004f0                stop
 .text.display_level
                0x000000000000052c       0x80 app/libapp.a(batterydisplay.c.obj)
                0x000000000000052c                display_level
 .text.led_off.constprop.0.isra.0
                0x00000000000005ac       0x10 app/libapp.a(led.c.obj)
 .text.led_init
                0x00000000000005bc       0x34 app/libapp.a(led.c.obj)
                0x00000000000005bc                led_init
 .text.led_on_seconds
                0x00000000000005f0       0xb0 app/libapp.a(led.c.obj)
                0x00000000000005f0                led_on_seconds
 .text.my_timer1_handler
                0x00000000000006a0        0xc app/libapp.a(main.c.obj)
                0x00000000000006a0                my_timer1_handler
 .text.my_timer_handler
                0x00000000000006ac        0xc app/libapp.a(main.c.obj)
                0x00000000000006ac                my_timer_handler
 .text.my_work_handler
                0x00000000000006b8       0x54 app/libapp.a(main.c.obj)
                0x00000000000006b8                my_work_handler
 .text.isChange
                0x000000000000070c       0x48 app/libapp.a(main.c.obj)
                0x000000000000070c                isChange
 .text.adc_read_work_handler
                0x0000000000000754      0x198 app/libapp.a(main.c.obj)
                0x0000000000000754                adc_read_work_handler
 .text.main     0x00000000000008ec       0x80 app/libapp.a(main.c.obj)
                0x00000000000008ec                main
 .text.cbvprintf_package
                0x000000000000096c      0x3a4 zephyr/libzephyr.a(cbprintf_packaged.c.obj)
                0x000000000000096c                cbvprintf_package
 .text.cbprintf_package_convert
                0x0000000000000d10      0x3c0 zephyr/libzephyr.a(cbprintf_packaged.c.obj)
                0x0000000000000d10                cbprintf_package_convert
 .text.__printk_hook_install
                0x00000000000010d0        0xc zephyr/libzephyr.a(printk.c.obj)
                0x00000000000010d0                __printk_hook_install
 .text.z_thread_entry
                0x00000000000010dc       0x34 zephyr/libzephyr.a(thread_entry.c.obj)
                0x00000000000010dc                z_thread_entry
 .text.process_event
                0x0000000000001110      0x21c zephyr/libzephyr.a(onoff.c.obj)
 .text.activate_foreach_backend
                0x000000000000132c       0x64 zephyr/libzephyr.a(log_core.c.obj)
 .text.enable_logger
                0x0000000000001390       0x5c zephyr/libzephyr.a(log_core.c.obj)
 .text.log_process_thread_timer_expiry_fn
                0x00000000000013ec        0xc zephyr/libzephyr.a(log_core.c.obj)
 .text.z_log_init
                0x00000000000013f8       0x90 zephyr/libzephyr.a(log_core.c.obj)
 .text.log_format_func_t_get
                0x0000000000001488        0xc zephyr/libzephyr.a(log_core.c.obj)
                0x0000000000001488                log_format_func_t_get
 .text.log_set_timestamp_func
                0x0000000000001494       0x20 zephyr/libzephyr.a(log_core.c.obj)
                0x0000000000001494                log_set_timestamp_func
 .text.z_log_notify_backend_enabled
                0x00000000000014b4       0x1c zephyr/libzephyr.a(log_core.c.obj)
                0x00000000000014b4                z_log_notify_backend_enabled
 .text.z_log_dropped
                0x00000000000014d0       0x30 zephyr/libzephyr.a(log_core.c.obj)
                0x00000000000014d0                z_log_dropped
 .text.z_log_dropped_read_and_clear
                0x0000000000001500       0x20 zephyr/libzephyr.a(log_core.c.obj)
                0x0000000000001500                z_log_dropped_read_and_clear
 .text.dropped_notify
                0x0000000000001520       0x30 zephyr/libzephyr.a(log_core.c.obj)
                0x0000000000001520                dropped_notify
 .text.z_log_msg_init
                0x0000000000001550       0x20 zephyr/libzephyr.a(log_core.c.obj)
                0x0000000000001550                z_log_msg_init
 .text.log_core_init
                0x0000000000001570       0x34 zephyr/libzephyr.a(log_core.c.obj)
                0x0000000000001570                log_core_init
 .text.z_log_msg_alloc
                0x00000000000015a4       0x10 zephyr/libzephyr.a(log_core.c.obj)
                0x00000000000015a4                z_log_msg_alloc
 .text.z_log_msg_local_claim
                0x00000000000015b4        0xc zephyr/libzephyr.a(log_core.c.obj)
                0x00000000000015b4                z_log_msg_local_claim
 .text.z_log_msg_free
                0x00000000000015c0       0x10 zephyr/libzephyr.a(log_core.c.obj)
                0x00000000000015c0                z_log_msg_free
 .text.z_log_msg_pending
                0x00000000000015d0        0xc zephyr/libzephyr.a(log_core.c.obj)
                0x00000000000015d0                z_log_msg_pending
 .text.z_impl_log_process
                0x00000000000015dc       0xbc zephyr/libzephyr.a(log_core.c.obj)
                0x00000000000015dc                z_impl_log_process
 .text.z_impl_log_panic
                0x0000000000001698       0x44 zephyr/libzephyr.a(log_core.c.obj)
                0x0000000000001698                z_impl_log_panic
 .text.log_process_thread_func
                0x00000000000016dc       0xa4 zephyr/libzephyr.a(log_core.c.obj)
 .text.z_log_msg_post_finalize
                0x0000000000001780       0x78 zephyr/libzephyr.a(log_core.c.obj)
 .text.z_log_msg_commit
                0x00000000000017f8       0x24 zephyr/libzephyr.a(log_core.c.obj)
                0x00000000000017f8                z_log_msg_commit
 .text.log_source_name_get
                0x000000000000181c       0x1c zephyr/libzephyr.a(log_mgmt.c.obj)
                0x000000000000181c                log_source_name_get
 .text.log_backend_enable
                0x0000000000001838       0x28 zephyr/libzephyr.a(log_mgmt.c.obj)
                0x0000000000001838                log_backend_enable
 .text.z_impl_z_log_msg_static_create
                0x0000000000001860      0x108 zephyr/libzephyr.a(log_msg.c.obj)
                0x0000000000001860                z_impl_z_log_msg_static_create
 .text.z_log_msg_runtime_vcreate
                0x0000000000001968       0x8c zephyr/libzephyr.a(log_msg.c.obj)
                0x0000000000001968                z_log_msg_runtime_vcreate
 .text.log_msg_get_source_id
                0x00000000000019f4       0x18 zephyr/libzephyr.a(log_msg.c.obj)
                0x00000000000019f4                log_msg_get_source_id
 .text.print_formatted
                0x0000000000001a0c       0x24 zephyr/libzephyr.a(log_output.c.obj)
 .text.newline_print
                0x0000000000001a30       0x1c zephyr/libzephyr.a(log_output.c.obj)
 .text.log_output_process
                0x0000000000001a4c      0x2dc zephyr/libzephyr.a(log_output.c.obj)
                0x0000000000001a4c                log_output_process
 .text.log_output_dropped_process
                0x0000000000001d28       0x58 zephyr/libzephyr.a(log_output.c.obj)
                0x0000000000001d28                log_output_dropped_process
 .text.log_output_timestamp_freq_set
                0x0000000000001d80       0x2c zephyr/libzephyr.a(log_output.c.obj)
                0x0000000000001d80                log_output_timestamp_freq_set
 .text.log_backend_rtt_init
                0x0000000000001dac        0xc zephyr/libzephyr.a(log_backend_rtt.c.obj)
 .text.format_set
                0x0000000000001db8        0xc zephyr/libzephyr.a(log_backend_rtt.c.obj)
 .text.panic    0x0000000000001dc4       0x14 zephyr/libzephyr.a(log_backend_rtt.c.obj)
 .text.dropped  0x0000000000001dd8        0xc zephyr/libzephyr.a(log_backend_rtt.c.obj)
 .text.process  0x0000000000001de4       0x24 zephyr/libzephyr.a(log_backend_rtt.c.obj)
 .text.on_failed_write
                0x0000000000001e08       0x28 zephyr/libzephyr.a(log_backend_rtt.c.obj)
 .text.data_out_block_mode
                0x0000000000001e30       0x84 zephyr/libzephyr.a(log_backend_rtt.c.obj)
 .text.char_out
                0x0000000000001eb4       0x24 zephyr/libzephyr.a(log_backend_uart.c.obj)
 .text.mem_attr_get_regions
                0x0000000000001ed8        0xc zephyr/libzephyr.a(mem_attr.c.obj)
                0x0000000000001ed8                mem_attr_get_regions
 .text.z_arm_fatal_error
                0x0000000000001ee4       0xb8 zephyr/arch/arch/arm/core/libarch__arm__core.a(fatal.c.obj)
                0x0000000000001ee4                z_arm_fatal_error
 .text.z_SysNmiOnReset
                0x0000000000001f9c        0x8 zephyr/arch/arch/arm/core/libarch__arm__core.a(nmi_on_reset.S.obj)
                0x0000000000001f9c                z_SysNmiOnReset
 .text.arch_tls_stack_setup
                0x0000000000001fa4       0x40 zephyr/arch/arch/arm/core/libarch__arm__core.a(tls.c.obj)
                0x0000000000001fa4                arch_tls_stack_setup
 .text._HandlerModeExit
                0x0000000000001fe4       0x28 zephyr/arch/arch/arm/core/cortex_m/libarch__arm__core__cortex_m.a(exc_exit.c.obj)
                0x0000000000001fe4                z_arm_int_exit
                0x0000000000001fe4                z_arm_exc_exit
 .text.bus_fault.constprop.0
                0x000000000000200c       0xd0 zephyr/arch/arch/arm/core/cortex_m/libarch__arm__core__cortex_m.a(fault.c.obj)
 .text.usage_fault.constprop.0
                0x00000000000020dc       0xa8 zephyr/arch/arch/arm/core/cortex_m/libarch__arm__core__cortex_m.a(fault.c.obj)
 .text.mem_manage_fault
                0x0000000000002184      0x104 zephyr/arch/arch/arm/core/cortex_m/libarch__arm__core__cortex_m.a(fault.c.obj)
 .text.z_arm_fault
                0x0000000000002288      0x1d4 zephyr/arch/arch/arm/core/cortex_m/libarch__arm__core__cortex_m.a(fault.c.obj)
                0x0000000000002288                z_arm_fault
 .text.z_arm_fault_init
                0x000000000000245c       0x10 zephyr/arch/arch/arm/core/cortex_m/libarch__arm__core__cortex_m.a(fault.c.obj)
                0x000000000000245c                z_arm_fault_init
 .text.__fault  0x000000000000246c       0x14 zephyr/arch/arch/arm/core/cortex_m/libarch__arm__core__cortex_m.a(fault_s.S.obj)
                0x000000000000246c                z_arm_usage_fault
                0x000000000000246c                z_arm_mpu_fault
                0x000000000000246c                z_arm_exc_spurious
                0x000000000000246c                z_arm_debug_monitor
                0x000000000000246c                z_arm_hard_fault
                0x000000000000246c                z_arm_bus_fault
 .text._reset_section
                0x0000000000002480       0x30 zephyr/arch/arch/arm/core/cortex_m/libarch__arm__core__cortex_m.a(reset.S.obj)
                0x0000000000002480                __start
                0x0000000000002480                z_arm_reset
 .text.z_impl_k_thread_abort
                0x00000000000024b0       0x2c zephyr/arch/arch/arm/core/cortex_m/libarch__arm__core__cortex_m.a(thread_abort.c.obj)
                0x00000000000024b0                z_impl_k_thread_abort
 .text.arch_swap
                0x00000000000024dc       0x30 zephyr/arch/arch/arm/core/cortex_m/libarch__arm__core__cortex_m.a(swap.c.obj)
                0x00000000000024dc                arch_swap
 .text.z_arm_pendsv_c
                0x000000000000250c       0x48 zephyr/arch/arch/arm/core/cortex_m/libarch__arm__core__cortex_m.a(swap.c.obj)
                0x000000000000250c                z_arm_pendsv_c
 .text.z_arm_pendsv
                0x0000000000002554       0x34 zephyr/arch/arch/arm/core/cortex_m/libarch__arm__core__cortex_m.a(swap_helper.S.obj)
                0x0000000000002554                z_arm_pendsv
 .text.z_arm_svc
                0x0000000000002588       0x20 zephyr/arch/arch/arm/core/cortex_m/libarch__arm__core__cortex_m.a(swap_helper.S.obj)
                0x0000000000002588                z_arm_svc
 .text.arch_irq_enable
                0x00000000000025a8       0x1c zephyr/arch/arch/arm/core/cortex_m/libarch__arm__core__cortex_m.a(irq_manage.c.obj)
                0x00000000000025a8                arch_irq_enable
 .text.arch_irq_disable
                0x00000000000025c4       0x28 zephyr/arch/arch/arm/core/cortex_m/libarch__arm__core__cortex_m.a(irq_manage.c.obj)
                0x00000000000025c4                arch_irq_disable
 .text.arch_irq_is_enabled
                0x00000000000025ec       0x1c zephyr/arch/arch/arm/core/cortex_m/libarch__arm__core__cortex_m.a(irq_manage.c.obj)
                0x00000000000025ec                arch_irq_is_enabled
 .text.z_arm_irq_priority_set
                0x0000000000002608       0x30 zephyr/arch/arch/arm/core/cortex_m/libarch__arm__core__cortex_m.a(irq_manage.c.obj)
                0x0000000000002608                z_arm_irq_priority_set
 .text.z_prep_c
                0x0000000000002638       0x48 zephyr/arch/arch/arm/core/cortex_m/libarch__arm__core__cortex_m.a(prep_c.c.obj)
                0x0000000000002638                z_prep_c
 .text.arch_new_thread
                0x0000000000002680       0x38 zephyr/arch/arch/arm/core/cortex_m/libarch__arm__core__cortex_m.a(thread.c.obj)
                0x0000000000002680                arch_new_thread
 .text.z_check_thread_stack_fail
                0x00000000000026b8       0x2c zephyr/arch/arch/arm/core/cortex_m/libarch__arm__core__cortex_m.a(thread.c.obj)
                0x00000000000026b8                z_check_thread_stack_fail
 .text.arch_switch_to_main_thread
                0x00000000000026e4       0x44 zephyr/arch/arch/arm/core/cortex_m/libarch__arm__core__cortex_m.a(thread.c.obj)
                0x00000000000026e4                arch_switch_to_main_thread
 .text.z_arm_cpu_idle_init
                0x0000000000002728        0xc zephyr/arch/arch/arm/core/cortex_m/libarch__arm__core__cortex_m.a(cpu_idle.c.obj)
                0x0000000000002728                z_arm_cpu_idle_init
 .text.z_arm_interrupt_init
                0x0000000000002734       0x18 zephyr/arch/arch/arm/core/cortex_m/libarch__arm__core__cortex_m.a(irq_init.c.obj)
                0x0000000000002734                z_arm_interrupt_init
 .text._isr_wrapper
                0x000000000000274c       0x24 zephyr/arch/arch/arm/core/cortex_m/libarch__arm__core__cortex_m.a(isr_wrapper.c.obj)
                0x000000000000274c                _isr_wrapper
 .text.z_arm_configure_static_mpu_regions
                0x0000000000002770       0x18 zephyr/arch/arch/arm/core/mpu/libarch__arm__core__mpu.a(arm_core_mpu.c.obj)
                0x0000000000002770                z_arm_configure_static_mpu_regions
 .text.z_arm_configure_dynamic_mpu_regions
                0x0000000000002788       0x20 zephyr/arch/arch/arm/core/mpu/libarch__arm__core__mpu.a(arm_core_mpu.c.obj)
                0x0000000000002788                z_arm_configure_dynamic_mpu_regions
 .text.region_allocate_and_init
                0x00000000000027a8       0x54 zephyr/arch/arch/arm/core/mpu/libarch__arm__core__mpu.a(arm_mpu.c.obj)
 .text.mpu_configure_regions
                0x00000000000027fc       0x68 zephyr/arch/arch/arm/core/mpu/libarch__arm__core__mpu.a(arm_mpu.c.obj)
 .text.arm_core_mpu_enable
                0x0000000000002864       0x18 zephyr/arch/arch/arm/core/mpu/libarch__arm__core__mpu.a(arm_mpu.c.obj)
                0x0000000000002864                arm_core_mpu_enable
 .text.arm_core_mpu_disable
                0x000000000000287c       0x14 zephyr/arch/arch/arm/core/mpu/libarch__arm__core__mpu.a(arm_mpu.c.obj)
                0x000000000000287c                arm_core_mpu_disable
 .text.arm_core_mpu_configure_static_mpu_regions
                0x0000000000002890       0x14 zephyr/arch/arch/arm/core/mpu/libarch__arm__core__mpu.a(arm_mpu.c.obj)
                0x0000000000002890                arm_core_mpu_configure_static_mpu_regions
 .text.arm_core_mpu_configure_dynamic_mpu_regions
                0x00000000000028a4       0x38 zephyr/arch/arch/arm/core/mpu/libarch__arm__core__mpu.a(arm_mpu.c.obj)
                0x00000000000028a4                arm_core_mpu_configure_dynamic_mpu_regions
 .text.z_arm_mpu_init
                0x00000000000028dc      0x17c zephyr/arch/arch/arm/core/mpu/libarch__arm__core__mpu.a(arm_mpu.c.obj)
                0x00000000000028dc                z_arm_mpu_init
 .text.z_impl_zephyr_fputc
                0x0000000000002a58       0x10 zephyr/lib/libc/picolibc/liblib__libc__picolibc.a(libc-hooks.c.obj)
                0x0000000000002a58                z_impl_zephyr_fputc
 .text.__stdout_hook_install
                0x0000000000002a68       0x18 zephyr/lib/libc/picolibc/liblib__libc__picolibc.a(libc-hooks.c.obj)
                0x0000000000002a68                __stdout_hook_install
 .text.cbvprintf
                0x0000000000002a80       0x38 zephyr/lib/libc/picolibc/liblib__libc__picolibc.a(libc-hooks.c.obj)
                0x0000000000002a80                cbvprintf
 .text.malloc_prepare
                0x0000000000002ab8       0x24 zephyr/lib/libc/common/liblib__libc__common.a(malloc.c.obj)
 .text.nordicsemi_nrf52_init
                0x0000000000002adc       0x44 zephyr/soc/soc/nrf52840/libsoc__nordic.a(soc.c.obj)
 .text.arch_busy_wait
                0x0000000000002b20       0x14 zephyr/soc/soc/nrf52840/libsoc__nordic.a(soc.c.obj)
                0x0000000000002b20                arch_busy_wait
 .text.adc_context_start_sampling
                0x0000000000002b34       0x1c zephyr/drivers/adc/libdrivers__adc.a(adc_nrfx_saadc.c.obj)
 .text.adc_nrfx_channel_setup
                0x0000000000002b50       0xf0 zephyr/drivers/adc/libdrivers__adc.a(adc_nrfx_saadc.c.obj)
 .text.adc_nrfx_read
                0x0000000000002c40      0x1d0 zephyr/drivers/adc/libdrivers__adc.a(adc_nrfx_saadc.c.obj)
 .text.init_saadc
                0x0000000000002e10       0x44 zephyr/drivers/adc/libdrivers__adc.a(adc_nrfx_saadc.c.obj)
 .text.saadc_irq_handler
                0x0000000000002e54       0xcc zephyr/drivers/adc/libdrivers__adc.a(adc_nrfx_saadc.c.obj)
 .text.onoff_stop
                0x0000000000002f20       0x30 zephyr/drivers/clock_control/libdrivers__clock_control.a(clock_control_nrf.c.obj)
 .text.onoff_start
                0x0000000000002f50       0x44 zephyr/drivers/clock_control/libdrivers__clock_control.a(clock_control_nrf.c.obj)
 .text.generic_hfclk_stop
                0x0000000000002f94       0x34 zephyr/drivers/clock_control/libdrivers__clock_control.a(clock_control_nrf.c.obj)
 .text.clk_init
                0x0000000000002fc8       0x58 zephyr/drivers/clock_control/libdrivers__clock_control.a(clock_control_nrf.c.obj)
 .text.api_blocking_start
                0x0000000000003020       0x34 zephyr/drivers/clock_control/libdrivers__clock_control.a(clock_control_nrf.c.obj)
 .text.clkstarted_handle.constprop.0
                0x0000000000003054       0x4c zephyr/drivers/clock_control/libdrivers__clock_control.a(clock_control_nrf.c.obj)
 .text.generic_hfclk_start
                0x00000000000030a0       0x78 zephyr/drivers/clock_control/libdrivers__clock_control.a(clock_control_nrf.c.obj)
 .text.clock_event_handler
                0x0000000000003118       0x1c zephyr/drivers/clock_control/libdrivers__clock_control.a(clock_control_nrf.c.obj)
 .text.z_nrf_clock_control_lf_on
                0x0000000000003134       0xfc zephyr/drivers/clock_control/libdrivers__clock_control.a(clock_control_nrf.c.obj)
                0x0000000000003134                z_nrf_clock_control_lf_on
 .text.uart_console_init
                0x0000000000003230       0x28 zephyr/drivers/console/libdrivers__console.a(uart_console.c.obj)
 .text.console_out
                0x0000000000003258       0x28 zephyr/drivers/console/libdrivers__console.a(uart_console.c.obj)
 .text.gpio_nrfx_pin_interrupt_configure
                0x0000000000003280      0x100 zephyr/drivers/gpio/libdrivers__gpio.a(gpio_nrfx.c.obj)
 .text.gpio_nrfx_init
                0x0000000000003380       0x48 zephyr/drivers/gpio/libdrivers__gpio.a(gpio_nrfx.c.obj)
 .text.nrfx_gpio_handler
                0x00000000000033c8       0x4c zephyr/drivers/gpio/libdrivers__gpio.a(gpio_nrfx.c.obj)
 .text.gpio_nrfx_pin_configure
                0x0000000000003414      0x18c zephyr/drivers/gpio/libdrivers__gpio.a(gpio_nrfx.c.obj)
 .text.event_handler
                0x00000000000035a0       0x38 zephyr/drivers/i2c/libdrivers__i2c.a(i2c_nrfx_twi.c.obj)
 .text.i2c_nrfx_twi_transfer
                0x00000000000035d8       0xc0 zephyr/drivers/i2c/libdrivers__i2c.a(i2c_nrfx_twi.c.obj)
 .text.i2c_nrfx_twi_init
                0x0000000000003698       0x60 zephyr/drivers/i2c/libdrivers__i2c.a(i2c_nrfx_twi_common.c.obj)
                0x0000000000003698                i2c_nrfx_twi_init
 .text.i2c_nrfx_twi_configure
                0x00000000000036f8       0x48 zephyr/drivers/i2c/libdrivers__i2c.a(i2c_nrfx_twi_common.c.obj)
                0x00000000000036f8                i2c_nrfx_twi_configure
 .text.i2c_nrfx_twi_recover_bus
                0x0000000000003740       0x24 zephyr/drivers/i2c/libdrivers__i2c.a(i2c_nrfx_twi_common.c.obj)
                0x0000000000003740                i2c_nrfx_twi_recover_bus
 .text.i2c_nrfx_twi_msg_transfer
                0x0000000000003764       0x90 zephyr/drivers/i2c/libdrivers__i2c.a(i2c_nrfx_twi_common.c.obj)
                0x0000000000003764                i2c_nrfx_twi_msg_transfer
 .text.ht16k33_led_set_state
                0x00000000000037f4       0x9c zephyr/drivers/led/libdrivers__led.a(ht16k33.c.obj)
 .text.ht16k33_led_set_brightness.part.0
                0x0000000000003890       0x1c zephyr/drivers/led/libdrivers__led.a(ht16k33.c.obj)
 .text.ht16k33_led_blink
                0x00000000000038ac       0x64 zephyr/drivers/led/libdrivers__led.a(ht16k33.c.obj)
 .text.ht16k33_init
                0x0000000000003910       0xc8 zephyr/drivers/led/libdrivers__led.a(ht16k33.c.obj)
 .text.led_gpio_init
                0x00000000000039d8      0x108 zephyr/drivers/led/libdrivers__led.a(led_gpio.c.obj)
 .text.nrf_gpio_pin_port_decode
                0x0000000000003ae0       0x20 zephyr/drivers/pinctrl/libdrivers__pinctrl.a(pinctrl_nrf.c.obj)
 .text.pinctrl_configure_pins
                0x0000000000003b00      0x1a4 zephyr/drivers/pinctrl/libdrivers__pinctrl.a(pinctrl_nrf.c.obj)
                0x0000000000003b00                pinctrl_configure_pins
 .text.uarte_0_init
                0x0000000000003ca4      0x258 zephyr/drivers/serial/libdrivers__serial.a(uart_nrfx_uarte.c.obj)
 .text.uarte_nrfx_poll_out
                0x0000000000003efc       0xcc zephyr/drivers/serial/libdrivers__serial.a(uart_nrfx_uarte.c.obj)
 .text.spi_nrfx_init
                0x0000000000003fc8      0x120 zephyr/drivers/spi/libdrivers__spi.a(spi_nrfx_spi.c.obj)
 .text.transfer_next_chunk
                0x00000000000040e8       0x70 zephyr/drivers/spi/libdrivers__spi.a(spi_nrfx_spi.c.obj)
 .text.event_handler
                0x0000000000004158       0xc0 zephyr/drivers/spi/libdrivers__spi.a(spi_nrfx_spi.c.obj)
 .text.spi_nrfx_transceive
                0x0000000000004218      0x3f4 zephyr/drivers/spi/libdrivers__spi.a(spi_nrfx_spi.c.obj)
 .text.nrf_gpio_cfg_input
                0x000000000000460c       0x40 zephyr/drivers/spi/libdrivers__spi.a(spi_nrfx_common.c.obj)
 .text.spi_nrfx_wake_init
                0x000000000000464c       0x60 zephyr/drivers/spi/libdrivers__spi.a(spi_nrfx_common.c.obj)
                0x000000000000464c                spi_nrfx_wake_init
 .text.compare_int_lock
                0x00000000000046ac       0x48 zephyr/drivers/timer/libdrivers__timer.a(nrf_rtc_timer.c.obj)
 .text.sys_clock_timeout_handler
                0x00000000000046f4       0x48 zephyr/drivers/timer/libdrivers__timer.a(nrf_rtc_timer.c.obj)
 .text.compare_int_unlock
                0x000000000000473c       0x5c zephyr/drivers/timer/libdrivers__timer.a(nrf_rtc_timer.c.obj)
 .text.z_nrf_rtc_timer_read
                0x0000000000004798       0x44 zephyr/drivers/timer/libdrivers__timer.a(nrf_rtc_timer.c.obj)
                0x0000000000004798                z_nrf_rtc_timer_read
 .text.compare_set
                0x00000000000047dc      0x130 zephyr/drivers/timer/libdrivers__timer.a(nrf_rtc_timer.c.obj)
 .text.sys_clock_driver_init
                0x000000000000490c       0x90 zephyr/drivers/timer/libdrivers__timer.a(nrf_rtc_timer.c.obj)
 .text.rtc_nrf_isr
                0x000000000000499c       0xd4 zephyr/drivers/timer/libdrivers__timer.a(nrf_rtc_timer.c.obj)
                0x000000000000499c                rtc_nrf_isr
 .text.sys_clock_set_timeout
                0x0000000000004a70       0x5c zephyr/drivers/timer/libdrivers__timer.a(nrf_rtc_timer.c.obj)
                0x0000000000004a70                sys_clock_set_timeout
 .text.sys_clock_elapsed
                0x0000000000004acc       0x14 zephyr/drivers/timer/libdrivers__timer.a(nrf_rtc_timer.c.obj)
                0x0000000000004acc                sys_clock_elapsed
 .text.nrf52_errata_98
                0x0000000000004ae0       0x24 modules/hal_nordic/nrfx/libmodules__hal_nordic__nrfx.a(system_nrf52840.c.obj)
 .text.nvmc_wait
                0x0000000000004b04       0x10 modules/hal_nordic/nrfx/libmodules__hal_nordic__nrfx.a(system_nrf52840.c.obj)
                0x0000000000004b04                nvmc_wait
 .text.SystemInit
                0x0000000000004b14      0x1bc modules/hal_nordic/nrfx/libmodules__hal_nordic__nrfx.a(system_nrf52840.c.obj)
                0x0000000000004b14                SystemInit
 .text.nrfx_flag32_alloc
                0x0000000000004cd0       0x48 modules/hal_nordic/nrfx/libmodules__hal_nordic__nrfx.a(nrfx_flag32_allocator.c.obj)
                0x0000000000004cd0                nrfx_flag32_alloc
 .text.nrfx_flag32_free
                0x0000000000004d18       0x40 modules/hal_nordic/nrfx/libmodules__hal_nordic__nrfx.a(nrfx_flag32_allocator.c.obj)
                0x0000000000004d18                nrfx_flag32_free
 .text.nrfx_gppi_channels_enable
                0x0000000000004d58        0xc modules/hal_nordic/nrfx/libmodules__hal_nordic__nrfx.a(nrfx_gppi_ppi.c.obj)
                0x0000000000004d58                nrfx_gppi_channels_enable
 .text.clock_stop
                0x0000000000004d64       0xc4 modules/hal_nordic/nrfx/libmodules__hal_nordic__nrfx.a(nrfx_clock.c.obj)
 .text.nrfx_clock_init
                0x0000000000004e28       0x20 modules/hal_nordic/nrfx/libmodules__hal_nordic__nrfx.a(nrfx_clock.c.obj)
                0x0000000000004e28                nrfx_clock_init
 .text.nrfx_clock_enable
                0x0000000000004e48       0x24 modules/hal_nordic/nrfx/libmodules__hal_nordic__nrfx.a(nrfx_clock.c.obj)
                0x0000000000004e48                nrfx_clock_enable
 .text.nrfx_clock_start
                0x0000000000004e6c       0xa8 modules/hal_nordic/nrfx/libmodules__hal_nordic__nrfx.a(nrfx_clock.c.obj)
                0x0000000000004e6c                nrfx_clock_start
 .text.nrfx_power_clock_irq_handler
                0x0000000000004f14       0x68 modules/hal_nordic/nrfx/libmodules__hal_nordic__nrfx.a(nrfx_clock.c.obj)
                0x0000000000004f14                nrfx_power_clock_irq_handler
 .text.nrf_gpio_pin_port_decode
                0x0000000000004f7c       0x20 modules/hal_nordic/nrfx/libmodules__hal_nordic__nrfx.a(nrfx_gpiote.c.obj)
 .text.get_pin_idx
                0x0000000000004f9c       0x14 modules/hal_nordic/nrfx/libmodules__hal_nordic__nrfx.a(nrfx_gpiote.c.obj)
 .text.call_handler.constprop.0
                0x0000000000004fb0       0x40 modules/hal_nordic/nrfx/libmodules__hal_nordic__nrfx.a(nrfx_gpiote.c.obj)
 .text.pin_te_get.constprop.0
                0x0000000000004ff0       0x18 modules/hal_nordic/nrfx/libmodules__hal_nordic__nrfx.a(nrfx_gpiote.c.obj)
 .text.pin_is_output.constprop.0
                0x0000000000005008       0x18 modules/hal_nordic/nrfx/libmodules__hal_nordic__nrfx.a(nrfx_gpiote.c.obj)
 .text.pin_in_use_by_te.constprop.0
                0x0000000000005020       0x18 modules/hal_nordic/nrfx/libmodules__hal_nordic__nrfx.a(nrfx_gpiote.c.obj)
 .text.latch_pending_read_and_check
                0x0000000000005038       0x40 modules/hal_nordic/nrfx/libmodules__hal_nordic__nrfx.a(nrfx_gpiote.c.obj)
 .text.release_handler.isra.0
                0x0000000000005078       0x58 modules/hal_nordic/nrfx/libmodules__hal_nordic__nrfx.a(nrfx_gpiote.c.obj)
 .text.__nrfy_internal_gpiote_events_process.constprop.0
                0x00000000000050d0       0x5c modules/hal_nordic/nrfx/libmodules__hal_nordic__nrfx.a(nrfx_gpiote.c.obj)
 .text.pin_uninit
                0x000000000000512c       0x80 modules/hal_nordic/nrfx/libmodules__hal_nordic__nrfx.a(nrfx_gpiote.c.obj)
 .text.nrfx_gpiote_input_configure
                0x00000000000051ac      0x174 modules/hal_nordic/nrfx/libmodules__hal_nordic__nrfx.a(nrfx_gpiote.c.obj)
                0x00000000000051ac                nrfx_gpiote_input_configure
 .text.nrfx_gpiote_output_configure
                0x0000000000005320       0xfc modules/hal_nordic/nrfx/libmodules__hal_nordic__nrfx.a(nrfx_gpiote.c.obj)
                0x0000000000005320                nrfx_gpiote_output_configure
 .text.nrfx_gpiote_global_callback_set
                0x000000000000541c        0xc modules/hal_nordic/nrfx/libmodules__hal_nordic__nrfx.a(nrfx_gpiote.c.obj)
                0x000000000000541c                nrfx_gpiote_global_callback_set
 .text.nrfx_gpiote_channel_get
                0x0000000000005428       0x34 modules/hal_nordic/nrfx/libmodules__hal_nordic__nrfx.a(nrfx_gpiote.c.obj)
                0x0000000000005428                nrfx_gpiote_channel_get
 .text.nrfx_gpiote_init
                0x000000000000545c       0x68 modules/hal_nordic/nrfx/libmodules__hal_nordic__nrfx.a(nrfx_gpiote.c.obj)
                0x000000000000545c                nrfx_gpiote_init
 .text.nrfx_gpiote_init_check
                0x00000000000054c4       0x14 modules/hal_nordic/nrfx/libmodules__hal_nordic__nrfx.a(nrfx_gpiote.c.obj)
                0x00000000000054c4                nrfx_gpiote_init_check
 .text.nrfx_gpiote_channel_free
                0x00000000000054d8        0xc modules/hal_nordic/nrfx/libmodules__hal_nordic__nrfx.a(nrfx_gpiote.c.obj)
                0x00000000000054d8                nrfx_gpiote_channel_free
 .text.nrfx_gpiote_channel_alloc
                0x00000000000054e4        0xc modules/hal_nordic/nrfx/libmodules__hal_nordic__nrfx.a(nrfx_gpiote.c.obj)
                0x00000000000054e4                nrfx_gpiote_channel_alloc
 .text.nrfx_gpiote_trigger_enable
                0x00000000000054f0       0xb0 modules/hal_nordic/nrfx/libmodules__hal_nordic__nrfx.a(nrfx_gpiote.c.obj)
                0x00000000000054f0                nrfx_gpiote_trigger_enable
 .text.nrfx_gpiote_0_irq_handler
                0x00000000000055a0      0x1bc modules/hal_nordic/nrfx/libmodules__hal_nordic__nrfx.a(nrfx_gpiote.c.obj)
                0x00000000000055a0                nrfx_gpiote_0_irq_handler
 .text.nrfx_ppi_channel_alloc
                0x000000000000575c        0xc modules/hal_nordic/nrfx/libmodules__hal_nordic__nrfx.a(nrfx_ppi.c.obj)
                0x000000000000575c                nrfx_ppi_channel_alloc
 .text.nrf_gpio_pin_port_decode
                0x0000000000005768       0x20 modules/hal_nordic/nrfx/libmodules__hal_nordic__nrfx.a(nrfx_spi.c.obj)
 .text.nrf_gpio_cfg_output
                0x0000000000005788       0x2c modules/hal_nordic/nrfx/libmodules__hal_nordic__nrfx.a(nrfx_spi.c.obj)
 .text.spi_configure
                0x00000000000057b4      0x120 modules/hal_nordic/nrfx/libmodules__hal_nordic__nrfx.a(nrfx_spi.c.obj)
 .text.nrf_gpio_cfg_default
                0x00000000000058d4       0x2c modules/hal_nordic/nrfx/libmodules__hal_nordic__nrfx.a(nrfx_spi.c.obj)
 .text.nrfx_spi_init
                0x0000000000005900       0x68 modules/hal_nordic/nrfx/libmodules__hal_nordic__nrfx.a(nrfx_spi.c.obj)
                0x0000000000005900                nrfx_spi_init
 .text.nrfx_spi_uninit
                0x0000000000005968       0x70 modules/hal_nordic/nrfx/libmodules__hal_nordic__nrfx.a(nrfx_spi.c.obj)
                0x0000000000005968                nrfx_spi_uninit
 .text.nrfx_spi_xfer
                0x00000000000059d8       0xfc modules/hal_nordic/nrfx/libmodules__hal_nordic__nrfx.a(nrfx_spi.c.obj)
                0x00000000000059d8                nrfx_spi_xfer
 .text.nrfx_spi_1_irq_handler
                0x0000000000005ad4       0x40 modules/hal_nordic/nrfx/libmodules__hal_nordic__nrfx.a(nrfx_spi.c.obj)
                0x0000000000005ad4                nrfx_spi_1_irq_handler
 .text.nrf_gpio_cfg.constprop.0
                0x0000000000005b14       0x48 modules/hal_nordic/nrfx/libmodules__hal_nordic__nrfx.a(nrfx_twi.c.obj)
 .text.twi_configure
                0x0000000000005b5c       0x3c modules/hal_nordic/nrfx/libmodules__hal_nordic__nrfx.a(nrfx_twi.c.obj)
 .text.twi_tx_start_transfer
                0x0000000000005b98      0x104 modules/hal_nordic/nrfx/libmodules__hal_nordic__nrfx.a(nrfx_twi.c.obj)
 .text.twi_rx_start_transfer
                0x0000000000005c9c       0xe4 modules/hal_nordic/nrfx/libmodules__hal_nordic__nrfx.a(nrfx_twi.c.obj)
 .text.nrfx_twi_init
                0x0000000000005d80       0x88 modules/hal_nordic/nrfx/libmodules__hal_nordic__nrfx.a(nrfx_twi.c.obj)
                0x0000000000005d80                nrfx_twi_init
 .text.nrfx_twi_enable
                0x0000000000005e08       0x20 modules/hal_nordic/nrfx/libmodules__hal_nordic__nrfx.a(nrfx_twi.c.obj)
                0x0000000000005e08                nrfx_twi_enable
 .text.nrfx_twi_disable
                0x0000000000005e28       0x38 modules/hal_nordic/nrfx/libmodules__hal_nordic__nrfx.a(nrfx_twi.c.obj)
                0x0000000000005e28                nrfx_twi_disable
 .text.nrfx_twi_xfer
                0x0000000000005e60       0xdc modules/hal_nordic/nrfx/libmodules__hal_nordic__nrfx.a(nrfx_twi.c.obj)
                0x0000000000005e60                nrfx_twi_xfer
 .text.nrfx_twi_0_irq_handler
                0x0000000000005f3c       0xd8 modules/hal_nordic/nrfx/libmodules__hal_nordic__nrfx.a(nrfx_twi.c.obj)
                0x0000000000005f3c                nrfx_twi_0_irq_handler
 .text.nrf_gpio_pin_port_decode
                0x0000000000006014       0x20 modules/hal_nordic/nrfx/libmodules__hal_nordic__nrfx.a(nrfx_twi_twim.c.obj)
 .text.nrfx_twi_twim_bus_recover
                0x0000000000006034       0xdc modules/hal_nordic/nrfx/libmodules__hal_nordic__nrfx.a(nrfx_twi_twim.c.obj)
                0x0000000000006034                nrfx_twi_twim_bus_recover
 .text._DoInit  0x0000000000006110       0x60 modules/segger/libmodules__segger.a(SEGGER_RTT.c.obj)
 .text.SEGGER_RTT_WriteSkipNoLock
                0x0000000000006170       0x88 modules/segger/libmodules__segger.a(SEGGER_RTT.c.obj)
                0x0000000000006170                SEGGER_RTT_WriteSkipNoLock
 .text.SEGGER_RTT_HasDataUp
                0x00000000000061f8       0x14 modules/segger/libmodules__segger.a(SEGGER_RTT.c.obj)
                0x00000000000061f8                SEGGER_RTT_HasDataUp
 .text.zephyr_rtt_mutex_lock
                0x000000000000620c       0x14 modules/segger/libmodules__segger.a(SEGGER_RTT_zephyr.c.obj)
                0x000000000000620c                zephyr_rtt_mutex_lock
 .text.zephyr_rtt_mutex_unlock
                0x0000000000006220        0xc modules/segger/libmodules__segger.a(SEGGER_RTT_zephyr.c.obj)
                0x0000000000006220                zephyr_rtt_mutex_unlock
 .text.k_sys_fatal_error_handler
                0x000000000000622c       0x20 zephyr/kernel/libkernel.a(fatal.c.obj)
                0x000000000000622c                k_sys_fatal_error_handler
 .text.z_fatal_error
                0x000000000000624c       0xe8 zephyr/kernel/libkernel.a(fatal.c.obj)
                0x000000000000624c                z_fatal_error
 .text.z_sys_init_run_level
                0x0000000000006334       0x2c zephyr/kernel/libkernel.a(init.c.obj)
 .text.bg_thread_main
                0x0000000000006360       0xc0 zephyr/kernel/libkernel.a(init.c.obj)
 .text.z_bss_zero
                0x0000000000006420       0x18 zephyr/kernel/libkernel.a(init.c.obj)
                0x0000000000006420                z_bss_zero
 .text.z_init_cpu
                0x0000000000006438       0x70 zephyr/kernel/libkernel.a(init.c.obj)
                0x0000000000006438                z_init_cpu
 .text.z_cstart
                0x00000000000064a8       0xe0 zephyr/kernel/libkernel.a(init.c.obj)
                0x00000000000064a8                z_cstart
 .text.z_impl_k_mutex_lock
                0x0000000000006588       0xf0 zephyr/kernel/libkernel.a(mutex.c.obj)
                0x0000000000006588                z_impl_k_mutex_lock
 .text.z_impl_k_mutex_unlock
                0x0000000000006678       0x78 zephyr/kernel/libkernel.a(mutex.c.obj)
                0x0000000000006678                z_impl_k_mutex_unlock
 .text.z_impl_k_sem_give
                0x00000000000066f0       0x48 zephyr/kernel/libkernel.a(sem.c.obj)
                0x00000000000066f0                z_impl_k_sem_give
 .text.z_impl_k_sem_take
                0x0000000000006738       0x4c zephyr/kernel/libkernel.a(sem.c.obj)
                0x0000000000006738                z_impl_k_sem_take
 .text.z_impl_k_sem_reset
                0x0000000000006784       0x38 zephyr/kernel/libkernel.a(sem.c.obj)
                0x0000000000006784                z_impl_k_sem_reset
 .text.work_queue_main
                0x00000000000067bc      0x144 zephyr/kernel/libkernel.a(work.c.obj)
 .text.submit_to_queue_locked
                0x0000000000006900       0xb4 zephyr/kernel/libkernel.a(work.c.obj)
 .text.k_work_submit
                0x00000000000069b4        0xc zephyr/kernel/libkernel.a(work.c.obj)
                0x00000000000069b4                k_work_submit
 .text.k_work_queue_start
                0x00000000000069c0       0x7c zephyr/kernel/libkernel.a(work.c.obj)
                0x00000000000069c0                k_work_queue_start
 .text.z_setup_new_thread
                0x0000000000006a3c       0x98 zephyr/kernel/libkernel.a(thread.c.obj)
                0x0000000000006a3c                z_setup_new_thread
 .text.z_impl_k_thread_create
                0x0000000000006ad4       0x58 zephyr/kernel/libkernel.a(thread.c.obj)
                0x0000000000006ad4                z_impl_k_thread_create
 .text.update_cache
                0x0000000000006b2c       0x3c zephyr/kernel/libkernel.a(sched.c.obj)
 .text.unready_thread
                0x0000000000006b68       0x30 zephyr/kernel/libkernel.a(sched.c.obj)
 .text.ready_thread
                0x0000000000006b98       0x68 zephyr/kernel/libkernel.a(sched.c.obj)
 .text.z_thread_halt
                0x0000000000006c00       0xdc zephyr/kernel/libkernel.a(sched.c.obj)
 .text.move_thread_to_end_of_prio_q
                0x0000000000006cdc       0x74 zephyr/kernel/libkernel.a(sched.c.obj)
                0x0000000000006cdc                move_thread_to_end_of_prio_q
 .text.z_pend_curr
                0x0000000000006d50       0x58 zephyr/kernel/libkernel.a(sched.c.obj)
                0x0000000000006d50                z_pend_curr
 .text.z_thread_prio_set
                0x0000000000006da8       0x88 zephyr/kernel/libkernel.a(sched.c.obj)
                0x0000000000006da8                z_thread_prio_set
 .text.z_reschedule
                0x0000000000006e30       0x24 zephyr/kernel/libkernel.a(sched.c.obj)
                0x0000000000006e30                z_reschedule
 .text.z_sched_start
                0x0000000000006e54       0x3c zephyr/kernel/libkernel.a(sched.c.obj)
                0x0000000000006e54                z_sched_start
 .text.z_reschedule_irqlock
                0x0000000000006e90       0x28 zephyr/kernel/libkernel.a(sched.c.obj)
                0x0000000000006e90                z_reschedule_irqlock
 .text.k_sched_lock
                0x0000000000006eb8       0x28 zephyr/kernel/libkernel.a(sched.c.obj)
                0x0000000000006eb8                k_sched_lock
 .text.k_sched_unlock
                0x0000000000006ee0       0x40 zephyr/kernel/libkernel.a(sched.c.obj)
                0x0000000000006ee0                k_sched_unlock
 .text.z_sched_init
                0x0000000000006f20       0x10 zephyr/kernel/libkernel.a(sched.c.obj)
                0x0000000000006f20                z_sched_init
 .text.z_impl_k_yield
                0x0000000000006f30       0x7c zephyr/kernel/libkernel.a(sched.c.obj)
                0x0000000000006f30                z_impl_k_yield
 .text.z_tick_sleep
                0x0000000000006fac       0x88 zephyr/kernel/libkernel.a(sched.c.obj)
 .text.z_impl_k_sleep
                0x0000000000007034       0x3c zephyr/kernel/libkernel.a(sched.c.obj)
                0x0000000000007034                z_impl_k_sleep
 .text.z_impl_k_sched_current_thread_query
                0x0000000000007070        0xc zephyr/kernel/libkernel.a(sched.c.obj)
                0x0000000000007070                z_impl_k_sched_current_thread_query
 .text.z_sched_wait
                0x000000000000707c       0x24 zephyr/kernel/libkernel.a(sched.c.obj)
                0x000000000000707c                z_sched_wait
 .text.slice_timeout
                0x00000000000070a0       0x20 zephyr/kernel/libkernel.a(timeslicing.c.obj)
 .text.thread_is_sliceable
                0x00000000000070c0       0x3c zephyr/kernel/libkernel.a(timeslicing.c.obj)
                0x00000000000070c0                thread_is_sliceable
 .text.z_reset_time_slice
                0x00000000000070fc       0x50 zephyr/kernel/libkernel.a(timeslicing.c.obj)
                0x00000000000070fc                z_reset_time_slice
 .text.z_time_slice
                0x000000000000714c       0x60 zephyr/kernel/libkernel.a(timeslicing.c.obj)
                0x000000000000714c                z_time_slice
 .text.z_data_copy
                0x00000000000071ac       0x34 zephyr/kernel/libkernel.a(xip.c.obj)
                0x00000000000071ac                z_data_copy
 .text.elapsed  0x00000000000071e0       0x14 zephyr/kernel/libkernel.a(timeout.c.obj)
 .text.remove_timeout
                0x00000000000071f4       0x38 zephyr/kernel/libkernel.a(timeout.c.obj)
 .text.next_timeout
                0x000000000000722c       0x40 zephyr/kernel/libkernel.a(timeout.c.obj)
 .text.z_add_timeout
                0x000000000000726c       0xf4 zephyr/kernel/libkernel.a(timeout.c.obj)
                0x000000000000726c                z_add_timeout
 .text.sys_clock_announce
                0x0000000000007360       0xd0 zephyr/kernel/libkernel.a(timeout.c.obj)
                0x0000000000007360                sys_clock_announce
 .text.sys_clock_tick_get
                0x0000000000007430       0x30 zephyr/kernel/libkernel.a(timeout.c.obj)
                0x0000000000007430                sys_clock_tick_get
 .text.z_timer_expiration_handler
                0x0000000000007460       0xe0 zephyr/kernel/libkernel.a(timer.c.obj)
                0x0000000000007460                z_timer_expiration_handler
 .text.z_impl_k_timer_start
                0x0000000000007540       0x74 zephyr/kernel/libkernel.a(timer.c.obj)
                0x0000000000007540                z_impl_k_timer_start
 .text.boot_banner
                0x00000000000075b4        0xc zephyr/kernel/libkernel.a(banner.c.obj)
                0x00000000000075b4                boot_banner
 .text.k_sys_work_q_init
                0x00000000000075c0       0x34 zephyr/kernel/libkernel.a(system_work_q.c.obj)
 .text.snprintf
                0x00000000000075f4       0x58 c:\ncs\toolchains\c57af46cb7\opt\zephyr-sdk\arm-zephyr-eabi\bin\../lib/gcc/../../picolibc/arm-zephyr-eabi/lib/thumb/v7e-m/nofp\libc.a(libc_tinystdio_snprintf.c.o)
                0x00000000000075f4                snprintf
 .text.skip_to_arg
                0x000000000000764c      0x138 c:\ncs\toolchains\c57af46cb7\opt\zephyr-sdk\arm-zephyr-eabi\bin\../lib/gcc/../../picolibc/arm-zephyr-eabi/lib/thumb/v7e-m/nofp\libc.a(libc_tinystdio_vfprintf.c.o)
 .text.vfprintf
                0x0000000000007784      0xbac c:\ncs\toolchains\c57af46cb7\opt\zephyr-sdk\arm-zephyr-eabi\bin\../lib/gcc/../../picolibc/arm-zephyr-eabi/lib/thumb/v7e-m/nofp\libc.a(libc_tinystdio_vfprintf.c.o)
                0x0000000000007784                vfprintf
                0x0000000000007784                __d_vfprintf
 .text.div10    0x0000000000008330       0x28 c:\ncs\toolchains\c57af46cb7\opt\zephyr-sdk\arm-zephyr-eabi\bin\../lib/gcc/../../picolibc/arm-zephyr-eabi/lib/thumb/v7e-m/nofp\libc.a(libc_tinystdio_dtoa_ryu.c.o)
 .text.__dtoa_engine
                0x0000000000008358      0x4a4 c:\ncs\toolchains\c57af46cb7\opt\zephyr-sdk\arm-zephyr-eabi\bin\../lib/gcc/../../picolibc/arm-zephyr-eabi/lib/thumb/v7e-m/nofp\libc.a(libc_tinystdio_dtoa_ryu.c.o)
                0x0000000000008358                __dtoa_engine
 .text.__pow5Factor
                0x00000000000087fc       0x30 c:\ncs\toolchains\c57af46cb7\opt\zephyr-sdk\arm-zephyr-eabi\bin\../lib/gcc/../../picolibc/arm-zephyr-eabi/lib/thumb/v7e-m/nofp\libc.a(libc_tinystdio_ryu_table.c.o)
                0x00000000000087fc                __pow5Factor
 .text.__double_computePow5
                0x000000000000882c       0xe8 c:\ncs\toolchains\c57af46cb7\opt\zephyr-sdk\arm-zephyr-eabi\bin\../lib/gcc/../../picolibc/arm-zephyr-eabi/lib/thumb/v7e-m/nofp\libc.a(libc_tinystdio_ryu_table.c.o)
                0x000000000000882c                __double_computePow5
 .text.__double_computeInvPow5
                0x0000000000008914       0xf8 c:\ncs\toolchains\c57af46cb7\opt\zephyr-sdk\arm-zephyr-eabi\bin\../lib/gcc/../../picolibc/arm-zephyr-eabi/lib/thumb/v7e-m/nofp\libc.a(libc_tinystdio_ryu_table.c.o)
                0x0000000000008914                __double_computeInvPow5
 .text.__log10Pow2
                0x0000000000008a0c        0xc c:\ncs\toolchains\c57af46cb7\opt\zephyr-sdk\arm-zephyr-eabi\bin\../lib/gcc/../../picolibc/arm-zephyr-eabi/lib/thumb/v7e-m/nofp\libc.a(libc_tinystdio_ryu_log10.c.o)
                0x0000000000008a0c                __log10Pow2
 .text.__log10Pow5
                0x0000000000008a18        0xc c:\ncs\toolchains\c57af46cb7\opt\zephyr-sdk\arm-zephyr-eabi\bin\../lib/gcc/../../picolibc/arm-zephyr-eabi/lib/thumb/v7e-m/nofp\libc.a(libc_tinystdio_ryu_log10.c.o)
                0x0000000000008a18                __log10Pow5
 .text.__pow5bits
                0x0000000000008a24       0x10 c:\ncs\toolchains\c57af46cb7\opt\zephyr-sdk\arm-zephyr-eabi\bin\../lib/gcc/../../picolibc/arm-zephyr-eabi/lib/thumb/v7e-m/nofp\libc.a(libc_tinystdio_ryu_pow5bits.c.o)
                0x0000000000008a24                __pow5bits
 .text.gpio_pin_configure_dt.isra.0
                0x0000000000008a34       0x2a app/libapp.a(batterydisplay.c.obj)
 .text.bit_delay
                0x0000000000008a5e        0x8 app/libapp.a(batterydisplay.c.obj)
                0x0000000000008a5e                bit_delay
 .text.chunk_size
                0x0000000000008a66        0xa zephyr/libzephyr.a(heap.c.obj)
 .text.free_list_add
                0x0000000000008a70       0x4e zephyr/libzephyr.a(heap.c.obj)
 .text.sys_heap_init
                0x0000000000008abe       0x7a zephyr/libzephyr.a(heap.c.obj)
                0x0000000000008abe                sys_heap_init
 .text.cbpprintf_external
                0x0000000000008b38       0x62 zephyr/libzephyr.a(cbprintf_packaged.c.obj)
                0x0000000000008b38                cbpprintf_external
 .text.is_ptr   0x0000000000008b9a       0x4a zephyr/libzephyr.a(cbprintf_packaged.c.obj)
                0x0000000000008b9a                is_ptr
 .text.arch_printk_char_out
                0x0000000000008be4        0x4 zephyr/libzephyr.a(printk.c.obj)
                0x0000000000008be4                arch_printk_char_out
 .text.printk   0x0000000000008be8       0x1a zephyr/libzephyr.a(printk.c.obj)
                0x0000000000008be8                printk
 .text.free_space
                0x0000000000008c02       0x26 zephyr/libzephyr.a(mpsc_pbuf.c.obj)
 .text.get_usage
                0x0000000000008c28       0x22 zephyr/libzephyr.a(mpsc_pbuf.c.obj)
 .text.idx_inc  0x0000000000008c4a       0x1c zephyr/libzephyr.a(mpsc_pbuf.c.obj)
 .text.rd_idx_inc
                0x0000000000008c66       0x18 zephyr/libzephyr.a(mpsc_pbuf.c.obj)
 .text.add_skip_item
                0x0000000000008c7e       0x3a zephyr/libzephyr.a(mpsc_pbuf.c.obj)
 .text.drop_item_locked
                0x0000000000008cb8       0xee zephyr/libzephyr.a(mpsc_pbuf.c.obj)
 .text.post_drop_action
                0x0000000000008da6       0x36 zephyr/libzephyr.a(mpsc_pbuf.c.obj)
 .text.max_utilization_update
                0x0000000000008ddc       0x1a zephyr/libzephyr.a(mpsc_pbuf.c.obj)
 .text.mpsc_pbuf_init
                0x0000000000008df6       0x42 zephyr/libzephyr.a(mpsc_pbuf.c.obj)
                0x0000000000008df6                mpsc_pbuf_init
 .text.mpsc_pbuf_alloc
                0x0000000000008e38       0xf8 zephyr/libzephyr.a(mpsc_pbuf.c.obj)
                0x0000000000008e38                mpsc_pbuf_alloc
 .text.mpsc_pbuf_commit
                0x0000000000008f30       0x3e zephyr/libzephyr.a(mpsc_pbuf.c.obj)
                0x0000000000008f30                mpsc_pbuf_commit
 .text.mpsc_pbuf_claim
                0x0000000000008f6e       0xa8 zephyr/libzephyr.a(mpsc_pbuf.c.obj)
                0x0000000000008f6e                mpsc_pbuf_claim
 .text.mpsc_pbuf_free
                0x0000000000009016       0x76 zephyr/libzephyr.a(mpsc_pbuf.c.obj)
                0x0000000000009016                mpsc_pbuf_free
 .text.mpsc_pbuf_is_pending
                0x000000000000908c       0x1a zephyr/libzephyr.a(mpsc_pbuf.c.obj)
                0x000000000000908c                mpsc_pbuf_is_pending
 .text.process_recheck
                0x00000000000090a6       0x38 zephyr/libzephyr.a(onoff.c.obj)
 .text.validate_args
                0x00000000000090de       0x20 zephyr/libzephyr.a(onoff.c.obj)
 .text.notify_one
                0x00000000000090fe       0x2c zephyr/libzephyr.a(onoff.c.obj)
 .text.transition_complete
                0x000000000000912a       0x1a zephyr/libzephyr.a(onoff.c.obj)
 .text.onoff_manager_init
                0x0000000000009144       0x26 zephyr/libzephyr.a(onoff.c.obj)
                0x0000000000009144                onoff_manager_init
 .text.onoff_request
                0x000000000000916a       0xae zephyr/libzephyr.a(onoff.c.obj)
                0x000000000000916a                onoff_request
 .text.sys_notify_validate
                0x0000000000009218       0x22 zephyr/libzephyr.a(notify.c.obj)
                0x0000000000009218                sys_notify_validate
 .text.sys_notify_finalize
                0x000000000000923a       0x1a zephyr/libzephyr.a(notify.c.obj)
                0x000000000000923a                sys_notify_finalize
 .text._ConfigAbsSyms
                0x0000000000009254        0x2 zephyr/libzephyr.a(configs.c.obj)
                0x0000000000009254                _ConfigAbsSyms
 .text.log_msg_generic_get_wlen
                0x0000000000009256       0x20 zephyr/libzephyr.a(log_core.c.obj)
 .text.dummy_timestamp
                0x0000000000009276        0x4 zephyr/libzephyr.a(log_core.c.obj)
 .text.default_get_timestamp
                0x000000000000927a        0x4 zephyr/libzephyr.a(log_core.c.obj)
 .text.atomic_inc
                0x000000000000927e       0x1a zephyr/libzephyr.a(log_core.c.obj)
 .text.z_log_vprintk
                0x0000000000009298       0x1c zephyr/libzephyr.a(log_core.c.obj)
                0x0000000000009298                z_log_vprintk
 .text.z_log_notify_drop
                0x00000000000092b4        0x6 zephyr/libzephyr.a(log_core.c.obj)
 .text.z_log_get_tag
                0x00000000000092ba        0x4 zephyr/libzephyr.a(log_core.c.obj)
                0x00000000000092ba                z_log_get_tag
 .text.z_cbprintf_cpy
                0x00000000000092be       0x2c zephyr/libzephyr.a(log_msg.c.obj)
 .text.z_log_msg_finalize
                0x00000000000092ea       0x32 zephyr/libzephyr.a(log_msg.c.obj)
                0x00000000000092ea                z_log_msg_finalize
 .text.z_log_msg_simple_create
                0x000000000000931c       0x6e zephyr/libzephyr.a(log_msg.c.obj)
 .text.z_impl_z_log_msg_simple_create_0
                0x000000000000938a       0x12 zephyr/libzephyr.a(log_msg.c.obj)
                0x000000000000938a                z_impl_z_log_msg_simple_create_0
 .text.z_impl_z_log_msg_simple_create_1
                0x000000000000939c       0x14 zephyr/libzephyr.a(log_msg.c.obj)
                0x000000000000939c                z_impl_z_log_msg_simple_create_1
 .text.z_impl_z_log_msg_simple_create_2
                0x00000000000093b0       0x18 zephyr/libzephyr.a(log_msg.c.obj)
                0x00000000000093b0                z_impl_z_log_msg_simple_create_2
 .text.buffer_write
                0x00000000000093c8       0x1c zephyr/libzephyr.a(log_output.c.obj)
 .text.log_output_flush
                0x00000000000093e4       0x1a zephyr/libzephyr.a(log_output.c.obj)
                0x00000000000093e4                log_output_flush
 .text.out_func
                0x00000000000093fe       0x36 zephyr/libzephyr.a(log_output.c.obj)
 .text.cr_out_func
                0x0000000000009434       0x1c zephyr/libzephyr.a(log_output.c.obj)
 .text.log_output_msg_process
                0x0000000000009450       0x6a zephyr/libzephyr.a(log_output.c.obj)
                0x0000000000009450                log_output_msg_process
 .text.format_set
                0x00000000000094ba        0xc zephyr/libzephyr.a(log_backend_uart.c.obj)
 .text.log_backend_uart_init
                0x00000000000094c6        0xc zephyr/libzephyr.a(log_backend_uart.c.obj)
 .text.panic    0x00000000000094d2       0x10 zephyr/libzephyr.a(log_backend_uart.c.obj)
 .text.dropped  0x00000000000094e2        0xa zephyr/libzephyr.a(log_backend_uart.c.obj)
 .text.process  0x00000000000094ec       0x1e zephyr/libzephyr.a(log_backend_uart.c.obj)
 .text.z_do_kernel_oops
                0x000000000000950a        0x8 zephyr/arch/arch/arm/core/libarch__arm__core.a(fatal.c.obj)
                0x000000000000950a                z_do_kernel_oops
 .text.z_arm_nmi
                0x0000000000009512        0xe zephyr/arch/arch/arm/core/libarch__arm__core.a(nmi.c.obj)
                0x0000000000009512                z_arm_nmi
 .text.z_log_msg_simple_create_0.constprop.0
                0x0000000000009520        0x8 zephyr/arch/arch/arm/core/cortex_m/libarch__arm__core__cortex_m.a(fault.c.obj)
 .text.z_irq_spurious
                0x0000000000009528        0x8 zephyr/arch/arch/arm/core/cortex_m/libarch__arm__core__cortex_m.a(irq_manage.c.obj)
                0x0000000000009528                z_irq_spurious
 .text.arch_irq_unlock_outlined
                0x0000000000009530        0xe zephyr/arch/arch/arm/core/cortex_m/libarch__arm__core__cortex_m.a(thread.c.obj)
                0x0000000000009530                arch_irq_unlock_outlined
 .text.arch_cpu_idle
                0x000000000000953e       0x1a zephyr/arch/arch/arm/core/cortex_m/libarch__arm__core__cortex_m.a(cpu_idle.c.obj)
                0x000000000000953e                arch_cpu_idle
 .text.arch_cpu_atomic_idle
                0x0000000000009558       0x1e zephyr/arch/arch/arm/core/cortex_m/libarch__arm__core__cortex_m.a(cpu_idle.c.obj)
                0x0000000000009558                arch_cpu_atomic_idle
 .text.size_to_mpu_rasr_size
                0x0000000000009576       0x20 zephyr/arch/arch/arm/core/mpu/libarch__arm__core__mpu.a(arm_mpu.c.obj)
 .text.cbputc   0x0000000000009596        0xc zephyr/lib/libc/picolibc/liblib__libc__picolibc.a(libc-hooks.c.obj)
 .text.picolibc_put
                0x00000000000095a2        0xa zephyr/lib/libc/picolibc/liblib__libc__picolibc.a(libc-hooks.c.obj)
 .text.adc_context_on_timer_expired
                0x00000000000095ac       0x2e zephyr/drivers/adc/libdrivers__adc.a(adc_nrfx_saadc.c.obj)
 .text.get_status
                0x00000000000095da       0x12 zephyr/drivers/clock_control/libdrivers__clock_control.a(clock_control_nrf.c.obj)
 .text.stop     0x00000000000095ec       0x50 zephyr/drivers/clock_control/libdrivers__clock_control.a(clock_control_nrf.c.obj)
 .text.api_stop
                0x000000000000963c        0x6 zephyr/drivers/clock_control/libdrivers__clock_control.a(clock_control_nrf.c.obj)
 .text.async_start
                0x0000000000009642       0x5a zephyr/drivers/clock_control/libdrivers__clock_control.a(clock_control_nrf.c.obj)
 .text.api_start
                0x000000000000969c        0xe zephyr/drivers/clock_control/libdrivers__clock_control.a(clock_control_nrf.c.obj)
 .text.onoff_started_callback
                0x00000000000096aa       0x12 zephyr/drivers/clock_control/libdrivers__clock_control.a(clock_control_nrf.c.obj)
 .text.lfclk_start
                0x00000000000096bc        0x6 zephyr/drivers/clock_control/libdrivers__clock_control.a(clock_control_nrf.c.obj)
 .text.lfclk_stop
                0x00000000000096c2        0x6 zephyr/drivers/clock_control/libdrivers__clock_control.a(clock_control_nrf.c.obj)
 .text.blocking_start_callback
                0x00000000000096c8        0x6 zephyr/drivers/clock_control/libdrivers__clock_control.a(clock_control_nrf.c.obj)
 .text.gpio_nrfx_port_get_raw
                0x00000000000096ce        0xe zephyr/drivers/gpio/libdrivers__gpio.a(gpio_nrfx.c.obj)
 .text.gpio_nrfx_port_set_masked_raw
                0x00000000000096dc       0x18 zephyr/drivers/gpio/libdrivers__gpio.a(gpio_nrfx.c.obj)
 .text.gpio_nrfx_port_set_bits_raw
                0x00000000000096f4        0xc zephyr/drivers/gpio/libdrivers__gpio.a(gpio_nrfx.c.obj)
 .text.gpio_nrfx_port_clear_bits_raw
                0x0000000000009700        0xc zephyr/drivers/gpio/libdrivers__gpio.a(gpio_nrfx.c.obj)
 .text.gpio_nrfx_port_toggle_bits
                0x000000000000970c       0x1a zephyr/drivers/gpio/libdrivers__gpio.a(gpio_nrfx.c.obj)
 .text.gpio_nrfx_manage_callback
                0x0000000000009726       0x52 zephyr/drivers/gpio/libdrivers__gpio.a(gpio_nrfx.c.obj)
 .text.twi_0_init
                0x0000000000009778       0x40 zephyr/drivers/i2c/libdrivers__i2c.a(i2c_nrfx_twi.c.obj)
 .text.i2c_write_dt
                0x00000000000097b8       0x20 zephyr/drivers/led/libdrivers__led.a(ht16k33.c.obj)
 .text.ht16k33_led_off
                0x00000000000097d8        0x6 zephyr/drivers/led/libdrivers__led.a(ht16k33.c.obj)
 .text.ht16k33_led_on
                0x00000000000097de        0x6 zephyr/drivers/led/libdrivers__led.a(ht16k33.c.obj)
 .text.ht16k33_led_set_brightness
                0x00000000000097e4       0x40 zephyr/drivers/led/libdrivers__led.a(ht16k33.c.obj)
 .text.led_gpio_set_brightness
                0x0000000000009824       0x42 zephyr/drivers/led/libdrivers__led.a(led_gpio.c.obj)
 .text.led_gpio_on
                0x0000000000009866        0x6 zephyr/drivers/led/libdrivers__led.a(led_gpio.c.obj)
 .text.led_gpio_off
                0x000000000000986c        0x6 zephyr/drivers/led/libdrivers__led.a(led_gpio.c.obj)
 .text.pinctrl_lookup_state
                0x0000000000009872       0x26 zephyr/drivers/pinctrl/libdrivers__pinctrl.a(common.c.obj)
                0x0000000000009872                pinctrl_lookup_state
 .text.uarte_nrfx_err_check
                0x0000000000009898        0xe zephyr/drivers/serial/libdrivers__serial.a(uart_nrfx_uarte.c.obj)
 .text.uarte_nrfx_poll_in
                0x00000000000098a6       0x28 zephyr/drivers/serial/libdrivers__serial.a(uart_nrfx_uarte.c.obj)
 .text.is_tx_ready.isra.0
                0x00000000000098ce       0x20 zephyr/drivers/serial/libdrivers__serial.a(uart_nrfx_uarte.c.obj)
 .text.uarte_nrfx_isr_int
                0x00000000000098ee       0x6e zephyr/drivers/serial/libdrivers__serial.a(uart_nrfx_uarte.c.obj)
 .text.z_log_msg_simple_create_0
                0x000000000000995c        0x4 zephyr/drivers/spi/libdrivers__spi.a(spi_nrfx_spi.c.obj)
 .text.irq_connect1
                0x0000000000009960        0xa zephyr/drivers/spi/libdrivers__spi.a(spi_nrfx_spi.c.obj)
 .text.spi_context_get_next_buf.constprop.0
                0x000000000000996a       0x26 zephyr/drivers/spi/libdrivers__spi.a(spi_nrfx_spi.c.obj)
 .text.gpio_pin_set_dt.isra.0
                0x0000000000009990       0x28 zephyr/drivers/spi/libdrivers__spi.a(spi_nrfx_spi.c.obj)
 .text.spi_context_unlock_unconditionally
                0x00000000000099b8       0x30 zephyr/drivers/spi/libdrivers__spi.a(spi_nrfx_spi.c.obj)
 .text.spi_nrfx_release
                0x00000000000099e8       0x24 zephyr/drivers/spi/libdrivers__spi.a(spi_nrfx_spi.c.obj)
 .text.spi_nrfx_wake_request
                0x0000000000009a0c       0x50 zephyr/drivers/spi/libdrivers__spi.a(spi_nrfx_common.c.obj)
                0x0000000000009a0c                spi_nrfx_wake_request
 .text.event_clear
                0x0000000000009a5c       0x18 zephyr/drivers/timer/libdrivers__timer.a(nrf_rtc_timer.c.obj)
 .text.sys_clock_cycle_get_32
                0x0000000000009a74        0x8 zephyr/drivers/timer/libdrivers__timer.a(nrf_rtc_timer.c.obj)
                0x0000000000009a74                sys_clock_cycle_get_32
 .text.nrfx_isr
                0x0000000000009a7c        0x2 modules/hal_nordic/nrfx/libmodules__hal_nordic__nrfx.a(nrfx_glue.c.obj)
                0x0000000000009a7c                nrfx_isr
 .text.nrfx_busy_wait
                0x0000000000009a7e        0x4 modules/hal_nordic/nrfx/libmodules__hal_nordic__nrfx.a(nrfx_glue.c.obj)
                0x0000000000009a7e                nrfx_busy_wait
 .text.nrfx_gppi_channel_endpoints_setup
                0x0000000000009a82       0x14 modules/hal_nordic/nrfx/libmodules__hal_nordic__nrfx.a(nrfx_gppi_ppi.c.obj)
                0x0000000000009a82                nrfx_gppi_channel_endpoints_setup
 .text.nrfx_clock_stop
                0x0000000000009a96        0x4 modules/hal_nordic/nrfx/libmodules__hal_nordic__nrfx.a(nrfx_clock.c.obj)
                0x0000000000009a96                nrfx_clock_stop
 .text.nrf_gpio_reconfigure
                0x0000000000009a9a       0x92 modules/hal_nordic/nrfx/libmodules__hal_nordic__nrfx.a(nrfx_gpiote.c.obj)
 .text.nrf_gpio_cfg_sense_set
                0x0000000000009b2c       0x1e modules/hal_nordic/nrfx/libmodules__hal_nordic__nrfx.a(nrfx_gpiote.c.obj)
 .text.pin_in_event_get.isra.0
                0x0000000000009b4a       0x22 modules/hal_nordic/nrfx/libmodules__hal_nordic__nrfx.a(nrfx_gpiote.c.obj)
 .text.pin_trigger_disable
                0x0000000000009b6c       0x48 modules/hal_nordic/nrfx/libmodules__hal_nordic__nrfx.a(nrfx_gpiote.c.obj)
 .text.nrfx_gpiote_pin_uninit
                0x0000000000009bb4        0x4 modules/hal_nordic/nrfx/libmodules__hal_nordic__nrfx.a(nrfx_gpiote.c.obj)
                0x0000000000009bb4                nrfx_gpiote_pin_uninit
 .text.nrfx_gpiote_trigger_disable
                0x0000000000009bb8        0x4 modules/hal_nordic/nrfx/libmodules__hal_nordic__nrfx.a(nrfx_gpiote.c.obj)
                0x0000000000009bb8                nrfx_gpiote_trigger_disable
 .text.nrfx_gpiote_in_event_get
                0x0000000000009bbc        0x6 modules/hal_nordic/nrfx/libmodules__hal_nordic__nrfx.a(nrfx_gpiote.c.obj)
                0x0000000000009bbc                nrfx_gpiote_in_event_get
 .text.nrf_gpio_pin_set
                0x0000000000009bc2       0x1a modules/hal_nordic/nrfx/libmodules__hal_nordic__nrfx.a(nrfx_spi.c.obj)
 .text.nrf_gpio_pin_clear
                0x0000000000009bdc       0x1a modules/hal_nordic/nrfx/libmodules__hal_nordic__nrfx.a(nrfx_spi.c.obj)
 .text.transfer_byte
                0x0000000000009bf6       0x66 modules/hal_nordic/nrfx/libmodules__hal_nordic__nrfx.a(nrfx_spi.c.obj)
 .text.twi_transfer
                0x0000000000009c5c      0x130 modules/hal_nordic/nrfx/libmodules__hal_nordic__nrfx.a(nrfx_twi.c.obj)
 .text.nrf_gpio_pin_set
                0x0000000000009d8c       0x1a modules/hal_nordic/nrfx/libmodules__hal_nordic__nrfx.a(nrfx_twi_twim.c.obj)
 .text.SEGGER_RTT_Init
                0x0000000000009da6        0x4 modules/segger/libmodules__segger.a(SEGGER_RTT.c.obj)
                0x0000000000009da6                SEGGER_RTT_Init
 .text.rtt_init
                0x0000000000009daa        0xa modules/segger/libmodules__segger.a(SEGGER_RTT_zephyr.c.obj)
 .text.z_impl_k_busy_wait
                0x0000000000009db4        0x8 zephyr/kernel/libkernel.a(busy_wait.c.obj)
                0x0000000000009db4                z_impl_k_busy_wait
 .text.z_device_state_init
                0x0000000000009dbc        0x2 zephyr/kernel/libkernel.a(device.c.obj)
                0x0000000000009dbc                z_device_state_init
 .text.z_impl_device_is_ready
                0x0000000000009dbe       0x16 zephyr/kernel/libkernel.a(device.c.obj)
                0x0000000000009dbe                z_impl_device_is_ready
 .text.arch_system_halt
                0x0000000000009dd4       0x10 zephyr/kernel/libkernel.a(fatal.c.obj)
                0x0000000000009dd4                arch_system_halt
 .text.do_device_init
                0x0000000000009de4       0x30 zephyr/kernel/libkernel.a(init.c.obj)
 .text.z_early_memset
                0x0000000000009e14        0x4 zephyr/kernel/libkernel.a(init.c.obj)
                0x0000000000009e14                z_early_memset
 .text.z_early_memcpy
                0x0000000000009e18        0x4 zephyr/kernel/libkernel.a(init.c.obj)
                0x0000000000009e18                z_early_memcpy
 .text.idle     0x0000000000009e1c       0x16 zephyr/kernel/libkernel.a(idle.c.obj)
                0x0000000000009e1c                idle
 .text.adjust_owner_prio.isra.0
                0x0000000000009e32       0x10 zephyr/kernel/libkernel.a(mutex.c.obj)
 .text.z_impl_k_sem_init
                0x0000000000009e42       0x18 zephyr/kernel/libkernel.a(sem.c.obj)
                0x0000000000009e42                z_impl_k_sem_init
 .text.flag_test_and_clear
                0x0000000000009e5a       0x16 zephyr/kernel/libkernel.a(work.c.obj)
 .text.notify_queue_locked.isra.0
                0x0000000000009e70        0xe zephyr/kernel/libkernel.a(work.c.obj)
 .text.k_work_init
                0x0000000000009e7e       0x12 zephyr/kernel/libkernel.a(work.c.obj)
                0x0000000000009e7e                k_work_init
 .text.z_work_submit_to_queue
                0x0000000000009e90       0x26 zephyr/kernel/libkernel.a(work.c.obj)
                0x0000000000009e90                z_work_submit_to_queue
 .text.k_work_submit_to_queue
                0x0000000000009eb6       0x20 zephyr/kernel/libkernel.a(work.c.obj)
                0x0000000000009eb6                k_work_submit_to_queue
 .text.k_is_in_isr
                0x0000000000009ed6        0xc zephyr/kernel/libkernel.a(thread.c.obj)
                0x0000000000009ed6                k_is_in_isr
 .text.z_impl_k_thread_name_set
                0x0000000000009ee2        0x6 zephyr/kernel/libkernel.a(thread.c.obj)
                0x0000000000009ee2                z_impl_k_thread_name_set
 .text.k_thread_name_get
                0x0000000000009ee8        0x4 zephyr/kernel/libkernel.a(thread.c.obj)
                0x0000000000009ee8                k_thread_name_get
 .text.z_impl_k_thread_start
                0x0000000000009eec        0x4 zephyr/kernel/libkernel.a(thread.c.obj)
                0x0000000000009eec                z_impl_k_thread_start
 .text.sys_dlist_remove
                0x0000000000009ef0       0x10 zephyr/kernel/libkernel.a(sched.c.obj)
 .text.unpend_thread_no_timeout
                0x0000000000009f00       0x14 zephyr/kernel/libkernel.a(sched.c.obj)
 .text.add_to_waitq_locked
                0x0000000000009f14       0x50 zephyr/kernel/libkernel.a(sched.c.obj)
 .text.z_ready_thread
                0x0000000000009f64       0x1e zephyr/kernel/libkernel.a(sched.c.obj)
                0x0000000000009f64                z_ready_thread
 .text.z_impl_k_thread_suspend
                0x0000000000009f82       0x34 zephyr/kernel/libkernel.a(sched.c.obj)
                0x0000000000009f82                z_impl_k_thread_suspend
 .text.z_unpend_thread_no_timeout
                0x0000000000009fb6       0x22 zephyr/kernel/libkernel.a(sched.c.obj)
                0x0000000000009fb6                z_unpend_thread_no_timeout
 .text.z_sched_wake_thread
                0x0000000000009fd8       0x42 zephyr/kernel/libkernel.a(sched.c.obj)
                0x0000000000009fd8                z_sched_wake_thread
 .text.z_thread_timeout
                0x000000000000a01a        0x8 zephyr/kernel/libkernel.a(sched.c.obj)
                0x000000000000a01a                z_thread_timeout
 .text.z_unpend1_no_timeout
                0x000000000000a022       0x2c zephyr/kernel/libkernel.a(sched.c.obj)
                0x000000000000a022                z_unpend1_no_timeout
 .text.z_unpend_first_thread
                0x000000000000a04e       0x36 zephyr/kernel/libkernel.a(sched.c.obj)
                0x000000000000a04e                z_unpend_first_thread
 .text.z_thread_abort
                0x000000000000a084       0x44 zephyr/kernel/libkernel.a(sched.c.obj)
                0x000000000000a084                z_thread_abort
 .text.z_sched_wake
                0x000000000000a0c8       0x44 zephyr/kernel/libkernel.a(sched.c.obj)
                0x000000000000a0c8                z_sched_wake
 .text.z_abort_timeout
                0x000000000000a10c       0x2a zephyr/kernel/libkernel.a(timeout.c.obj)
                0x000000000000a10c                z_abort_timeout
 .text.sys_clock_tick_get_32
                0x000000000000a136        0x8 zephyr/kernel/libkernel.a(timeout.c.obj)
                0x000000000000a136                sys_clock_tick_get_32
 .text.z_impl_k_uptime_ticks
                0x000000000000a13e        0x4 zephyr/kernel/libkernel.a(timeout.c.obj)
                0x000000000000a13e                z_impl_k_uptime_ticks
 .text.k_timer_init
                0x000000000000a142       0x18 zephyr/kernel/libkernel.a(timer.c.obj)
                0x000000000000a142                k_timer_init
 .text.z_impl_k_timer_stop
                0x000000000000a15a       0x38 zephyr/kernel/libkernel.a(timer.c.obj)
                0x000000000000a15a                z_impl_k_timer_stop
 .text._OffsetAbsSyms
                0x000000000000a192        0x2 zephyr/CMakeFiles/offsets.dir/./arch/arm/core/offsets/offsets.c.obj
                0x000000000000a192                _OffsetAbsSyms
 .text.strnlen  0x000000000000a194       0x18 c:\ncs\toolchains\c57af46cb7\opt\zephyr-sdk\arm-zephyr-eabi\bin\../lib/gcc/../../picolibc/arm-zephyr-eabi/lib/thumb/v7e-m/nofp\libc.a(libc_string_strnlen.c.o)
                0x000000000000a194                strnlen
 .text.__ultoa_invert
                0x000000000000a1ac       0x58 c:\ncs\toolchains\c57af46cb7\opt\zephyr-sdk\arm-zephyr-eabi\bin\../lib/gcc/../../picolibc/arm-zephyr-eabi/lib/thumb/v7e-m/nofp\libc.a(libc_tinystdio_vfprintf.c.o)
 .text.mulShiftAll64
                0x000000000000a204      0x176 c:\ncs\toolchains\c57af46cb7\opt\zephyr-sdk\arm-zephyr-eabi\bin\../lib/gcc/../../picolibc/arm-zephyr-eabi/lib/thumb/v7e-m/nofp\libc.a(libc_tinystdio_dtoa_ryu.c.o)
 .text.__umul128
                0x000000000000a37a       0x36 c:\ncs\toolchains\c57af46cb7\opt\zephyr-sdk\arm-zephyr-eabi\bin\../lib/gcc/../../picolibc/arm-zephyr-eabi/lib/thumb/v7e-m/nofp\libc.a(libc_tinystdio_ryu_umul128.c.o)
                0x000000000000a37a                __umul128
 .text.__shiftright128
                0x000000000000a3b0       0x3e c:\ncs\toolchains\c57af46cb7\opt\zephyr-sdk\arm-zephyr-eabi\bin\../lib/gcc/../../picolibc/arm-zephyr-eabi/lib/thumb/v7e-m/nofp\libc.a(libc_tinystdio_ryu_umul128.c.o)
                0x000000000000a3b0                __shiftright128
 .text.memcpy   0x000000000000a3ee       0x1c c:\ncs\toolchains\c57af46cb7\opt\zephyr-sdk\arm-zephyr-eabi\bin\../lib/gcc/../../picolibc/arm-zephyr-eabi/lib/thumb/v7e-m/nofp\libc.a(memcpy.c.o)
                0x000000000000a3ee                __aeabi_memcpy
                0x000000000000a3ee                __aeabi_memcpy4
                0x000000000000a3ee                __aeabi_memcpy8
                0x000000000000a3ee                memcpy
 .text.memset   0x000000000000a40a       0x10 c:\ncs\toolchains\c57af46cb7\opt\zephyr-sdk\arm-zephyr-eabi\bin\../lib/gcc/../../picolibc/arm-zephyr-eabi/lib/thumb/v7e-m/nofp\libc.a(memset.c.o)
                0x000000000000a40a                memset
 .text.__file_str_put
                0x000000000000a41a       0x10 c:\ncs\toolchains\c57af46cb7\opt\zephyr-sdk\arm-zephyr-eabi\bin\../lib/gcc/../../picolibc/arm-zephyr-eabi/lib/thumb/v7e-m/nofp\libc.a(libc_tinystdio_filestrput.c.o)
                0x000000000000a41a                __file_str_put
 *(SORT_BY_ALIGNMENT(.TEXT.*))
 *fill*         0x000000000000a42a        0x2 
 .TEXT.__aeabi_read_tp
                0x000000000000a42c        0xc zephyr/arch/arch/arm/core/cortex_m/libarch__arm__core__cortex_m.a(__aeabi_read_tp.S.obj)
                0x000000000000a42c                __aeabi_read_tp
 *(SORT_BY_ALIGNMENT(.gnu.linkonce.t.*))
 *(SORT_BY_ALIGNMENT(.glue_7t))
 .glue_7t       0x000000000000a438        0x0 linker stubs
 *(SORT_BY_ALIGNMENT(.glue_7))
 .glue_7        0x000000000000a438        0x0 linker stubs
 *(SORT_BY_ALIGNMENT(.vfp11_veneer))
 .vfp11_veneer  0x000000000000a438        0x0 linker stubs
 *(SORT_BY_ALIGNMENT(.v4_bx))
 .v4_bx         0x000000000000a438        0x0 linker stubs
                0x000000000000a438                . = ALIGN (0x4)
                0x000000000000a438                __text_region_end = .

.ARM.exidx      0x000000000000a438        0x8
                0x000000000000a438                __exidx_start = .
 *(SORT_BY_ALIGNMENT(.ARM.exidx*) SORT_BY_ALIGNMENT(gnu.linkonce.armexidx.*))
 .ARM.exidx     0x000000000000a438        0x8 c:/ncs/toolchains/c57af46cb7/opt/zephyr-sdk/arm-zephyr-eabi/bin/../lib/gcc/arm-zephyr-eabi/12.2.0/thumb/v7e-m/nofp\libgcc.a(_udivmoddi4.o)
                0x000000000000a440                __exidx_end = .
                0x000000000000a440                __rodata_region_start = .

initlevel       0x000000000000a440       0x80
                0x000000000000a440                __init_start = .
                0x000000000000a440                __init_EARLY_start = .
 *(SORT_BY_NAME(SORT_BY_ALIGNMENT(.z_init_EARLY?_*)))
 *(SORT_BY_NAME(SORT_BY_ALIGNMENT(.z_init_EARLY??_*)))
                0x000000000000a440                __init_PRE_KERNEL_1_start = .
 *(SORT_BY_NAME(SORT_BY_ALIGNMENT(.z_init_PRE_KERNEL_1?_*)))
 .z_init_PRE_KERNEL_10_0_
                0x000000000000a440        0x8 zephyr/soc/soc/nrf52840/libsoc__nordic.a(soc.c.obj)
 *(SORT_BY_NAME(SORT_BY_ALIGNMENT(.z_init_PRE_KERNEL_1??_*)))
 .z_init_PRE_KERNEL_130_00080_
                0x000000000000a448        0x8 zephyr/drivers/clock_control/libdrivers__clock_control.a(clock_control_nrf.c.obj)
 .z_init_PRE_KERNEL_130_0_
                0x000000000000a450        0x8 modules/segger/libmodules__segger.a(SEGGER_RTT_zephyr.c.obj)
 .z_init_PRE_KERNEL_140_00013_
                0x000000000000a458        0x8 zephyr/drivers/gpio/libdrivers__gpio.a(gpio_nrfx.c.obj)
 .z_init_PRE_KERNEL_140_00022_
                0x000000000000a460        0x8 zephyr/drivers/gpio/libdrivers__gpio.a(gpio_nrfx.c.obj)
 .z_init_PRE_KERNEL_150_00116_
                0x000000000000a468        0x8 zephyr/drivers/serial/libdrivers__serial.a(uart_nrfx_uarte.c.obj)
 .z_init_PRE_KERNEL_160_0_
                0x000000000000a470        0x8 zephyr/drivers/console/libdrivers__console.a(uart_console.c.obj)
                0x000000000000a478                __init_PRE_KERNEL_2_start = .
 *(SORT_BY_NAME(SORT_BY_ALIGNMENT(.z_init_PRE_KERNEL_2?_*)))
 .z_init_PRE_KERNEL_20_0_
                0x000000000000a478        0x8 zephyr/drivers/timer/libdrivers__timer.a(nrf_rtc_timer.c.obj)
 *(SORT_BY_NAME(SORT_BY_ALIGNMENT(.z_init_PRE_KERNEL_2??_*)))
                0x000000000000a480                __init_POST_KERNEL_start = .
 *(SORT_BY_NAME(SORT_BY_ALIGNMENT(.z_init_POST_KERNEL?_*)))
 .z_init_POST_KERNEL0_0_
                0x000000000000a480        0x8 zephyr/libzephyr.a(log_core.c.obj)
 *(SORT_BY_NAME(SORT_BY_ALIGNMENT(.z_init_POST_KERNEL??_*)))
 .z_init_POST_KERNEL40_0_
                0x000000000000a488        0x8 zephyr/lib/libc/common/liblib__libc__common.a(malloc.c.obj)
 .z_init_POST_KERNEL40_0_
                0x000000000000a490        0x8 zephyr/kernel/libkernel.a(system_work_q.c.obj)
 .z_init_POST_KERNEL50_00010_
                0x000000000000a498        0x8 zephyr/drivers/adc/libdrivers__adc.a(adc_nrfx_saadc.c.obj)
 .z_init_POST_KERNEL50_00107_
                0x000000000000a4a0        0x8 zephyr/drivers/spi/libdrivers__spi.a(spi_nrfx_spi.c.obj)
 .z_init_POST_KERNEL50_00130_
                0x000000000000a4a8        0x8 zephyr/drivers/i2c/libdrivers__i2c.a(i2c_nrfx_twi.c.obj)
 .z_init_POST_KERNEL90_00026_
                0x000000000000a4b0        0x8 zephyr/drivers/led/libdrivers__led.a(led_gpio.c.obj)
 .z_init_POST_KERNEL90_00131_
                0x000000000000a4b8        0x8 zephyr/drivers/led/libdrivers__led.a(ht16k33.c.obj)
                0x000000000000a4c0                __init_APPLICATION_start = .
 *(SORT_BY_NAME(SORT_BY_ALIGNMENT(.z_init_APPLICATION?_*)))
 *(SORT_BY_NAME(SORT_BY_ALIGNMENT(.z_init_APPLICATION??_*)))
                0x000000000000a4c0                __init_SMP_start = .
 *(SORT_BY_NAME(SORT_BY_ALIGNMENT(.z_init_SMP?_*)))
 *(SORT_BY_NAME(SORT_BY_ALIGNMENT(.z_init_SMP??_*)))
                0x000000000000a4c0                __init_end = .
                0x000000000000a4c0                __deferred_init_list_start = .
 *(SORT_BY_ALIGNMENT(.z_deferred_init))
                0x000000000000a4c0                __deferred_init_list_end = .

device_area     0x000000000000a4c0       0xb4
                0x000000000000a4c0                _device_list_start = .
 *(SORT_BY_NAME(SORT_BY_ALIGNMENT(._device.static.*_?_*)))
 *(SORT_BY_NAME(SORT_BY_ALIGNMENT(._device.static.*_??_*)))
 ._device.static.1_30_
                0x000000000000a4c0       0x14 zephyr/drivers/clock_control/libdrivers__clock_control.a(clock_control_nrf.c.obj)
                0x000000000000a4c0                __device_dts_ord_80
 ._device.static.1_40_
                0x000000000000a4d4       0x28 zephyr/drivers/gpio/libdrivers__gpio.a(gpio_nrfx.c.obj)
                0x000000000000a4d4                __device_dts_ord_22
                0x000000000000a4e8                __device_dts_ord_13
 ._device.static.1_50_
                0x000000000000a4fc       0x14 zephyr/drivers/serial/libdrivers__serial.a(uart_nrfx_uarte.c.obj)
                0x000000000000a4fc                __device_dts_ord_116
 ._device.static.3_50_
                0x000000000000a510       0x14 zephyr/drivers/adc/libdrivers__adc.a(adc_nrfx_saadc.c.obj)
                0x000000000000a510                __device_dts_ord_10
 ._device.static.3_50_
                0x000000000000a524       0x14 zephyr/drivers/i2c/libdrivers__i2c.a(i2c_nrfx_twi.c.obj)
                0x000000000000a524                __device_dts_ord_130
 ._device.static.3_50_
                0x000000000000a538       0x14 zephyr/drivers/spi/libdrivers__spi.a(spi_nrfx_spi.c.obj)
                0x000000000000a538                __device_dts_ord_107
 ._device.static.3_90_
                0x000000000000a54c       0x14 zephyr/drivers/led/libdrivers__led.a(ht16k33.c.obj)
                0x000000000000a54c                __device_dts_ord_131
 ._device.static.3_90_
                0x000000000000a560       0x14 zephyr/drivers/led/libdrivers__led.a(led_gpio.c.obj)
                0x000000000000a560                __device_dts_ord_26
                0x000000000000a574                _device_list_end = .

sw_isr_table    0x000000000000a574      0x180
                0x000000000000a574                . = ALIGN (0x4)
 *(SORT_BY_ALIGNMENT(.gnu.linkonce.sw_isr_table*))
 .gnu.linkonce.sw_isr_table
                0x000000000000a574      0x180 zephyr/CMakeFiles/zephyr_final.dir/isr_tables.c.obj
                0x000000000000a574                _sw_isr_table

initlevel_error
                0x000000000000a440        0x0
 *(SORT_BY_NAME(SORT_BY_ALIGNMENT(.z_init_[_A-Z0-9]*)))
                0x0000000000000001                ASSERT ((SIZEOF (initlevel_error) == 0x0), Undefined initialization levels used.)

app_shmem_regions
                0x000000000000a6f4        0x0
                0x000000000000a6f4                __app_shmem_regions_start = .
 *(SORT_BY_NAME(SORT_BY_ALIGNMENT(.app_regions.*)))
                0x000000000000a6f4                __app_shmem_regions_end = .

k_p4wq_initparam_area
                0x000000000000a6f4        0x0
                0x000000000000a6f4                _k_p4wq_initparam_list_start = .
 *(SORT_BY_NAME(SORT_BY_ALIGNMENT(._k_p4wq_initparam.static.*)))
                0x000000000000a6f4                _k_p4wq_initparam_list_end = .

_static_thread_data_area
                0x000000000000a6f4        0x0
                0x000000000000a6f4                __static_thread_data_list_start = .
 *(SORT_BY_NAME(SORT_BY_ALIGNMENT(.__static_thread_data.static.*)))
                0x000000000000a6f4                __static_thread_data_list_end = .

device_deps     0x000000000000a6f4        0x0
                0x000000000000a6f4                __device_deps_start = .
 *(SORT_BY_NAME(SORT_BY_ALIGNMENT(.__device_deps_pass2*)))
                0x000000000000a6f4                __device_deps_end = .

ztest           0x000000000000a6f4        0x0
                0x000000000000a6f4                _ztest_expected_result_entry_list_start = .
 *(SORT_BY_NAME(SORT_BY_ALIGNMENT(._ztest_expected_result_entry.static.*)))
                0x000000000000a6f4                _ztest_expected_result_entry_list_end = .
                0x000000000000a6f4                _ztest_suite_node_list_start = .
 *(SORT_BY_NAME(SORT_BY_ALIGNMENT(._ztest_suite_node.static.*)))
                0x000000000000a6f4                _ztest_suite_node_list_end = .
                0x000000000000a6f4                _ztest_unit_test_list_start = .
 *(SORT_BY_NAME(SORT_BY_ALIGNMENT(._ztest_unit_test.static.*)))
                0x000000000000a6f4                _ztest_unit_test_list_end = .
                0x000000000000a6f4                _ztest_test_rule_list_start = .
 *(SORT_BY_NAME(SORT_BY_ALIGNMENT(._ztest_test_rule.static.*)))
                0x000000000000a6f4                _ztest_test_rule_list_end = .

bt_l2cap_fixed_chan_area
                0x000000000000a6f4        0x0
                0x000000000000a6f4                _bt_l2cap_fixed_chan_list_start = .
 *(SORT_BY_NAME(SORT_BY_ALIGNMENT(._bt_l2cap_fixed_chan.static.*)))
                0x000000000000a6f4                _bt_l2cap_fixed_chan_list_end = .

bt_gatt_service_static_area
                0x000000000000a6f4        0x0
                0x000000000000a6f4                _bt_gatt_service_static_list_start = .
 *(SORT_BY_NAME(SORT_BY_ALIGNMENT(._bt_gatt_service_static.static.*)))
                0x000000000000a6f4                _bt_gatt_service_static_list_end = .

log_strings_area
                0x000000000000a6f4        0x0
                0x000000000000a6f4                _log_strings_list_start = .
 *(SORT_BY_NAME(SORT_BY_ALIGNMENT(._log_strings.static.*)))
                0x000000000000a6f4                _log_strings_list_end = .

log_const_area  0x000000000000a6f4       0x78
                0x000000000000a6f4                _log_const_list_start = .
 *(SORT_BY_NAME(SORT_BY_ALIGNMENT(._log_const.static.*)))
 ._log_const.static.log_const_adc_nrfx_saadc_
                0x000000000000a6f4        0x8 zephyr/drivers/adc/libdrivers__adc.a(adc_nrfx_saadc.c.obj)
                0x000000000000a6f4                log_const_adc_nrfx_saadc
 ._log_const.static.log_const_cbprintf_package_
                0x000000000000a6fc        0x8 zephyr/libzephyr.a(cbprintf_packaged.c.obj)
                0x000000000000a6fc                log_const_cbprintf_package
 ._log_const.static.log_const_clock_control_
                0x000000000000a704        0x8 zephyr/drivers/clock_control/libdrivers__clock_control.a(clock_control_nrf.c.obj)
                0x000000000000a704                log_const_clock_control
 ._log_const.static.log_const_ht16k33_
                0x000000000000a70c        0x8 zephyr/drivers/led/libdrivers__led.a(ht16k33.c.obj)
                0x000000000000a70c                log_const_ht16k33
 ._log_const.static.log_const_i2c_
                0x000000000000a714        0x8 zephyr/drivers/i2c/libdrivers__i2c.a(i2c_common.c.obj)
                0x000000000000a714                log_const_i2c
 ._log_const.static.log_const_i2c_nrfx_twi_
                0x000000000000a71c        0x8 zephyr/drivers/i2c/libdrivers__i2c.a(i2c_nrfx_twi.c.obj)
                0x000000000000a71c                log_const_i2c_nrfx_twi
 ._log_const.static.log_const_led_gpio_
                0x000000000000a724        0x8 zephyr/drivers/led/libdrivers__led.a(led_gpio.c.obj)
                0x000000000000a724                log_const_led_gpio
 ._log_const.static.log_const_log_
                0x000000000000a72c        0x8 zephyr/libzephyr.a(log_core.c.obj)
                0x000000000000a72c                log_const_log
 ._log_const.static.log_const_log_mgmt_
                0x000000000000a734        0x8 zephyr/libzephyr.a(log_mgmt.c.obj)
                0x000000000000a734                log_const_log_mgmt
 ._log_const.static.log_const_log_uart_
                0x000000000000a73c        0x8 zephyr/libzephyr.a(log_backend_uart.c.obj)
                0x000000000000a73c                log_const_log_uart
 ._log_const.static.log_const_mpu_
                0x000000000000a744        0x8 zephyr/arch/arch/arm/core/mpu/libarch__arm__core__mpu.a(arm_core_mpu.c.obj)
                0x000000000000a744                log_const_mpu
 ._log_const.static.log_const_os_
                0x000000000000a74c        0x8 zephyr/kernel/libkernel.a(init.c.obj)
                0x000000000000a74c                log_const_os
 ._log_const.static.log_const_soc_
                0x000000000000a754        0x8 zephyr/soc/soc/nrf52840/libsoc__nordic.a(soc.c.obj)
                0x000000000000a754                log_const_soc
 ._log_const.static.log_const_spi_nrfx_spi_
                0x000000000000a75c        0x8 zephyr/drivers/spi/libdrivers__spi.a(spi_nrfx_spi.c.obj)
                0x000000000000a75c                log_const_spi_nrfx_spi
 ._log_const.static.log_const_uart_nrfx_uarte_
                0x000000000000a764        0x8 zephyr/drivers/serial/libdrivers__serial.a(uart_nrfx_uarte.c.obj)
                0x000000000000a764                log_const_uart_nrfx_uarte
                0x000000000000a76c                _log_const_list_end = .

log_backend_area
                0x000000000000a76c       0x20
                0x000000000000a76c                _log_backend_list_start = .
 *(SORT_BY_NAME(SORT_BY_ALIGNMENT(._log_backend.static.*)))
 ._log_backend.static.log_backend_rtt_
                0x000000000000a76c       0x10 zephyr/libzephyr.a(log_backend_rtt.c.obj)
 ._log_backend.static.log_backend_uart_
                0x000000000000a77c       0x10 zephyr/libzephyr.a(log_backend_uart.c.obj)
                0x000000000000a78c                _log_backend_list_end = .

log_link_area   0x000000000000a78c        0x0
                0x000000000000a78c                _log_link_list_start = .
 *(SORT_BY_NAME(SORT_BY_ALIGNMENT(._log_link.static.*)))
                0x000000000000a78c                _log_link_list_end = .

tracing_backend_area
                0x000000000000a78c        0x0
                0x000000000000a78c                _tracing_backend_list_start = .
 *(SORT_BY_NAME(SORT_BY_ALIGNMENT(._tracing_backend.static.*)))
                0x000000000000a78c                _tracing_backend_list_end = .

zephyr_dbg_info
 *(SORT_BY_ALIGNMENT(.dbg_thread_info))

intc_table_area
                0x000000000000a78c        0x0
                0x000000000000a78c                _intc_table_list_start = .
 *(SORT_BY_NAME(SORT_BY_ALIGNMENT(._intc_table.static.*)))
                0x000000000000a78c                _intc_table_list_end = .

symbol_to_keep  0x000000000000a78c        0x0
                0x000000000000a78c                __symbol_to_keep_start = .
 *(SORT_BY_NAME(SORT_BY_ALIGNMENT(.symbol_to_keep*)))
                0x000000000000a78c                __symbol_to_keep_end = .

shell_area      0x000000000000a78c        0x0
                0x000000000000a78c                _shell_list_start = .